Archive member included to satisfy reference by file (symbol)

c:/mounriver/mrs_community/toolchain/risc-v embedded gcc/bin/../lib/gcc/riscv-none-embed/8.2.0/rv32imac/ilp32\libgcc.a(save-restore.o)
                              ./user_libs/ch32v203_usbfsd_cdc.o (__riscv_save_10)
c:/mounriver/mrs_community/toolchain/risc-v embedded gcc/bin/../lib/gcc/riscv-none-embed/8.2.0/../../../../riscv-none-embed/lib/rv32imac/ilp32\libg_nano.a(lib_a-printf.o)
                              ./User/main.o (printf)
c:/mounriver/mrs_community/toolchain/risc-v embedded gcc/bin/../lib/gcc/riscv-none-embed/8.2.0/../../../../riscv-none-embed/lib/rv32imac/ilp32\libg_nano.a(lib_a-puts.o)
                              ./User/main.o (puts)
c:/mounriver/mrs_community/toolchain/risc-v embedded gcc/bin/../lib/gcc/riscv-none-embed/8.2.0/../../../../riscv-none-embed/lib/rv32imac/ilp32\libg_nano.a(lib_a-wbuf.o)
                              c:/mounriver/mrs_community/toolchain/risc-v embedded gcc/bin/../lib/gcc/riscv-none-embed/8.2.0/../../../../riscv-none-embed/lib/rv32imac/ilp32\libg_nano.a(lib_a-puts.o) (__swbuf_r)
c:/mounriver/mrs_community/toolchain/risc-v embedded gcc/bin/../lib/gcc/riscv-none-embed/8.2.0/../../../../riscv-none-embed/lib/rv32imac/ilp32\libg_nano.a(lib_a-wsetup.o)
                              c:/mounriver/mrs_community/toolchain/risc-v embedded gcc/bin/../lib/gcc/riscv-none-embed/8.2.0/../../../../riscv-none-embed/lib/rv32imac/ilp32\libg_nano.a(lib_a-puts.o) (__swsetup_r)
c:/mounriver/mrs_community/toolchain/risc-v embedded gcc/bin/../lib/gcc/riscv-none-embed/8.2.0/../../../../riscv-none-embed/lib/rv32imac/ilp32\libg_nano.a(lib_a-fflush.o)
                              c:/mounriver/mrs_community/toolchain/risc-v embedded gcc/bin/../lib/gcc/riscv-none-embed/8.2.0/../../../../riscv-none-embed/lib/rv32imac/ilp32\libg_nano.a(lib_a-wbuf.o) (_fflush_r)
c:/mounriver/mrs_community/toolchain/risc-v embedded gcc/bin/../lib/gcc/riscv-none-embed/8.2.0/../../../../riscv-none-embed/lib/rv32imac/ilp32\libg_nano.a(lib_a-findfp.o)
                              c:/mounriver/mrs_community/toolchain/risc-v embedded gcc/bin/../lib/gcc/riscv-none-embed/8.2.0/../../../../riscv-none-embed/lib/rv32imac/ilp32\libg_nano.a(lib_a-printf.o) (__sinit)
c:/mounriver/mrs_community/toolchain/risc-v embedded gcc/bin/../lib/gcc/riscv-none-embed/8.2.0/../../../../riscv-none-embed/lib/rv32imac/ilp32\libg_nano.a(lib_a-fwalk.o)
                              c:/mounriver/mrs_community/toolchain/risc-v embedded gcc/bin/../lib/gcc/riscv-none-embed/8.2.0/../../../../riscv-none-embed/lib/rv32imac/ilp32\libg_nano.a(lib_a-findfp.o) (_fwalk)
c:/mounriver/mrs_community/toolchain/risc-v embedded gcc/bin/../lib/gcc/riscv-none-embed/8.2.0/../../../../riscv-none-embed/lib/rv32imac/ilp32\libg_nano.a(lib_a-impure.o)
                              c:/mounriver/mrs_community/toolchain/risc-v embedded gcc/bin/../lib/gcc/riscv-none-embed/8.2.0/../../../../riscv-none-embed/lib/rv32imac/ilp32\libg_nano.a(lib_a-fflush.o) (_global_impure_ptr)
c:/mounriver/mrs_community/toolchain/risc-v embedded gcc/bin/../lib/gcc/riscv-none-embed/8.2.0/../../../../riscv-none-embed/lib/rv32imac/ilp32\libg_nano.a(lib_a-makebuf.o)
                              c:/mounriver/mrs_community/toolchain/risc-v embedded gcc/bin/../lib/gcc/riscv-none-embed/8.2.0/../../../../riscv-none-embed/lib/rv32imac/ilp32\libg_nano.a(lib_a-wsetup.o) (__smakebuf_r)
c:/mounriver/mrs_community/toolchain/risc-v embedded gcc/bin/../lib/gcc/riscv-none-embed/8.2.0/../../../../riscv-none-embed/lib/rv32imac/ilp32\libg_nano.a(lib_a-memset.o)
                              c:/mounriver/mrs_community/toolchain/risc-v embedded gcc/bin/../lib/gcc/riscv-none-embed/8.2.0/../../../../riscv-none-embed/lib/rv32imac/ilp32\libg_nano.a(lib_a-findfp.o) (memset)
c:/mounriver/mrs_community/toolchain/risc-v embedded gcc/bin/../lib/gcc/riscv-none-embed/8.2.0/../../../../riscv-none-embed/lib/rv32imac/ilp32\libg_nano.a(lib_a-nano-freer.o)
                              c:/mounriver/mrs_community/toolchain/risc-v embedded gcc/bin/../lib/gcc/riscv-none-embed/8.2.0/../../../../riscv-none-embed/lib/rv32imac/ilp32\libg_nano.a(lib_a-wsetup.o) (_free_r)
c:/mounriver/mrs_community/toolchain/risc-v embedded gcc/bin/../lib/gcc/riscv-none-embed/8.2.0/../../../../riscv-none-embed/lib/rv32imac/ilp32\libg_nano.a(lib_a-nano-mallocr.o)
                              c:/mounriver/mrs_community/toolchain/risc-v embedded gcc/bin/../lib/gcc/riscv-none-embed/8.2.0/../../../../riscv-none-embed/lib/rv32imac/ilp32\libg_nano.a(lib_a-findfp.o) (_malloc_r)
c:/mounriver/mrs_community/toolchain/risc-v embedded gcc/bin/../lib/gcc/riscv-none-embed/8.2.0/../../../../riscv-none-embed/lib/rv32imac/ilp32\libg_nano.a(lib_a-nano-vfprintf.o)
                              c:/mounriver/mrs_community/toolchain/risc-v embedded gcc/bin/../lib/gcc/riscv-none-embed/8.2.0/../../../../riscv-none-embed/lib/rv32imac/ilp32\libg_nano.a(lib_a-printf.o) (_vfprintf_r)
[...]
Memory Configuration

Name             Origin             Length             Attributes
FLASH            0x0000000000000000 0x0000000000010000 xr
RAM              0x0000000020000000 0x0000000000005000 xrw
*default*        0x0000000000000000 0xffffffffffffffff

Linker script and memory map

LOAD ./user_libs/ch32v203_core.o
LOAD ./user_libs/ch32v203_gpio.o
LOAD ./user_libs/ch32v203_rcc.o
LOAD ./user_libs/ch32v203_spi.o
LOAD ./user_libs/ch32v203_timer.o
LOAD ./user_libs/ch32v203_uart.o
LOAD ./user_libs/ch32v203_usbd.o
LOAD ./user_libs/ch32v203_usbfsd.o
LOAD ./user_libs/ch32v203_usbfsd_cdc.o
LOAD ./user_libs/fifo.o
LOAD ./user_libs/pseudo_random.o
LOAD ./User/main.o
LOAD ./User/support.o
LOAD ./Startup/startup_ch32v20x_D6.o
LOAD ./Debug/debug.o
LOAD c:/mounriver/mrs_community/toolchain/risc-v embedded gcc/bin/../lib/gcc/riscv-none-embed/8.2.0/rv32imac/ilp32\libgcc.a
LOAD c:/mounriver/mrs_community/toolchain/risc-v embedded gcc/bin/../lib/gcc/riscv-none-embed/8.2.0/../../../../riscv-none-embed/lib/rv32imac/ilp32\libg_nano.a
LOAD c:/mounriver/mrs_community/toolchain/risc-v embedded gcc/bin/../lib/gcc/riscv-none-embed/8.2.0/../../../../riscv-none-embed/lib/rv32imac/ilp32\libc_nano.a
LOAD c:/mounriver/mrs_community/toolchain/risc-v embedded gcc/bin/../lib/gcc/riscv-none-embed/8.2.0/rv32imac/ilp32\libgcc.a
START GROUP
LOAD c:/mounriver/mrs_community/toolchain/risc-v embedded gcc/bin/../lib/gcc/riscv-none-embed/8.2.0/rv32imac/ilp32\libgcc.a
LOAD c:/mounriver/mrs_community/toolchain/risc-v embedded gcc/bin/../lib/gcc/riscv-none-embed/8.2.0/../../../../riscv-none-embed/lib/rv32imac/ilp32\libc_nano.a
LOAD c:/mounriver/mrs_community/toolchain/risc-v embedded gcc/bin/../lib/gcc/riscv-none-embed/8.2.0/../../../../riscv-none-embed/lib/rv32imac/ilp32\libnosys.a
END GROUP
START GROUP
LOAD c:/mounriver/mrs_community/toolchain/risc-v embedded gcc/bin/../lib/gcc/riscv-none-embed/8.2.0/rv32imac/ilp32\libgcc.a
LOAD c:/mounriver/mrs_community/toolchain/risc-v embedded gcc/bin/../lib/gcc/riscv-none-embed/8.2.0/../../../../riscv-none-embed/lib/rv32imac/ilp32\libc_nano.a
LOAD c:/mounriver/mrs_community/toolchain/risc-v embedded gcc/bin/../lib/gcc/riscv-none-embed/8.2.0/../../../../riscv-none-embed/lib/rv32imac/ilp32\libnosys.a
END GROUP
                0x0000000000000800                __stack_size = 0x800
                [!provide]                        PROVIDE (_stack_size = __stack_size)

.init           0x0000000000000000        0x4
                0x0000000000000000                _sinit = .
                0x0000000000000000                . = ALIGN (0x4)
 *(SORT_NONE(.init))
 .init          0x0000000000000000        0x4 ./Startup/startup_ch32v20x_D6.o
                0x0000000000000000                _start
                0x0000000000000004                . = ALIGN (0x4)
                0x0000000000000004                _einit = .

.vector         0x0000000000000004       0xfc
 *(.vector)
 .vector        0x0000000000000004       0xfc ./Startup/startup_ch32v20x_D6.o
                0x0000000000000100                . = ALIGN (0x40)

.text           0x0000000000000100     0x2c34
                0x0000000000000100                . = ALIGN (0x4)
 *(.text)
 .text          0x0000000000000100       0x60 c:/mounriver/mrs_community/toolchain/risc-v embedded gcc/bin/../lib/gcc/riscv-none-embed/8.2.0/rv32imac/ilp32\libgcc.a(save-restore.o)
                0x0000000000000100                __riscv_save_12
                0x0000000000000108                __riscv_save_9
                0x0000000000000108                __riscv_save_11
                0x0000000000000108                __riscv_save_10
                0x0000000000000108                __riscv_save_8
                0x0000000000000116                __riscv_save_4
                0x0000000000000116                __riscv_save_6
                0x0000000000000116                __riscv_save_5
                0x0000000000000116                __riscv_save_7
                0x0000000000000130                __riscv_save_3
                0x0000000000000130                __riscv_save_2
                0x0000000000000130                __riscv_save_1
                0x0000000000000130                __riscv_save_0
                0x000000000000013c                __riscv_restore_12
                0x0000000000000140                __riscv_restore_11
                0x0000000000000140                __riscv_restore_9
                0x0000000000000140                __riscv_restore_10
                0x0000000000000140                __riscv_restore_8
                0x000000000000014a                __riscv_restore_5
                0x000000000000014a                __riscv_restore_7
                0x000000000000014a                __riscv_restore_6
                0x000000000000014a                __riscv_restore_4
                0x0000000000000154                __riscv_restore_3
                0x0000000000000154                __riscv_restore_0
                0x0000000000000154                __riscv_restore_2
                0x0000000000000154                __riscv_restore_1
 .text          0x0000000000000160       0xa8 c:/mounriver/mrs_community/toolchain/risc-v embedded gcc/bin/../lib/gcc/riscv-none-embed/8.2.0/../../../../riscv-none-embed/lib/rv32imac/ilp32\libg_nano.a(lib_a-memset.o)
                0x0000000000000160                memset
 *(.text.*)
 .text.NMI_Handler
                0x0000000000000208        0x2 ./user_libs/ch32v203_core.o
                0x0000000000000208                NMI_Handler
 .text.HardFault_Handler
                0x000000000000020a        0x2 ./user_libs/ch32v203_core.o
                0x000000000000020a                HardFault_Handler
 .text.core_delay_init
                0x000000000000020c       0x28 ./user_libs/ch32v203_core.o
                0x000000000000020c                core_delay_init
 .text.core_delay_ms
                0x0000000000000234       0x36 ./user_libs/ch32v203_core.o
                0x0000000000000234                core_delay_ms
 .text.gpio_set_mode
                0x000000000000026a       0x66 ./user_libs/ch32v203_gpio.o
                0x000000000000026a                gpio_set_mode
 .text.rcc_hse_init
                0x00000000000002d0       0x4c ./user_libs/ch32v203_rcc.o
                0x00000000000002d0                rcc_hse_init
 .text.rcc_init_pll
                0x000000000000031c       0x3c ./user_libs/ch32v203_rcc.o
                0x000000000000031c                rcc_init_pll
 .text.rcc_system_init
                0x0000000000000358       0x9e ./user_libs/ch32v203_rcc.o
                0x0000000000000358                rcc_system_init
 .text.rcc_compute_sysclk_freq
                0x00000000000003f6       0x72 ./user_libs/ch32v203_rcc.o
                0x00000000000003f6                rcc_compute_sysclk_freq
 .text.rcc_compute_hclk_freq
                0x0000000000000468       0x2c ./user_libs/ch32v203_rcc.o
                0x0000000000000468                rcc_compute_hclk_freq
 .text.rcc_compute_pclk1_freq
                0x0000000000000494       0x22 ./user_libs/ch32v203_rcc.o
                0x0000000000000494                rcc_compute_pclk1_freq
 .text.rcc_compute_pclk2_freq
                0x00000000000004b6       0x26 ./user_libs/ch32v203_rcc.o
                0x00000000000004b6                rcc_compute_pclk2_freq
 .text.rcc_compute_adcclk
                0x00000000000004dc       0x18 ./user_libs/ch32v203_rcc.o
                0x00000000000004dc                rcc_compute_adcclk
 .text.USART1_IRQHandler
                0x00000000000004f4       0x86 ./user_libs/ch32v203_uart.o
                0x00000000000004f4                USART1_IRQHandler
 .text.USART2_IRQHandler
                0x000000000000057a       0x60 ./user_libs/ch32v203_uart.o
                0x000000000000057a                USART2_IRQHandler
 .text.USART3_IRQHandler
                0x00000000000005da       0x60 ./user_libs/ch32v203_uart.o
                0x00000000000005da                USART3_IRQHandler
 .text.UART4_IRQHandler
                0x000000000000063a       0x60 ./user_libs/ch32v203_uart.o
                0x000000000000063a                UART4_IRQHandler
 .text.uart_init
                0x000000000000069a       0x6e ./user_libs/ch32v203_uart.o
                0x000000000000069a                uart_init
 .text.uart_bytes_available
                0x0000000000000708        0x6 ./user_libs/ch32v203_uart.o
                0x0000000000000708                uart_bytes_available
 .text.uart_read_byte
                0x000000000000070e       0x38 ./user_libs/ch32v203_uart.o
                0x000000000000070e                uart_read_byte
 .text.uart_bytes_available_for_write
                0x0000000000000746       0x12 ./user_libs/ch32v203_uart.o
                0x0000000000000746                uart_bytes_available_for_write
 .text.uart_write_byte
                0x0000000000000758       0x4e ./user_libs/ch32v203_uart.o
                0x0000000000000758                uart_write_byte
 .text.uart_write_bytes
                0x00000000000007a6       0xb0 ./user_libs/ch32v203_uart.o
                0x00000000000007a6                uart_write_bytes
 .text.USB_HP_CAN1_TX_IRQHandler
                0x0000000000000856       0x72 ./user_libs/ch32v203_usbd.o
                0x0000000000000856                USB_HP_CAN1_TX_IRQHandler
 .text.USB_LP_CAN1_RX0_IRQHandler
                0x00000000000008c8      0x1c8 ./user_libs/ch32v203_usbd.o
                0x00000000000008c8                USB_LP_CAN1_RX0_IRQHandler
 .text.USBWakeUp_IRQHandler
                0x0000000000000a90       0x38 ./user_libs/ch32v203_usbd.o
                0x0000000000000a90                USBWakeUp_IRQHandler
 .text.USBFS_IRQHandler
                0x0000000000000ac8       0xd2 ./user_libs/ch32v203_usbfsd.o
                0x0000000000000ac8                USBFS_IRQHandler
 .text.USBFSWakeUp_IRQHandler
                0x0000000000000b9a       0x36 ./user_libs/ch32v203_usbfsd.o
                0x0000000000000b9a                USBFSWakeUp_IRQHandler
 .text.usbfsd_init
                0x0000000000000bd0      0x118 ./user_libs/ch32v203_usbfsd.o
                0x0000000000000bd0                usbfsd_init
 .text.cdc_on_rst
                0x0000000000000ce8       0x72 ./user_libs/ch32v203_usbfsd_cdc.o
                0x0000000000000ce8                cdc_on_rst
 .text.cdc_on_sof
                0x0000000000000d5a       0xc2 ./user_libs/ch32v203_usbfsd_cdc.o
                0x0000000000000d5a                cdc_on_sof
 .text.cdc_on_out
                0x0000000000000e1c       0xa8 ./user_libs/ch32v203_usbfsd_cdc.o
                0x0000000000000e1c                cdc_on_out
 .text.cdc_copy_descriptor
                0x0000000000000ec4       0x24 ./user_libs/ch32v203_usbfsd_cdc.o
                0x0000000000000ec4                cdc_copy_descriptor
 .text.cdc_on_in
                0x0000000000000ee8      0x136 ./user_libs/ch32v203_usbfsd_cdc.o
                0x0000000000000ee8                cdc_on_in
 .text.cdc_on_setup
                0x000000000000101e      0x2ce ./user_libs/ch32v203_usbfsd_cdc.o
                0x000000000000101e                cdc_on_setup
 .text.cdc_enable_tx
                0x00000000000012ec       0x4e ./user_libs/ch32v203_usbfsd_cdc.o
                0x00000000000012ec                cdc_enable_tx
 .text.cdc_enable_rx
                0x000000000000133a       0x46 ./user_libs/ch32v203_usbfsd_cdc.o
                0x000000000000133a                cdc_enable_rx
 .text.cdc_set_serial_state
                0x0000000000001380       0x52 ./user_libs/ch32v203_usbfsd_cdc.o
                0x0000000000001380                cdc_set_serial_state
 .text.cdc_init
                0x00000000000013d2       0x5a ./user_libs/ch32v203_usbfsd_cdc.o
                0x00000000000013d2                cdc_init
 .text.cdc_bytes_available
                0x000000000000142c       0x1c ./user_libs/ch32v203_usbfsd_cdc.o
                0x000000000000142c                cdc_bytes_available
 .text.cdc_read_byte
                0x0000000000001448       0x8e ./user_libs/ch32v203_usbfsd_cdc.o
                0x0000000000001448                cdc_read_byte
 .text.cdc_write_byte
                0x00000000000014d6       0x92 ./user_libs/ch32v203_usbfsd_cdc.o
                0x00000000000014d6                cdc_write_byte
 .text.fifo_init
                0x0000000000001568       0x10 ./user_libs/fifo.o
                0x0000000000001568                fifo_init
 .text.fifo_push
                0x0000000000001578       0x3c ./user_libs/fifo.o
                0x0000000000001578                fifo_push
 .text.fifo_pop
                0x00000000000015b4       0x2e ./user_libs/fifo.o
                0x00000000000015b4                fifo_pop
 .text.fifo_write
                0x00000000000015e2       0xa4 ./user_libs/fifo.o
                0x00000000000015e2                fifo_write
 .text.startup.main
                0x0000000000001686      0x1de ./User/main.o
                0x0000000000001686                main
 .text.vector_handler
                0x0000000000001864        0x2 ./Startup/startup_ch32v20x_D6.o
                0x0000000000001864                EXTI2_IRQHandler
                0x0000000000001864                TIM1_CC_IRQHandler
                0x0000000000001864                SysTick_Handler
                0x0000000000001864                PVD_IRQHandler
                0x0000000000001864                EXTI3_IRQHandler
                0x0000000000001864                EXTI0_IRQHandler
                0x0000000000001864                I2C2_EV_IRQHandler
                0x0000000000001864                ADC1_2_IRQHandler
                0x0000000000001864                Break_Point_Handler
                0x0000000000001864                SPI1_IRQHandler
                0x0000000000001864                TAMPER_IRQHandler
                0x0000000000001864                Ecall_M_Mode_Handler
                0x0000000000001864                DMA1_Channel4_IRQHandler
                0x0000000000001864                RTC_IRQHandler
                0x0000000000001864                DMA1_Channel7_IRQHandler
                0x0000000000001864                CAN1_RX1_IRQHandler
                0x0000000000001864                TIM4_IRQHandler
                0x0000000000001864                I2C1_EV_IRQHandler
                0x0000000000001864                DMA1_Channel6_IRQHandler
                0x0000000000001864                TIM3_IRQHandler
                0x0000000000001864                RCC_IRQHandler
                0x0000000000001864                TIM1_TRG_COM_IRQHandler
                0x0000000000001864                DMA1_Channel1_IRQHandler
                0x0000000000001864                EXTI15_10_IRQHandler
                0x0000000000001864                DMA1_Channel8_IRQHandler
                0x0000000000001864                EXTI9_5_IRQHandler
                0x0000000000001864                SPI2_IRQHandler
                0x0000000000001864                DMA1_Channel5_IRQHandler
                0x0000000000001864                EXTI4_IRQHandler
                0x0000000000001864                DMA1_Channel3_IRQHandler
                0x0000000000001864                TIM1_UP_IRQHandler
                0x0000000000001864                WWDG_IRQHandler
                0x0000000000001864                Ecall_U_Mode_Handler
                0x0000000000001864                TIM2_IRQHandler
                0x0000000000001864                SW_Handler
                0x0000000000001864                TIM1_BRK_IRQHandler
                0x0000000000001864                EXTI1_IRQHandler
                0x0000000000001864                RTCAlarm_IRQHandler
                0x0000000000001864                I2C2_ER_IRQHandler
                0x0000000000001864                DMA1_Channel2_IRQHandler
                0x0000000000001864                CAN1_SCE_IRQHandler
                0x0000000000001864                FLASH_IRQHandler
                0x0000000000001864                I2C1_ER_IRQHandler
 .text.handle_reset
                0x0000000000001866       0x86 ./Startup/startup_ch32v20x_D6.o
                0x0000000000001866                handle_reset
 .text._write   0x00000000000018ec       0x24 ./Debug/debug.o
                0x00000000000018ec                _write
 .text._sbrk    0x0000000000001910       0x26 ./Debug/debug.o
                0x0000000000001910                _sbrk
 .text.printf   0x0000000000001936       0x40 c:/mounriver/mrs_community/toolchain/risc-v embedded gcc/bin/../lib/gcc/riscv-none-embed/8.2.0/../../../../riscv-none-embed/lib/rv32imac/ilp32\libg_nano.a(lib_a-printf.o)
                0x0000000000001936                iprintf
                0x0000000000001936                printf
 .text._puts_r  0x0000000000001976       0xda c:/mounriver/mrs_community/toolchain/risc-v embedded gcc/bin/../lib/gcc/riscv-none-embed/8.2.0/../../../../riscv-none-embed/lib/rv32imac/ilp32\libg_nano.a(lib_a-puts.o)
                0x0000000000001976                _puts_r
 .text.puts     0x0000000000001a50        0xa c:/mounriver/mrs_community/toolchain/risc-v embedded gcc/bin/../lib/gcc/riscv-none-embed/8.2.0/../../../../riscv-none-embed/lib/rv32imac/ilp32\libg_nano.a(lib_a-puts.o)
                0x0000000000001a50                puts
 .text.__swbuf_r
                0x0000000000001a5a       0xc0 c:/mounriver/mrs_community/toolchain/risc-v embedded gcc/bin/../lib/gcc/riscv-none-embed/8.2.0/../../../../riscv-none-embed/lib/rv32imac/ilp32\libg_nano.a(lib_a-wbuf.o)
                0x0000000000001a5a                __swbuf_r
 .text.__swsetup_r
                0x0000000000001b1a      0x10c c:/mounriver/mrs_community/toolchain/risc-v embedded gcc/bin/../lib/gcc/riscv-none-embed/8.2.0/../../../../riscv-none-embed/lib/rv32imac/ilp32\libg_nano.a(lib_a-wsetup.o)
                0x0000000000001b1a                __swsetup_r
 .text.__sflush_r
                0x0000000000001c26      0x13c c:/mounriver/mrs_community/toolchain/risc-v embedded gcc/bin/../lib/gcc/riscv-none-embed/8.2.0/../../../../riscv-none-embed/lib/rv32imac/ilp32\libg_nano.a(lib_a-fflush.o)
                0x0000000000001c26                __sflush_r
 .text._fflush_r
                0x0000000000001d62       0x64 c:/mounriver/mrs_community/toolchain/risc-v embedded gcc/bin/../lib/gcc/riscv-none-embed/8.2.0/../../../../riscv-none-embed/lib/rv32imac/ilp32\libg_nano.a(lib_a-fflush.o)
                0x0000000000001d62                _fflush_r
 .text.std      0x0000000000001dc6       0x6a c:/mounriver/mrs_community/toolchain/risc-v embedded gcc/bin/../lib/gcc/riscv-none-embed/8.2.0/../../../../riscv-none-embed/lib/rv32imac/ilp32\libg_nano.a(lib_a-findfp.o)
 .text._cleanup_r
                0x0000000000001e30        0xa c:/mounriver/mrs_community/toolchain/risc-v embedded gcc/bin/../lib/gcc/riscv-none-embed/8.2.0/../../../../riscv-none-embed/lib/rv32imac/ilp32\libg_nano.a(lib_a-findfp.o)
                0x0000000000001e30                _cleanup_r
 .text.__sfmoreglue
                0x0000000000001e3a       0x46 c:/mounriver/mrs_community/toolchain/risc-v embedded gcc/bin/../lib/gcc/riscv-none-embed/8.2.0/../../../../riscv-none-embed/lib/rv32imac/ilp32\libg_nano.a(lib_a-findfp.o)
                0x0000000000001e3a                __sfmoreglue
 .text.__sinit  0x0000000000001e80       0x66 c:/mounriver/mrs_community/toolchain/risc-v embedded gcc/bin/../lib/gcc/riscv-none-embed/8.2.0/../../../../riscv-none-embed/lib/rv32imac/ilp32\libg_nano.a(lib_a-findfp.o)
                0x0000000000001e80                __sinit
 .text.__sfp    0x0000000000001ee6       0x9c c:/mounriver/mrs_community/toolchain/risc-v embedded gcc/bin/../lib/gcc/riscv-none-embed/8.2.0/../../../../riscv-none-embed/lib/rv32imac/ilp32\libg_nano.a(lib_a-findfp.o)
                0x0000000000001ee6                __sfp
 .text._fwalk_reent
                0x0000000000001f82       0x6c c:/mounriver/mrs_community/toolchain/risc-v embedded gcc/bin/../lib/gcc/riscv-none-embed/8.2.0/../../../../riscv-none-embed/lib/rv32imac/ilp32\libg_nano.a(lib_a-fwalk.o)
                0x0000000000001f82                _fwalk_reent
 .text.__swhatbuf_r
                0x0000000000001fee       0x5a c:/mounriver/mrs_community/toolchain/risc-v embedded gcc/bin/../lib/gcc/riscv-none-embed/8.2.0/../../../../riscv-none-embed/lib/rv32imac/ilp32\libg_nano.a(lib_a-makebuf.o)
                0x0000000000001fee                __swhatbuf_r
 .text.__smakebuf_r
                0x0000000000002048       0x9e c:/mounriver/mrs_community/toolchain/risc-v embedded gcc/bin/../lib/gcc/riscv-none-embed/8.2.0/../../../../riscv-none-embed/lib/rv32imac/ilp32\libg_nano.a(lib_a-makebuf.o)
                0x0000000000002048                __smakebuf_r
 .text._free_r  0x00000000000020e6       0xa8 c:/mounriver/mrs_community/toolchain/risc-v embedded gcc/bin/../lib/gcc/riscv-none-embed/8.2.0/../../../../riscv-none-embed/lib/rv32imac/ilp32\libg_nano.a(lib_a-nano-freer.o)
                0x00000000000020e6                _free_r
 .text._malloc_r
                0x000000000000218e       0xd4 c:/mounriver/mrs_community/toolchain/risc-v embedded gcc/bin/../lib/gcc/riscv-none-embed/8.2.0/../../../../riscv-none-embed/lib/rv32imac/ilp32\libg_nano.a(lib_a-nano-mallocr.o)
                0x000000000000218e                _malloc_r
 .text.__sfputc_r
                0x0000000000002262       0x2a c:/mounriver/mrs_community/toolchain/risc-v embedded gcc/bin/../lib/gcc/riscv-none-embed/8.2.0/../../../../riscv-none-embed/lib/rv32imac/ilp32\libg_nano.a(lib_a-nano-vfprintf.o)
 .text.__sfputs_r
                0x000000000000228c       0x42 c:/mounriver/mrs_community/toolchain/risc-v embedded gcc/bin/../lib/gcc/riscv-none-embed/8.2.0/../../../../riscv-none-embed/lib/rv32imac/ilp32\libg_nano.a(lib_a-nano-vfprintf.o)
                0x000000000000228c                __sfputs_r
 .text._vfprintf_r
                0x00000000000022ce      0x29a c:/mounriver/mrs_community/toolchain/risc-v embedded gcc/bin/../lib/gcc/riscv-none-embed/8.2.0/../../../../riscv-none-embed/lib/rv32imac/ilp32\libg_nano.a(lib_a-nano-vfprintf.o)
                0x00000000000022ce                _vfprintf_r
                0x00000000000022ce                _vfiprintf_r
 .text._printf_common
                0x0000000000002568      0x10c c:/mounriver/mrs_community/toolchain/risc-v embedded gcc/bin/../lib/gcc/riscv-none-embed/8.2.0/../../../../riscv-none-embed/lib/rv32imac/ilp32\libg_nano.a(lib_a-nano-vfprintf_i.o)
                0x0000000000002568                _printf_common
 .text._printf_i
                0x0000000000002674      0x2a8 c:/mounriver/mrs_community/toolchain/risc-v embedded gcc/bin/../lib/gcc/riscv-none-embed/8.2.0/../../../../riscv-none-embed/lib/rv32imac/ilp32\libg_nano.a(lib_a-nano-vfprintf_i.o)
                0x0000000000002674                _printf_i
 .text._sbrk_r  0x000000000000291c       0x2a c:/mounriver/mrs_community/toolchain/risc-v embedded gcc/bin/../lib/gcc/riscv-none-embed/8.2.0/../../../../riscv-none-embed/lib/rv32imac/ilp32\libg_nano.a(lib_a-sbrkr.o)
                0x000000000000291c                _sbrk_r
 .text.__sread  0x0000000000002946       0x30 c:/mounriver/mrs_community/toolchain/risc-v embedded gcc/bin/../lib/gcc/riscv-none-embed/8.2.0/../../../../riscv-none-embed/lib/rv32imac/ilp32\libg_nano.a(lib_a-stdio.o)
                0x0000000000002946                __sread
 .text.__swrite
                0x0000000000002976       0x4e c:/mounriver/mrs_community/toolchain/risc-v embedded gcc/bin/../lib/gcc/riscv-none-embed/8.2.0/../../../../riscv-none-embed/lib/rv32imac/ilp32\libg_nano.a(lib_a-stdio.o)
                0x0000000000002976                __swrite
 .text.__sseek  0x00000000000029c4       0x36 c:/mounriver/mrs_community/toolchain/risc-v embedded gcc/bin/../lib/gcc/riscv-none-embed/8.2.0/../../../../riscv-none-embed/lib/rv32imac/ilp32\libg_nano.a(lib_a-stdio.o)
                0x00000000000029c4                __sseek
 .text.__sclose
                0x00000000000029fa        0x6 c:/mounriver/mrs_community/toolchain/risc-v embedded gcc/bin/../lib/gcc/riscv-none-embed/8.2.0/../../../../riscv-none-embed/lib/rv32imac/ilp32\libg_nano.a(lib_a-stdio.o)
                0x00000000000029fa                __sclose
 .text._write_r
                0x0000000000002a00       0x2e c:/mounriver/mrs_community/toolchain/risc-v embedded gcc/bin/../lib/gcc/riscv-none-embed/8.2.0/../../../../riscv-none-embed/lib/rv32imac/ilp32\libg_nano.a(lib_a-writer.o)
                0x0000000000002a00                _write_r
 .text._close_r
                0x0000000000002a2e       0x28 c:/mounriver/mrs_community/toolchain/risc-v embedded gcc/bin/../lib/gcc/riscv-none-embed/8.2.0/../../../../riscv-none-embed/lib/rv32imac/ilp32\libg_nano.a(lib_a-closer.o)
                0x0000000000002a2e                _close_r
 .text._fstat_r
                0x0000000000002a56       0x2a c:/mounriver/mrs_community/toolchain/risc-v embedded gcc/bin/../lib/gcc/riscv-none-embed/8.2.0/../../../../riscv-none-embed/lib/rv32imac/ilp32\libg_nano.a(lib_a-fstatr.o)
                0x0000000000002a56                _fstat_r
 .text._isatty_r
                0x0000000000002a80       0x28 c:/mounriver/mrs_community/toolchain/risc-v embedded gcc/bin/../lib/gcc/riscv-none-embed/8.2.0/../../../../riscv-none-embed/lib/rv32imac/ilp32\libg_nano.a(lib_a-isattyr.o)
                0x0000000000002a80                _isatty_r
 .text._lseek_r
                0x0000000000002aa8       0x2c c:/mounriver/mrs_community/toolchain/risc-v embedded gcc/bin/../lib/gcc/riscv-none-embed/8.2.0/../../../../riscv-none-embed/lib/rv32imac/ilp32\libg_nano.a(lib_a-lseekr.o)
                0x0000000000002aa8                _lseek_r
 .text.memchr   0x0000000000002ad4       0x1a c:/mounriver/mrs_community/toolchain/risc-v embedded gcc/bin/../lib/gcc/riscv-none-embed/8.2.0/../../../../riscv-none-embed/lib/rv32imac/ilp32\libg_nano.a(lib_a-memchr.o)
                0x0000000000002ad4                memchr
 .text.__malloc_lock
                0x0000000000002aee        0x2 c:/mounriver/mrs_community/toolchain/risc-v embedded gcc/bin/../lib/gcc/riscv-none-embed/8.2.0/../../../../riscv-none-embed/lib/rv32imac/ilp32\libg_nano.a(lib_a-mlock.o)
                0x0000000000002aee                __malloc_lock
 .text.__malloc_unlock
                0x0000000000002af0        0x2 c:/mounriver/mrs_community/toolchain/risc-v embedded gcc/bin/../lib/gcc/riscv-none-embed/8.2.0/../../../../riscv-none-embed/lib/rv32imac/ilp32\libg_nano.a(lib_a-mlock.o)
                0x0000000000002af0                __malloc_unlock
 .text._read_r  0x0000000000002af2       0x2c c:/mounriver/mrs_community/toolchain/risc-v embedded gcc/bin/../lib/gcc/riscv-none-embed/8.2.0/../../../../riscv-none-embed/lib/rv32imac/ilp32\libg_nano.a(lib_a-readr.o)
                0x0000000000002af2                _read_r
 .text._close   0x0000000000002b1e        0xc c:/mounriver/mrs_community/toolchain/risc-v embedded gcc/bin/../lib/gcc/riscv-none-embed/8.2.0/../../../../riscv-none-embed/lib/rv32imac/ilp32\libnosys.a(close.o)
                0x0000000000002b1e                _close
 .text._fstat   0x0000000000002b2a        0xc c:/mounriver/mrs_community/toolchain/risc-v embedded gcc/bin/../lib/gcc/riscv-none-embed/8.2.0/../../../../riscv-none-embed/lib/rv32imac/ilp32\libnosys.a(fstat.o)
                0x0000000000002b2a                _fstat
 .text._isatty  0x0000000000002b36        0xc c:/mounriver/mrs_community/toolchain/risc-v embedded gcc/bin/../lib/gcc/riscv-none-embed/8.2.0/../../../../riscv-none-embed/lib/rv32imac/ilp32\libnosys.a(isatty.o)
                0x0000000000002b36                _isatty
 .text._lseek   0x0000000000002b42        0xc c:/mounriver/mrs_community/toolchain/risc-v embedded gcc/bin/../lib/gcc/riscv-none-embed/8.2.0/../../../../riscv-none-embed/lib/rv32imac/ilp32\libnosys.a(lseek.o)
                0x0000000000002b42                _lseek
 .text._read    0x0000000000002b4e        0xc c:/mounriver/mrs_community/toolchain/risc-v embedded gcc/bin/../lib/gcc/riscv-none-embed/8.2.0/../../../../riscv-none-embed/lib/rv32imac/ilp32\libnosys.a(read.o)
                0x0000000000002b4e                _read
 *(.rodata)
 *(.rodata*)
 *fill*         0x0000000000002b5a        0x2 
 .rodata.cdc_on_setup
                0x0000000000002b5c       0x30 ./user_libs/ch32v203_usbfsd_cdc.o
 .rodata.cdc_config_descriptor
                0x0000000000002b8c       0x43 ./user_libs/ch32v203_usbfsd_cdc.o
 *fill*         0x0000000000002bcf        0x1 
 .rodata.cdc_device_descriptor
                0x0000000000002bd0       0x12 ./user_libs/ch32v203_usbfsd_cdc.o
 .rodata.cdc_string_product
                0x0000000000002be2       0x16 ./user_libs/ch32v203_usbfsd_cdc.o
 .rodata.cdc_string_serial
                0x0000000000002bf8       0x16 ./user_libs/ch32v203_usbfsd_cdc.o
 .rodata.cdc_string_vendor
                0x0000000000002c0e        0xe ./user_libs/ch32v203_usbfsd_cdc.o
 .rodata.usbfsd_config
                0x0000000000002c1c       0x38 ./user_libs/ch32v203_usbfsd_cdc.o
 .rodata.main.str1.4
                0x0000000000002c54       0x44 ./User/main.o
 .rodata.__sf_fake_stderr
                0x0000000000002c98       0x20 c:/mounriver/mrs_community/toolchain/risc-v embedded gcc/bin/../lib/gcc/riscv-none-embed/8.2.0/../../../../riscv-none-embed/lib/rv32imac/ilp32\libg_nano.a(lib_a-findfp.o)
                0x0000000000002c98                __sf_fake_stderr
 .rodata.__sf_fake_stdin
                0x0000000000002cb8       0x20 c:/mounriver/mrs_community/toolchain/risc-v embedded gcc/bin/../lib/gcc/riscv-none-embed/8.2.0/../../../../riscv-none-embed/lib/rv32imac/ilp32\libg_nano.a(lib_a-findfp.o)
                0x0000000000002cb8                __sf_fake_stdin
 .rodata.__sf_fake_stdout
                0x0000000000002cd8       0x20 c:/mounriver/mrs_community/toolchain/risc-v embedded gcc/bin/../lib/gcc/riscv-none-embed/8.2.0/../../../../riscv-none-embed/lib/rv32imac/ilp32\libg_nano.a(lib_a-findfp.o)
                0x0000000000002cd8                __sf_fake_stdout
 .rodata._vfprintf_r.str1.4
                0x0000000000002cf8       0x13 c:/mounriver/mrs_community/toolchain/risc-v embedded gcc/bin/../lib/gcc/riscv-none-embed/8.2.0/../../../../riscv-none-embed/lib/rv32imac/ilp32\libg_nano.a(lib_a-nano-vfprintf.o)
 *fill*         0x0000000000002d0b        0x1 
 .rodata._printf_i.str1.4
                0x0000000000002d0c       0x28 c:/mounriver/mrs_community/toolchain/risc-v embedded gcc/bin/../lib/gcc/riscv-none-embed/8.2.0/../../../../riscv-none-embed/lib/rv32imac/ilp32\libg_nano.a(lib_a-nano-vfprintf_i.o)
                                         0x25 (size before relaxing)
 *(.gnu.linkonce.t.*)
                0x0000000000002d34                . = ALIGN (0x4)

.rela.dyn       0x0000000000002d34        0x0
 .rela.init     0x0000000000002d34        0x0 ./user_libs/ch32v203_core.o
 .rela.vector   0x0000000000002d34        0x0 ./user_libs/ch32v203_core.o
 .rela.text.handle_reset
                0x0000000000002d34        0x0 ./user_libs/ch32v203_core.o
 .rela.text._sbrk
                0x0000000000002d34        0x0 ./user_libs/ch32v203_core.o
 .rela.sdata.curbrk.3332
                0x0000000000002d34        0x0 ./user_libs/ch32v203_core.o
 .rela.text._vfprintf_r
                0x0000000000002d34        0x0 ./user_libs/ch32v203_core.o
 .rela.text._sbrk_r
                0x0000000000002d34        0x0 ./user_libs/ch32v203_core.o
 .rela.text._write_r
                0x0000000000002d34        0x0 ./user_libs/ch32v203_core.o
 .rela.text._close_r
                0x0000000000002d34        0x0 ./user_libs/ch32v203_core.o
 .rela.text._fstat_r
                0x0000000000002d34        0x0 ./user_libs/ch32v203_core.o
 .rela.text._isatty_r
                0x0000000000002d34        0x0 ./user_libs/ch32v203_core.o
 .rela.text._lseek_r
                0x0000000000002d34        0x0 ./user_libs/ch32v203_core.o
 .rela.text._read_r
                0x0000000000002d34        0x0 ./user_libs/ch32v203_core.o
 .rela.text._close
                0x0000000000002d34        0x0 ./user_libs/ch32v203_core.o
 .rela.text._fstat
                0x0000000000002d34        0x0 ./user_libs/ch32v203_core.o
 .rela.text._isatty
                0x0000000000002d34        0x0 ./user_libs/ch32v203_core.o
 .rela.text._lseek
                0x0000000000002d34        0x0 ./user_libs/ch32v203_core.o
 .rela.text._read
                0x0000000000002d34        0x0 ./user_libs/ch32v203_core.o

.fini           0x0000000000002d34        0x0
 *(SORT_NONE(.fini))
                0x0000000000002d34                . = ALIGN (0x4)
                [!provide]                        PROVIDE (_etext = .)
                [!provide]                        PROVIDE (_eitcm = .)

.preinit_array  0x0000000000002d34        0x0
                [!provide]                        PROVIDE (__preinit_array_start = .)
 *(.preinit_array)
                [!provide]                        PROVIDE (__preinit_array_end = .)

.init_array     0x0000000000002d34        0x0
                [!provide]                        PROVIDE (__init_array_start = .)
 *(SORT_BY_INIT_PRIORITY(.init_array.*) SORT_BY_INIT_PRIORITY(.ctors.*))
 *(.init_array EXCLUDE_FILE(*crtend?.o *crtend.o *crtbegin?.o *crtbegin.o) .ctors)
                [!provide]                        PROVIDE (__init_array_end = .)

.fini_array     0x0000000000002d34        0x0
                [!provide]                        PROVIDE (__fini_array_start = .)
 *(SORT_BY_INIT_PRIORITY(.fini_array.*) SORT_BY_INIT_PRIORITY(.dtors.*))
 *(.fini_array EXCLUDE_FILE(*crtend?.o *crtend.o *crtbegin?.o *crtbegin.o) .dtors)
                [!provide]                        PROVIDE (__fini_array_end = .)

.ctors
 *crtbegin.o(.ctors)
 *crtbegin?.o(.ctors)
 *(EXCLUDE_FILE(*crtend?.o *crtend.o) .ctors)
 *(SORT_BY_NAME(.ctors.*))
 *(.ctors)

.dtors
 *crtbegin.o(.dtors)
 *crtbegin?.o(.dtors)
 *(EXCLUDE_FILE(*crtend?.o *crtend.o) .dtors)
 *(SORT_BY_NAME(.dtors.*))
 *(.dtors)

.dalign         0x0000000020000000        0x0 load address 0x0000000000002d34
                0x0000000020000000                . = ALIGN (0x4)
                0x0000000020000000                PROVIDE (_data_vma = .)

.dlalign        0x0000000000002d34        0x0
                0x0000000000002d34                . = ALIGN (0x4)
                0x0000000000002d34                PROVIDE (_data_lma = .)

.data           0x0000000020000000       0x78 load address 0x0000000000002d34
 *(.gnu.linkonce.r.*)
 *(.data .data.*)
 .data.impure_data
                0x0000000020000000       0x60 c:/mounriver/mrs_community/toolchain/risc-v embedded gcc/bin/../lib/gcc/riscv-none-embed/8.2.0/../../../../riscv-none-embed/lib/rv32imac/ilp32\libg_nano.a(lib_a-impure.o)
 *(.gnu.linkonce.d.*)
                0x0000000020000060                . = ALIGN (0x8)
                0x0000000020000860                PROVIDE (__global_pointer$ = (. + 0x800))
 *(.sdata .sdata.*)
 .sdata.cdc_line_coding
                0x0000000020000060        0x8 ./user_libs/ch32v203_usbfsd_cdc.o
                0x0000000020000060                cdc_line_coding
 .sdata.curbrk.3332
                0x0000000020000068        0x4 ./Debug/debug.o
 .sdata._impure_ptr
                0x000000002000006c        0x4 c:/mounriver/mrs_community/toolchain/risc-v embedded gcc/bin/../lib/gcc/riscv-none-embed/8.2.0/../../../../riscv-none-embed/lib/rv32imac/ilp32\libg_nano.a(lib_a-impure.o)
                0x000000002000006c                _impure_ptr
 *(.sdata2.*)
 .sdata2.cdc_string_lang_id
                0x0000000020000070        0x4 ./user_libs/ch32v203_usbfsd_cdc.o
 .sdata2._global_impure_ptr
                0x0000000020000074        0x4 c:/mounriver/mrs_community/toolchain/risc-v embedded gcc/bin/../lib/gcc/riscv-none-embed/8.2.0/../../../../riscv-none-embed/lib/rv32imac/ilp32\libg_nano.a(lib_a-impure.o)
                0x0000000020000074                _global_impure_ptr
 *(.gnu.linkonce.s.*)
                0x0000000020000078                . = ALIGN (0x8)
 *(.srodata.cst16)
 *(.srodata.cst8)
 *(.srodata.cst4)
 *(.srodata.cst2)
 *(.srodata .srodata.*)
                0x0000000020000078                . = ALIGN (0x4)
                0x0000000020000078                PROVIDE (_edata = .)

.bss            0x0000000020000078      0x9c0 load address 0x0000000000002dac
                0x0000000020000078                . = ALIGN (0x4)
                0x0000000020000078                PROVIDE (_sbss = .)
 *(.sbss*)
 .sbss.p_ms     0x0000000020000078        0x2 ./user_libs/ch32v203_core.o
 .sbss.p_us     0x000000002000007a        0x1 ./user_libs/ch32v203_core.o
 *fill*         0x000000002000007b        0x1 
 .sbss.sof_count
                0x000000002000007c        0x2 ./user_libs/ch32v203_usbd.o
                0x000000002000007c                sof_count
 *fill*         0x000000002000007e        0x2 
 .sbss.usbd_esof_callback
                0x0000000020000080        0x4 ./user_libs/ch32v203_usbd.o
                0x0000000020000080                usbd_esof_callback
 .sbss.usbd_in_callback
                0x0000000020000084        0x4 ./user_libs/ch32v203_usbd.o
                0x0000000020000084                usbd_in_callback
 .sbss.usbd_out_callback
                0x0000000020000088        0x4 ./user_libs/ch32v203_usbd.o
                0x0000000020000088                usbd_out_callback
 .sbss.usbd_reset_callback
                0x000000002000008c        0x4 ./user_libs/ch32v203_usbd.o
                0x000000002000008c                usbd_reset_callback
 .sbss.usbd_setup_callback
                0x0000000020000090        0x4 ./user_libs/ch32v203_usbd.o
                0x0000000020000090                usbd_setup_callback
 .sbss.usbd_sof_callback
                0x0000000020000094        0x4 ./user_libs/ch32v203_usbd.o
                0x0000000020000094                usbd_sof_callback
 .sbss.usbd_suspend_callback
                0x0000000020000098        0x4 ./user_libs/ch32v203_usbd.o
                0x0000000020000098                usbd_suspend_callback
 .sbss.usbd_wakeup_callback
                0x000000002000009c        0x4 ./user_libs/ch32v203_usbd.o
                0x000000002000009c                usbd_wakeup_callback
 .sbss.usbfsd_in_callback
                0x00000000200000a0        0x4 ./user_libs/ch32v203_usbfsd.o
                0x00000000200000a0                usbfsd_in_callback
 .sbss.usbfsd_out_callback
                0x00000000200000a4        0x4 ./user_libs/ch32v203_usbfsd.o
                0x00000000200000a4                usbfsd_out_callback
 .sbss.usbfsd_reset_callback
                0x00000000200000a8        0x4 ./user_libs/ch32v203_usbfsd.o
                0x00000000200000a8                usbfsd_reset_callback
 .sbss.usbfsd_setup_callback
                0x00000000200000ac        0x4 ./user_libs/ch32v203_usbfsd.o
                0x00000000200000ac                usbfsd_setup_callback
 .sbss.usbfsd_sof_callback
                0x00000000200000b0        0x4 ./user_libs/ch32v203_usbfsd.o
                0x00000000200000b0                usbfsd_sof_callback
 .sbss.usbfsd_sof_count
                0x00000000200000b4        0x2 ./user_libs/ch32v203_usbfsd.o
                0x00000000200000b4                usbfsd_sof_count
 *fill*         0x00000000200000b6        0x2 
 .sbss.usbfsd_suspend_callback
                0x00000000200000b8        0x4 ./user_libs/ch32v203_usbfsd.o
                0x00000000200000b8                usbfsd_suspend_callback
 .sbss.usbfsd_wakeup_callback
                0x00000000200000bc        0x4 ./user_libs/ch32v203_usbfsd.o
                0x00000000200000bc                usbfsd_wakeup_callback
 .sbss.cdc_address
                0x00000000200000c0        0x1 ./user_libs/ch32v203_usbfsd_cdc.o
                0x00000000200000c0                cdc_address
 .sbss.cdc_config
                0x00000000200000c1        0x1 ./user_libs/ch32v203_usbfsd_cdc.o
                0x00000000200000c1                cdc_config
 .sbss.cdc_control_line_state
                0x00000000200000c2        0x1 ./user_libs/ch32v203_usbfsd_cdc.o
                0x00000000200000c2                cdc_control_line_state
 *fill*         0x00000000200000c3        0x1 
 .sbss.cdc_last_data_time
                0x00000000200000c4        0x2 ./user_libs/ch32v203_usbfsd_cdc.o
                0x00000000200000c4                cdc_last_data_time
 .sbss.cdc_last_status_time
                0x00000000200000c6        0x2 ./user_libs/ch32v203_usbfsd_cdc.o
                0x00000000200000c6                cdc_last_status_time
 .sbss.cdc_rx_enabled
                0x00000000200000c8        0x1 ./user_libs/ch32v203_usbfsd_cdc.o
                0x00000000200000c8                cdc_rx_enabled
 *fill*         0x00000000200000c9        0x1 
 .sbss.cdc_setup_len
                0x00000000200000ca        0x2 ./user_libs/ch32v203_usbfsd_cdc.o
                0x00000000200000ca                cdc_setup_len
 .sbss.cdc_setup_req
                0x00000000200000cc        0x1 ./user_libs/ch32v203_usbfsd_cdc.o
                0x00000000200000cc                cdc_setup_req
 .sbss.cdc_setup_type
                0x00000000200000cd        0x1 ./user_libs/ch32v203_usbfsd_cdc.o
                0x00000000200000cd                cdc_setup_type
 .sbss.cdc_tx_enabled
                0x00000000200000ce        0x1 ./user_libs/ch32v203_usbfsd_cdc.o
                0x00000000200000ce                cdc_tx_enabled
 *fill*         0x00000000200000cf        0x1 
 .sbss.descriptor_ptr
                0x00000000200000d0        0x4 ./user_libs/ch32v203_usbfsd_cdc.o
                0x00000000200000d0                descriptor_ptr
 .sbss.ep2_read_select
                0x00000000200000d4        0x1 ./user_libs/ch32v203_usbfsd_cdc.o
                0x00000000200000d4                ep2_read_select
 .sbss.ep2_t0_num_bytes
                0x00000000200000d5        0x1 ./user_libs/ch32v203_usbfsd_cdc.o
                0x00000000200000d5                ep2_t0_num_bytes
 .sbss.ep2_t0_read_offset
                0x00000000200000d6        0x1 ./user_libs/ch32v203_usbfsd_cdc.o
                0x00000000200000d6                ep2_t0_read_offset
 .sbss.ep2_t1_num_bytes
                0x00000000200000d7        0x1 ./user_libs/ch32v203_usbfsd_cdc.o
                0x00000000200000d7                ep2_t1_num_bytes
 .sbss.ep2_t1_read_offset
                0x00000000200000d8        0x1 ./user_libs/ch32v203_usbfsd_cdc.o
                0x00000000200000d8                ep2_t1_read_offset
 .sbss.ep3_t0_num_bytes
                0x00000000200000d9        0x1 ./user_libs/ch32v203_usbfsd_cdc.o
                0x00000000200000d9                ep3_t0_num_bytes
 .sbss.ep3_t1_num_bytes
                0x00000000200000da        0x1 ./user_libs/ch32v203_usbfsd_cdc.o
                0x00000000200000da                ep3_t1_num_bytes
 .sbss.ep3_wip  0x00000000200000db        0x1 ./user_libs/ch32v203_usbfsd_cdc.o
                0x00000000200000db                ep3_wip
 .sbss.ep3_write_select
                0x00000000200000dc        0x1 ./user_libs/ch32v203_usbfsd_cdc.o
                0x00000000200000dc                ep3_write_select
 *fill*         0x00000000200000dd        0x3 
 .sbss.__malloc_free_list
                0x00000000200000e0        0x4 c:/mounriver/mrs_community/toolchain/risc-v embedded gcc/bin/../lib/gcc/riscv-none-embed/8.2.0/../../../../riscv-none-embed/lib/rv32imac/ilp32\libg_nano.a(lib_a-nano-mallocr.o)
                0x00000000200000e0                __malloc_free_list
 .sbss.__malloc_sbrk_start
                0x00000000200000e4        0x4 c:/mounriver/mrs_community/toolchain/risc-v embedded gcc/bin/../lib/gcc/riscv-none-embed/8.2.0/../../../../riscv-none-embed/lib/rv32imac/ilp32\libg_nano.a(lib_a-nano-mallocr.o)
                0x00000000200000e4                __malloc_sbrk_start
 *(.gnu.linkonce.sb.*)
 *(.bss*)
 .bss.uart1_rx_buf
                0x00000000200000e8      0x400 ./user_libs/ch32v203_uart.o
                0x00000000200000e8                uart1_rx_buf
 .bss.uart1_rx_fifo_i
                0x00000000200004e8       0x10 ./user_libs/ch32v203_uart.o
                0x00000000200004e8                uart1_rx_fifo_i
 .bss.uart1_tx_buf
                0x00000000200004f8      0x400 ./user_libs/ch32v203_uart.o
                0x00000000200004f8                uart1_tx_buf
 .bss.uart1_tx_fifo_i
                0x00000000200008f8       0x10 ./user_libs/ch32v203_uart.o
                0x00000000200008f8                uart1_tx_fifo_i
 .bss.ep_config
                0x0000000020000908       0x10 ./user_libs/ch32v203_usbd.o
                0x0000000020000908                ep_config
 .bss.ep0_buffer
                0x0000000020000918        0xa ./user_libs/ch32v203_usbfsd_cdc.o
                0x0000000020000918                ep0_buffer
 *fill*         0x0000000020000922        0x2 
 .bss.ep1_buffer
                0x0000000020000924       0x10 ./user_libs/ch32v203_usbfsd_cdc.o
                0x0000000020000924                ep1_buffer
 .bss.ep2_buffer
                0x0000000020000934       0x80 ./user_libs/ch32v203_usbfsd_cdc.o
                0x0000000020000934                ep2_buffer
 .bss.ep3_buffer
                0x00000000200009b4       0x80 ./user_libs/ch32v203_usbfsd_cdc.o
                0x00000000200009b4                ep3_buffer
 *(.gnu.linkonce.b.*)
 *(COMMON*)
 COMMON         0x0000000020000a34        0x4 c:/mounriver/mrs_community/toolchain/risc-v embedded gcc/bin/../lib/gcc/riscv-none-embed/8.2.0/../../../../riscv-none-embed/lib/rv32imac/ilp32\libg_nano.a(lib_a-reent.o)
                0x0000000020000a34                errno
                0x0000000020000a38                . = ALIGN (0x4)
                0x0000000020000a38                PROVIDE (_ebss = .)
                0x0000000020000a38                PROVIDE (_end = _ebss)
                [!provide]                        PROVIDE (end = .)

.stack          0x0000000020004800      0x800
                0x0000000020004800                PROVIDE (_heap_end = .)
                0x0000000020004800                . = ALIGN (0x4)
                [!provide]                        PROVIDE (_susrstack = .)
                0x0000000020005000                . = (. + __stack_size)
 *fill*         0x0000000020004800      0x800 
                0x0000000020005000                PROVIDE (_eusrstack = .)
OUTPUT(ch32v203_usbfsd_cdc.elf elf32-littleriscv)

.debug_info     0x0000000000000000     0x5696
 .debug_info    0x0000000000000000      0x4e4 ./user_libs/ch32v203_core.o
 .debug_info    0x00000000000004e4      0x205 ./user_libs/ch32v203_gpio.o
 .debug_info    0x00000000000006e9      0x44f ./user_libs/ch32v203_rcc.o
 .debug_info    0x0000000000000b38      0x874 ./user_libs/ch32v203_uart.o
 .debug_info    0x00000000000013ac      0x96a ./user_libs/ch32v203_usbd.o
 .debug_info    0x0000000000001d16      0x9da ./user_libs/ch32v203_usbfsd.o
 .debug_info    0x00000000000026f0      0xd98 ./user_libs/ch32v203_usbfsd_cdc.o
 .debug_info    0x0000000000003488      0x2aa ./user_libs/fifo.o
 .debug_info    0x0000000000003732     0x1353 ./User/main.o
 .debug_info    0x0000000000004a85       0x22 ./Startup/startup_ch32v20x_D6.o
 .debug_info    0x0000000000004aa7      0xbef ./Debug/debug.o

.debug_abbrev   0x0000000000000000     0x1314
 .debug_abbrev  0x0000000000000000      0x127 ./user_libs/ch32v203_core.o
 .debug_abbrev  0x0000000000000127      0x117 ./user_libs/ch32v203_gpio.o
 .debug_abbrev  0x000000000000023e      0x163 ./user_libs/ch32v203_rcc.o
 .debug_abbrev  0x00000000000003a1      0x21f ./user_libs/ch32v203_uart.o
 .debug_abbrev  0x00000000000005c0      0x2c0 ./user_libs/ch32v203_usbd.o
 .debug_abbrev  0x0000000000000880      0x1b6 ./user_libs/ch32v203_usbfsd.o
 .debug_abbrev  0x0000000000000a36      0x2f8 ./user_libs/ch32v203_usbfsd_cdc.o
 .debug_abbrev  0x0000000000000d2e      0x102 ./user_libs/fifo.o
 .debug_abbrev  0x0000000000000e30      0x285 ./User/main.o
 .debug_abbrev  0x00000000000010b5       0x12 ./Startup/startup_ch32v20x_D6.o
 .debug_abbrev  0x00000000000010c7      0x24d ./Debug/debug.o

.debug_loc      0x0000000000000000     0x1832
 .debug_loc     0x0000000000000000       0x57 ./user_libs/ch32v203_core.o
 .debug_loc     0x0000000000000057      0x10b ./user_libs/ch32v203_gpio.o
 .debug_loc     0x0000000000000162      0x267 ./user_libs/ch32v203_rcc.o
 .debug_loc     0x00000000000003c9      0x620 ./user_libs/ch32v203_uart.o
 .debug_loc     0x00000000000009e9      0x353 ./user_libs/ch32v203_usbd.o
 .debug_loc     0x0000000000000d3c       0x5d ./user_libs/ch32v203_usbfsd.o
 .debug_loc     0x0000000000000d99      0x612 ./user_libs/ch32v203_usbfsd_cdc.o
 .debug_loc     0x00000000000013ab      0x3dd ./user_libs/fifo.o
 .debug_loc     0x0000000000001788       0x1e ./User/main.o
 .debug_loc     0x00000000000017a6       0x8c ./Debug/debug.o

.debug_aranges  0x0000000000000000      0x3d8
 .debug_aranges
                0x0000000000000000       0xd8 ./user_libs/ch32v203_core.o
 .debug_aranges
                0x00000000000000d8       0x28 ./user_libs/ch32v203_gpio.o
 .debug_aranges
                0x0000000000000100       0x68 ./user_libs/ch32v203_rcc.o
 .debug_aranges
                0x0000000000000168       0x90 ./user_libs/ch32v203_uart.o
 .debug_aranges
                0x00000000000001f8       0x58 ./user_libs/ch32v203_usbd.o
 .debug_aranges
                0x0000000000000250       0x30 ./user_libs/ch32v203_usbfsd.o
 .debug_aranges
                0x0000000000000280       0xa0 ./user_libs/ch32v203_usbfsd_cdc.o
 .debug_aranges
                0x0000000000000320       0x40 ./user_libs/fifo.o
 .debug_aranges
                0x0000000000000360       0x20 ./User/main.o
 .debug_aranges
                0x0000000000000380       0x30 ./Startup/startup_ch32v20x_D6.o
 .debug_aranges
                0x00000000000003b0       0x28 ./Debug/debug.o

.debug_ranges   0x0000000000000000      0x3b0
 .debug_ranges  0x0000000000000000       0xc8 ./user_libs/ch32v203_core.o
 .debug_ranges  0x00000000000000c8       0x30 ./user_libs/ch32v203_gpio.o
 .debug_ranges  0x00000000000000f8       0x58 ./user_libs/ch32v203_rcc.o
 .debug_ranges  0x0000000000000150       0x80 ./user_libs/ch32v203_uart.o
 .debug_ranges  0x00000000000001d0       0x98 ./user_libs/ch32v203_usbd.o
 .debug_ranges  0x0000000000000268       0x20 ./user_libs/ch32v203_usbfsd.o
 .debug_ranges  0x0000000000000288       0xa8 ./user_libs/ch32v203_usbfsd_cdc.o
 .debug_ranges  0x0000000000000330       0x30 ./user_libs/fifo.o
 .debug_ranges  0x0000000000000360       0x10 ./User/main.o
 .debug_ranges  0x0000000000000370       0x28 ./Startup/startup_ch32v20x_D6.o
 .debug_ranges  0x0000000000000398       0x18 ./Debug/debug.o

.debug_line     0x0000000000000000     0x5ae3
 .debug_line    0x0000000000000000      0x6b2 ./user_libs/ch32v203_core.o
 .debug_line    0x00000000000006b2      0x32a ./user_libs/ch32v203_gpio.o
 .debug_line    0x00000000000009dc      0x7e0 ./user_libs/ch32v203_rcc.o
 .debug_line    0x00000000000011bc      0xc88 ./user_libs/ch32v203_uart.o
 .debug_line    0x0000000000001e44      0xc2e ./user_libs/ch32v203_usbd.o
 .debug_line    0x0000000000002a72      0x7b9 ./user_libs/ch32v203_usbfsd.o
 .debug_line    0x000000000000322b     0x199d ./user_libs/ch32v203_usbfsd_cdc.o
 .debug_line    0x0000000000004bc8      0x61f ./user_libs/fifo.o
 .debug_line    0x00000000000051e7      0x51c ./User/main.o
 .debug_line    0x0000000000005703      0x121 ./Startup/startup_ch32v20x_D6.o
 .debug_line    0x0000000000005824      0x2bf ./Debug/debug.o

.debug_str      0x0000000000000000     0x1b99
 .debug_str     0x0000000000000000      0x32b ./user_libs/ch32v203_core.o
                                        0x394 (size before relaxing)
 .debug_str     0x000000000000032b       0x80 ./user_libs/ch32v203_gpio.o
                                        0x234 (size before relaxing)
 .debug_str     0x00000000000003ab      0x1c8 ./user_libs/ch32v203_rcc.o
                                        0x392 (size before relaxing)
 .debug_str     0x0000000000000573      0x2fe ./user_libs/ch32v203_uart.o
                                        0x4fe (size before relaxing)
 .debug_str     0x0000000000000871      0x5cc ./user_libs/ch32v203_usbd.o
                                        0x7fd (size before relaxing)
 .debug_str     0x0000000000000e3d      0x4c2 ./user_libs/ch32v203_usbfsd.o
                                        0xa13 (size before relaxing)
 .debug_str     0x00000000000012ff      0x40a ./user_libs/ch32v203_usbfsd_cdc.o
                                        0xa43 (size before relaxing)
 .debug_str     0x0000000000001709       0x4c ./user_libs/fifo.o
                                        0x254 (size before relaxing)
 .debug_str     0x0000000000001755      0x3e0 ./User/main.o
                                        0xca1 (size before relaxing)
 .debug_str     0x0000000000001b35       0x2d ./Startup/startup_ch32v20x_D6.o
                                         0x6c (size before relaxing)
 .debug_str     0x0000000000001b62       0x37 ./Debug/debug.o
                                        0x709 (size before relaxing)

.comment        0x0000000000000000       0x33
 .comment       0x0000000000000000       0x33 ./user_libs/ch32v203_core.o
                                         0x34 (size before relaxing)
 .comment       0x0000000000000033       0x34 ./user_libs/ch32v203_gpio.o
 .comment       0x0000000000000033       0x34 ./user_libs/ch32v203_rcc.o
 .comment       0x0000000000000033       0x34 ./user_libs/ch32v203_uart.o
 .comment       0x0000000000000033       0x34 ./user_libs/ch32v203_usbd.o
 .comment       0x0000000000000033       0x34 ./user_libs/ch32v203_usbfsd.o
 .comment       0x0000000000000033       0x34 ./user_libs/ch32v203_usbfsd_cdc.o
 .comment       0x0000000000000033       0x34 ./user_libs/fifo.o
 .comment       0x0000000000000033       0x34 ./User/main.o
 .comment       0x0000000000000033       0x34 ./Debug/debug.o

.debug_frame    0x0000000000000000     0x116c
 .debug_frame   0x0000000000000000      0x19c ./user_libs/ch32v203_core.o
 .debug_frame   0x000000000000019c       0x30 ./user_libs/ch32v203_gpio.o
 .debug_frame   0x00000000000001cc      0x108 ./user_libs/ch32v203_rcc.o
 .debug_frame   0x00000000000002d4      0x1d0 ./user_libs/ch32v203_uart.o
 .debug_frame   0x00000000000004a4       0xc0 ./user_libs/ch32v203_usbd.o
 .debug_frame   0x0000000000000564       0x50 ./user_libs/ch32v203_usbfsd.o
 .debug_frame   0x00000000000005b4      0x1d0 ./user_libs/ch32v203_usbfsd_cdc.o
 .debug_frame   0x0000000000000784       0x60 ./user_libs/fifo.o
 .debug_frame   0x00000000000007e4       0x38 ./User/main.o
 .debug_frame   0x000000000000081c       0x3c ./Debug/debug.o
 .debug_frame   0x0000000000000858       0x54 c:/mounriver/mrs_community/toolchain/risc-v embedded gcc/bin/../lib/gcc/riscv-none-embed/8.2.0/../../../../riscv-none-embed/lib/rv32imac/ilp32\libg_nano.a(lib_a-printf.o)
 .debug_frame   0x00000000000008ac       0x54 c:/mounriver/mrs_community/toolchain/risc-v embedded gcc/bin/../lib/gcc/riscv-none-embed/8.2.0/../../../../riscv-none-embed/lib/rv32imac/ilp32\libg_nano.a(lib_a-puts.o)
 .debug_frame   0x0000000000000900       0x50 c:/mounriver/mrs_community/toolchain/risc-v embedded gcc/bin/../lib/gcc/riscv-none-embed/8.2.0/../../../../riscv-none-embed/lib/rv32imac/ilp32\libg_nano.a(lib_a-wbuf.o)
 .debug_frame   0x0000000000000950       0x3c c:/mounriver/mrs_community/toolchain/risc-v embedded gcc/bin/../lib/gcc/riscv-none-embed/8.2.0/../../../../riscv-none-embed/lib/rv32imac/ilp32\libg_nano.a(lib_a-wsetup.o)
 .debug_frame   0x000000000000098c       0x7c c:/mounriver/mrs_community/toolchain/risc-v embedded gcc/bin/../lib/gcc/riscv-none-embed/8.2.0/../../../../riscv-none-embed/lib/rv32imac/ilp32\libg_nano.a(lib_a-fflush.o)
 .debug_frame   0x0000000000000a08      0x148 c:/mounriver/mrs_community/toolchain/risc-v embedded gcc/bin/../lib/gcc/riscv-none-embed/8.2.0/../../../../riscv-none-embed/lib/rv32imac/ilp32\libg_nano.a(lib_a-findfp.o)
 .debug_frame   0x0000000000000b50       0x88 c:/mounriver/mrs_community/toolchain/risc-v embedded gcc/bin/../lib/gcc/riscv-none-embed/8.2.0/../../../../riscv-none-embed/lib/rv32imac/ilp32\libg_nano.a(lib_a-fwalk.o)
 .debug_frame   0x0000000000000bd8       0x64 c:/mounriver/mrs_community/toolchain/risc-v embedded gcc/bin/../lib/gcc/riscv-none-embed/8.2.0/../../../../riscv-none-embed/lib/rv32imac/ilp32\libg_nano.a(lib_a-makebuf.o)
 .debug_frame   0x0000000000000c3c       0x40 c:/mounriver/mrs_community/toolchain/risc-v embedded gcc/bin/../lib/gcc/riscv-none-embed/8.2.0/../../../../riscv-none-embed/lib/rv32imac/ilp32\libg_nano.a(lib_a-nano-freer.o)
 .debug_frame   0x0000000000000c7c       0x40 c:/mounriver/mrs_community/toolchain/risc-v embedded gcc/bin/../lib/gcc/riscv-none-embed/8.2.0/../../../../riscv-none-embed/lib/rv32imac/ilp32\libg_nano.a(lib_a-nano-mallocr.o)
 .debug_frame   0x0000000000000cbc       0xd0 c:/mounriver/mrs_community/toolchain/risc-v embedded gcc/bin/../lib/gcc/riscv-none-embed/8.2.0/../../../../riscv-none-embed/lib/rv32imac/ilp32\libg_nano.a(lib_a-nano-vfprintf.o)
 .debug_frame   0x0000000000000d8c       0x8c c:/mounriver/mrs_community/toolchain/risc-v embedded gcc/bin/../lib/gcc/riscv-none-embed/8.2.0/../../../../riscv-none-embed/lib/rv32imac/ilp32\libg_nano.a(lib_a-nano-vfprintf_i.o)
 .debug_frame   0x0000000000000e18       0x30 c:/mounriver/mrs_community/toolchain/risc-v embedded gcc/bin/../lib/gcc/riscv-none-embed/8.2.0/../../../../riscv-none-embed/lib/rv32imac/ilp32\libg_nano.a(lib_a-sbrkr.o)
 .debug_frame   0x0000000000000e48       0xa4 c:/mounriver/mrs_community/toolchain/risc-v embedded gcc/bin/../lib/gcc/riscv-none-embed/8.2.0/../../../../riscv-none-embed/lib/rv32imac/ilp32\libg_nano.a(lib_a-stdio.o)
 .debug_frame   0x0000000000000eec       0x30 c:/mounriver/mrs_community/toolchain/risc-v embedded gcc/bin/../lib/gcc/riscv-none-embed/8.2.0/../../../../riscv-none-embed/lib/rv32imac/ilp32\libg_nano.a(lib_a-writer.o)
 .debug_frame   0x0000000000000f1c       0x30 c:/mounriver/mrs_community/toolchain/risc-v embedded gcc/bin/../lib/gcc/riscv-none-embed/8.2.0/../../../../riscv-none-embed/lib/rv32imac/ilp32\libg_nano.a(lib_a-closer.o)
 .debug_frame   0x0000000000000f4c       0x30 c:/mounriver/mrs_community/toolchain/risc-v embedded gcc/bin/../lib/gcc/riscv-none-embed/8.2.0/../../../../riscv-none-embed/lib/rv32imac/ilp32\libg_nano.a(lib_a-fstatr.o)
 .debug_frame   0x0000000000000f7c       0x30 c:/mounriver/mrs_community/toolchain/risc-v embedded gcc/bin/../lib/gcc/riscv-none-embed/8.2.0/../../../../riscv-none-embed/lib/rv32imac/ilp32\libg_nano.a(lib_a-isattyr.o)
 .debug_frame   0x0000000000000fac       0x30 c:/mounriver/mrs_community/toolchain/risc-v embedded gcc/bin/../lib/gcc/riscv-none-embed/8.2.0/../../../../riscv-none-embed/lib/rv32imac/ilp32\libg_nano.a(lib_a-lseekr.o)
 .debug_frame   0x0000000000000fdc       0x20 c:/mounriver/mrs_community/toolchain/risc-v embedded gcc/bin/../lib/gcc/riscv-none-embed/8.2.0/../../../../riscv-none-embed/lib/rv32imac/ilp32\libg_nano.a(lib_a-memchr.o)
 .debug_frame   0x0000000000000ffc       0x30 c:/mounriver/mrs_community/toolchain/risc-v embedded gcc/bin/../lib/gcc/riscv-none-embed/8.2.0/../../../../riscv-none-embed/lib/rv32imac/ilp32\libg_nano.a(lib_a-mlock.o)
 .debug_frame   0x000000000000102c       0x30 c:/mounriver/mrs_community/toolchain/risc-v embedded gcc/bin/../lib/gcc/riscv-none-embed/8.2.0/../../../../riscv-none-embed/lib/rv32imac/ilp32\libg_nano.a(lib_a-readr.o)
 .debug_frame   0x000000000000105c       0x70 c:/mounriver/mrs_community/toolchain/risc-v embedded gcc/bin/../lib/gcc/riscv-none-embed/8.2.0/../../../../riscv-none-embed/lib/rv32imac/ilp32\libg_nano.a(lib_a-reent.o)
 .debug_frame   0x00000000000010cc       0x20 c:/mounriver/mrs_community/toolchain/risc-v embedded gcc/bin/../lib/gcc/riscv-none-embed/8.2.0/../../../../riscv-none-embed/lib/rv32imac/ilp32\libnosys.a(close.o)
 .debug_frame   0x00000000000010ec       0x20 c:/mounriver/mrs_community/toolchain/risc-v embedded gcc/bin/../lib/gcc/riscv-none-embed/8.2.0/../../../../riscv-none-embed/lib/rv32imac/ilp32\libnosys.a(fstat.o)
 .debug_frame   0x000000000000110c       0x20 c:/mounriver/mrs_community/toolchain/risc-v embedded gcc/bin/../lib/gcc/riscv-none-embed/8.2.0/../../../../riscv-none-embed/lib/rv32imac/ilp32\libnosys.a(isatty.o)
 .debug_frame   0x000000000000112c       0x20 c:/mounriver/mrs_community/toolchain/risc-v embedded gcc/bin/../lib/gcc/riscv-none-embed/8.2.0/../../../../riscv-none-embed/lib/rv32imac/ilp32\libnosys.a(lseek.o)
 .debug_frame   0x000000000000114c       0x20 c:/mounriver/mrs_community/toolchain/risc-v embedded gcc/bin/../lib/gcc/riscv-none-embed/8.2.0/../../../../riscv-none-embed/lib/rv32imac/ilp32\libnosys.a(read.o)

.stab           0x0000000000000000       0x84
 .stab          0x0000000000000000       0x24 c:/mounriver/mrs_community/toolchain/risc-v embedded gcc/bin/../lib/gcc/riscv-none-embed/8.2.0/../../../../riscv-none-embed/lib/rv32imac/ilp32\libnosys.a(close.o)
 .stab          0x0000000000000024       0x18 c:/mounriver/mrs_community/toolchain/risc-v embedded gcc/bin/../lib/gcc/riscv-none-embed/8.2.0/../../../../riscv-none-embed/lib/rv32imac/ilp32\libnosys.a(fstat.o)
                                         0x24 (size before relaxing)
 .stab          0x000000000000003c       0x18 c:/mounriver/mrs_community/toolchain/risc-v embedded gcc/bin/../lib/gcc/riscv-none-embed/8.2.0/../../../../riscv-none-embed/lib/rv32imac/ilp32\libnosys.a(isatty.o)
                                         0x24 (size before relaxing)
 .stab          0x0000000000000054       0x18 c:/mounriver/mrs_community/toolchain/risc-v embedded gcc/bin/../lib/gcc/riscv-none-embed/8.2.0/../../../../riscv-none-embed/lib/rv32imac/ilp32\libnosys.a(lseek.o)
                                         0x24 (size before relaxing)
 .stab          0x000000000000006c       0x18 c:/mounriver/mrs_community/toolchain/risc-v embedded gcc/bin/../lib/gcc/riscv-none-embed/8.2.0/../../../../riscv-none-embed/lib/rv32imac/ilp32\libnosys.a(read.o)
                                         0x24 (size before relaxing)

.stabstr        0x0000000000000000      0x117
 .stabstr       0x0000000000000000      0x117 c:/mounriver/mrs_community/toolchain/risc-v embedded gcc/bin/../lib/gcc/riscv-none-embed/8.2.0/../../../../riscv-none-embed/lib/rv32imac/ilp32\libnosys.a(close.o)
