C51 COMPILER V9.60.0.0   CH552_PWM                                                         04/18/2024 21:09:17 PAGE 1   


C51 COMPILER V9.60.0.0, COMPILATION OF MODULE CH552_PWM
OBJECT MODULE PLACED IN .\Objects\CH552_PWM.obj
COMPILER INVOKED BY: C:\Keil_v5\C51\BIN\C51.EXE CH552_PWM.c LARGE OPTIMIZE(8,SPEED) BROWSE DEBUG OBJECTEXTEND PRINT(.\Li
                    -stings\CH552_PWM.lst) OBJECT(.\Objects\CH552_PWM.obj)

line level    source

   1          #include "CH552.H"
   2          #include "System.h"
   3          #include "CH552_PWM.h"
   4          
   5          //The CH552 datsheet does not say how to set the clock divider... Nor does it say which values are valid. 
             -Here are my findings:
   6          //TODO: figure out how it works
   7          void pwm_init(UINT8 pwm, UINT8 pol, UINT8 clk_div, UINT8 pin_map)
   8          {
   9   1              if(pwm & 0x01)
  10   1              {
  11   2                      PWM_CTRL &= ~(bPWM_IE_END | bPWM1_POLAR | bPWM_IF_END | bPWM1_OUT_EN | bPWM_CLR_ALL);
  12   2                      if(pol)
  13   2                              PWM_CTRL |= bPWM1_POLAR;
  14   2                      PIN_FUNC &= ~bPWM1_PIN_X;
  15   2                      PIN_FUNC |= pin_map;
  16   2                      PWM_CTRL |= bPWM1_OUT_EN;
  17   2              }
  18   1              if(pwm & 0x02)
  19   1              {
  20   2                      PWM_CTRL &= ~(bPWM_IE_END | bPWM2_POLAR | bPWM_IF_END | bPWM2_OUT_EN | bPWM_CLR_ALL);
  21   2                      if(pol)
  22   2                              PWM_CTRL |= bPWM2_POLAR;
  23   2                      PIN_FUNC &= ~bPWM2_PIN_X;
  24   2                      PIN_FUNC |= pin_map;
  25   2                      PWM_CTRL |= bPWM2_OUT_EN;
  26   2              }
  27   1              PWM_CK_SE = clk_div;
  28   1      }
  29          
  30          //HINT: pwm_init enables the output
  31          void pwm_set_output_enable(UINT8 pwm, UINT8 oe)
  32          {
  33   1              if(pwm & 0x01)
  34   1              {
  35   2                      if(oe)
  36   2                              PWM_CTRL |= bPWM1_OUT_EN;
  37   2                      else
  38   2                              PWM_CTRL &= ~bPWM1_OUT_EN;
  39   2              }
  40   1              if(pwm & 0x02)
  41   1              {
  42   2                      if(oe)
  43   2                              PWM_CTRL |= bPWM2_OUT_EN;
  44   2                      else
  45   2                              PWM_CTRL &= ~bPWM2_OUT_EN;
  46   2              }
  47   1      }
  48          
  49          void pwm_set_duty_cycle(UINT8 pwm, UINT8 duty)
  50          {
  51   1              if(pwm & 0x01)
  52   1              {
  53   2                      PWM_DATA1 = duty;
C51 COMPILER V9.60.0.0   CH552_PWM                                                         04/18/2024 21:09:17 PAGE 2   

  54   2              }
  55   1              if(pwm & 0x02)
  56   1              {
  57   2                      PWM_DATA2 = duty;
  58   2              }
  59   1      }


MODULE INFORMATION:   STATIC OVERLAYABLE
   CODE SIZE        =    100    ----
   CONSTANT SIZE    =   ----    ----
   XDATA SIZE       =   ----       4
   PDATA SIZE       =   ----    ----
   DATA SIZE        =   ----    ----
   IDATA SIZE       =   ----    ----
   BIT SIZE         =   ----    ----
END OF MODULE INFORMATION.


C51 COMPILATION COMPLETE.  0 WARNING(S),  0 ERROR(S)
