Archive member included to satisfy reference by file (symbol)

c:/mounriver/mrs_community/toolchain/risc-v embedded gcc/bin/../lib/gcc/riscv-none-embed/8.2.0/rv32imac/ilp32\libgcc.a(save-restore.o)
                              ./User/main.o (__riscv_save_2)

Discarded input sections

 .text          0x0000000000000000        0x0 ./user_libs/ch32v307_core.o
 .data          0x0000000000000000        0x0 ./user_libs/ch32v307_core.o
 .bss           0x0000000000000000        0x0 ./user_libs/ch32v307_core.o
 .text.core_delay_us
                0x0000000000000000       0x3a ./user_libs/ch32v307_core.o
 .text.core_get_fflags
                0x0000000000000000        0x6 ./user_libs/ch32v307_core.o
 .text.core_set_fflags
                0x0000000000000000        0x6 ./user_libs/ch32v307_core.o
 .text.core_get_frm
                0x0000000000000000        0x6 ./user_libs/ch32v307_core.o
 .text.core_set_frm
                0x0000000000000000        0x6 ./user_libs/ch32v307_core.o
 .text.core_get_fcsr
                0x0000000000000000        0x6 ./user_libs/ch32v307_core.o
 .text.core_set_fcsr
                0x0000000000000000        0x6 ./user_libs/ch32v307_core.o
 .text.core_get_mstatus
                0x0000000000000000        0x6 ./user_libs/ch32v307_core.o
 .text.core_set_mstatus
                0x0000000000000000        0x6 ./user_libs/ch32v307_core.o
 .text.core_get_misa
                0x0000000000000000        0x6 ./user_libs/ch32v307_core.o
 .text.core_set_misa
                0x0000000000000000        0x6 ./user_libs/ch32v307_core.o
 .text.core_get_mtvec
                0x0000000000000000        0x6 ./user_libs/ch32v307_core.o
 .text.core_set_mtvec
                0x0000000000000000        0x6 ./user_libs/ch32v307_core.o
 .text.core_get_mscratch
                0x0000000000000000        0x6 ./user_libs/ch32v307_core.o
 .text.core_set_mscratch
                0x0000000000000000        0x6 ./user_libs/ch32v307_core.o
 .text.core_get_mepc
                0x0000000000000000        0x6 ./user_libs/ch32v307_core.o
 .text.core_set_mepc
                0x0000000000000000        0x6 ./user_libs/ch32v307_core.o
 .text.core_get_mcause
                0x0000000000000000        0x6 ./user_libs/ch32v307_core.o
 .text.core_set_mcause
                0x0000000000000000        0x6 ./user_libs/ch32v307_core.o
 .text.core_get_mtval
                0x0000000000000000        0x6 ./user_libs/ch32v307_core.o
 .text.core_set_mtval
                0x0000000000000000        0x6 ./user_libs/ch32v307_core.o
 .text.core_get_mvendorid
                0x0000000000000000        0x6 ./user_libs/ch32v307_core.o
 .text.core_get_marchid
                0x0000000000000000        0x6 ./user_libs/ch32v307_core.o
 .text.core_get_mimpid
                0x0000000000000000        0x6 ./user_libs/ch32v307_core.o
 .text.core_get_mhartid
                0x0000000000000000        0x6 ./user_libs/ch32v307_core.o
 .text.core_get_sp
                0x0000000000000000        0x4 ./user_libs/ch32v307_core.o
 .text          0x0000000000000000        0x0 ./user_libs/ch32v307_gpio.o
 .data          0x0000000000000000        0x0 ./user_libs/ch32v307_gpio.o
 .bss           0x0000000000000000        0x0 ./user_libs/ch32v307_gpio.o
 .text.gpio_lock_pin
                0x0000000000000000       0x16 ./user_libs/ch32v307_gpio.o
 .text          0x0000000000000000        0x0 ./user_libs/ch32v307_rcc.o
 .data          0x0000000000000000        0x0 ./user_libs/ch32v307_rcc.o
 .bss           0x0000000000000000        0x0 ./user_libs/ch32v307_rcc.o
 .text.rcc_init_pll2
                0x0000000000000000       0x2a ./user_libs/ch32v307_rcc.o
 .text.rcc_init_pll3
                0x0000000000000000       0x28 ./user_libs/ch32v307_rcc.o
 .text.rcc_compute_pclk1_freq
                0x0000000000000000       0x32 ./user_libs/ch32v307_rcc.o
 .text.rcc_compute_pclk1_tim_freq
                0x0000000000000000       0x32 ./user_libs/ch32v307_rcc.o
 .text.rcc_compute_pclk2_freq
                0x0000000000000000       0x36 ./user_libs/ch32v307_rcc.o
 .text.rcc_compute_pclk2_tim_freq
                0x0000000000000000       0x36 ./user_libs/ch32v307_rcc.o
 .text.rcc_compute_adcclk
                0x0000000000000000       0x28 ./user_libs/ch32v307_rcc.o
 .text          0x0000000000000000        0x0 ./User/main.o
 .data          0x0000000000000000        0x0 ./User/main.o
 .bss           0x0000000000000000        0x0 ./User/main.o
 .text          0x0000000000000000        0x0 ./Startup/startup_ch32v30x_D8C.o
 .data          0x0000000000000000        0x0 ./Startup/startup_ch32v30x_D8C.o
 .bss           0x0000000000000000        0x0 ./Startup/startup_ch32v30x_D8C.o
 .data          0x0000000000000000        0x0 c:/mounriver/mrs_community/toolchain/risc-v embedded gcc/bin/../lib/gcc/riscv-none-embed/8.2.0/rv32imac/ilp32\libgcc.a(save-restore.o)
 .bss           0x0000000000000000        0x0 c:/mounriver/mrs_community/toolchain/risc-v embedded gcc/bin/../lib/gcc/riscv-none-embed/8.2.0/rv32imac/ilp32\libgcc.a(save-restore.o)
 .eh_frame      0x0000000000000000       0xf8 c:/mounriver/mrs_community/toolchain/risc-v embedded gcc/bin/../lib/gcc/riscv-none-embed/8.2.0/rv32imac/ilp32\libgcc.a(save-restore.o)

Memory Configuration

Name             Origin             Length             Attributes
FLASH            0x0000000000000000 0x0000000000048000 xr
RAM              0x0000000020000000 0x0000000000008000 xrw
*default*        0x0000000000000000 0xffffffffffffffff

Linker script and memory map

LOAD ./user_libs/ch32v307_core.o
LOAD ./user_libs/ch32v307_gpio.o
LOAD ./user_libs/ch32v307_rcc.o
LOAD ./User/main.o
LOAD ./Startup/startup_ch32v30x_D8C.o
LOAD c:/mounriver/mrs_community/toolchain/risc-v embedded gcc/bin/../lib/gcc/riscv-none-embed/8.2.0/../../../../riscv-none-embed/lib/rv32imac/ilp32\libm.a
LOAD c:/mounriver/mrs_community/toolchain/risc-v embedded gcc/bin/../lib/gcc/riscv-none-embed/8.2.0/rv32imac/ilp32\libgcc.a
LOAD c:/mounriver/mrs_community/toolchain/risc-v embedded gcc/bin/../lib/gcc/riscv-none-embed/8.2.0/../../../../riscv-none-embed/lib/rv32imac/ilp32\libg_nano.a
LOAD c:/mounriver/mrs_community/toolchain/risc-v embedded gcc/bin/../lib/gcc/riscv-none-embed/8.2.0/../../../../riscv-none-embed/lib/rv32imac/ilp32\libc_nano.a
LOAD c:/mounriver/mrs_community/toolchain/risc-v embedded gcc/bin/../lib/gcc/riscv-none-embed/8.2.0/rv32imac/ilp32\libgcc.a
START GROUP
LOAD c:/mounriver/mrs_community/toolchain/risc-v embedded gcc/bin/../lib/gcc/riscv-none-embed/8.2.0/rv32imac/ilp32\libgcc.a
LOAD c:/mounriver/mrs_community/toolchain/risc-v embedded gcc/bin/../lib/gcc/riscv-none-embed/8.2.0/../../../../riscv-none-embed/lib/rv32imac/ilp32\libc_nano.a
LOAD c:/mounriver/mrs_community/toolchain/risc-v embedded gcc/bin/../lib/gcc/riscv-none-embed/8.2.0/../../../../riscv-none-embed/lib/rv32imac/ilp32\libnosys.a
END GROUP
START GROUP
LOAD c:/mounriver/mrs_community/toolchain/risc-v embedded gcc/bin/../lib/gcc/riscv-none-embed/8.2.0/rv32imac/ilp32\libgcc.a
LOAD c:/mounriver/mrs_community/toolchain/risc-v embedded gcc/bin/../lib/gcc/riscv-none-embed/8.2.0/../../../../riscv-none-embed/lib/rv32imac/ilp32\libc_nano.a
LOAD c:/mounriver/mrs_community/toolchain/risc-v embedded gcc/bin/../lib/gcc/riscv-none-embed/8.2.0/../../../../riscv-none-embed/lib/rv32imac/ilp32\libnosys.a
END GROUP
                0x0000000000000800                __stack_size = 0x800
                [!provide]                        PROVIDE (_stack_size = __stack_size)

.init           0x0000000000000000        0x4
                0x0000000000000000                _sinit = .
                0x0000000000000000                . = ALIGN (0x4)
 *(SORT_NONE(.init))
 .init          0x0000000000000000        0x4 ./Startup/startup_ch32v30x_D8C.o
                0x0000000000000000                _start
                0x0000000000000004                . = ALIGN (0x4)
                0x0000000000000004                _einit = .

.vector         0x0000000000000004      0x1bc
 *(.vector)
 .vector        0x0000000000000004      0x1a0 ./Startup/startup_ch32v30x_D8C.o
                0x00000000000001c0                . = ALIGN (0x40)
 *fill*         0x00000000000001a4       0x1c 

.text           0x00000000000001c0      0x474
                0x00000000000001c0                . = ALIGN (0x4)
 *(.text)
 .text          0x00000000000001c0       0x60 c:/mounriver/mrs_community/toolchain/risc-v embedded gcc/bin/../lib/gcc/riscv-none-embed/8.2.0/rv32imac/ilp32\libgcc.a(save-restore.o)
                0x00000000000001c0                __riscv_save_12
                0x00000000000001c8                __riscv_save_9
                0x00000000000001c8                __riscv_save_11
                0x00000000000001c8                __riscv_save_10
                0x00000000000001c8                __riscv_save_8
                0x00000000000001d6                __riscv_save_4
                0x00000000000001d6                __riscv_save_6
                0x00000000000001d6                __riscv_save_5
                0x00000000000001d6                __riscv_save_7
                0x00000000000001f0                __riscv_save_3
                0x00000000000001f0                __riscv_save_2
                0x00000000000001f0                __riscv_save_1
                0x00000000000001f0                __riscv_save_0
                0x00000000000001fc                __riscv_restore_12
                0x0000000000000200                __riscv_restore_11
                0x0000000000000200                __riscv_restore_9
                0x0000000000000200                __riscv_restore_10
                0x0000000000000200                __riscv_restore_8
                0x000000000000020a                __riscv_restore_5
                0x000000000000020a                __riscv_restore_7
                0x000000000000020a                __riscv_restore_6
                0x000000000000020a                __riscv_restore_4
                0x0000000000000214                __riscv_restore_3
                0x0000000000000214                __riscv_restore_0
                0x0000000000000214                __riscv_restore_2
                0x0000000000000214                __riscv_restore_1
 *(.text.*)
 .text.NMI_Handler
                0x0000000000000220        0x2 ./user_libs/ch32v307_core.o
                0x0000000000000220                NMI_Handler
 .text.HardFault_Handler
                0x0000000000000222        0x2 ./user_libs/ch32v307_core.o
                0x0000000000000222                HardFault_Handler
 .text.core_delay_init
                0x0000000000000224       0x30 ./user_libs/ch32v307_core.o
                0x0000000000000224                core_delay_init
 .text.core_delay_ms
                0x0000000000000254       0x3a ./user_libs/ch32v307_core.o
                0x0000000000000254                core_delay_ms
 .text.gpio_set_mode
                0x000000000000028e       0x66 ./user_libs/ch32v307_gpio.o
                0x000000000000028e                gpio_set_mode
 .text.rcc_hse_init
                0x00000000000002f4       0x4c ./user_libs/ch32v307_rcc.o
                0x00000000000002f4                rcc_hse_init
 .text.rcc_init_pll
                0x0000000000000340       0x3c ./user_libs/ch32v307_rcc.o
                0x0000000000000340                rcc_init_pll
 .text.rcc_system_init
                0x000000000000037c       0xc2 ./user_libs/ch32v307_rcc.o
                0x000000000000037c                rcc_system_init
 .text.rcc_compute_sysclk_freq
                0x000000000000043e       0xba ./user_libs/ch32v307_rcc.o
                0x000000000000043e                rcc_compute_sysclk_freq
 .text.rcc_compute_hclk_freq
                0x00000000000004f8       0x2c ./user_libs/ch32v307_rcc.o
                0x00000000000004f8                rcc_compute_hclk_freq
 .text.startup.main
                0x0000000000000524       0x5a ./User/main.o
                0x0000000000000524                main
 .text.vector_handler
                0x000000000000057e        0x2 ./Startup/startup_ch32v30x_D8C.o
                0x000000000000057e                EXTI2_IRQHandler
                0x000000000000057e                TIM8_TRG_COM_IRQHandler
                0x000000000000057e                TIM8_CC_IRQHandler
                0x000000000000057e                UART8_IRQHandler
                0x000000000000057e                TIM1_CC_IRQHandler
                0x000000000000057e                TIM6_IRQHandler
                0x000000000000057e                SysTick_Handler
                0x000000000000057e                PVD_IRQHandler
                0x000000000000057e                SDIO_IRQHandler
                0x000000000000057e                TIM9_BRK_IRQHandler
                0x000000000000057e                DMA2_Channel8_IRQHandler
                0x000000000000057e                CAN2_RX1_IRQHandler
                0x000000000000057e                EXTI3_IRQHandler
                0x000000000000057e                USBHS_IRQHandler
                0x000000000000057e                DMA2_Channel9_IRQHandler
                0x000000000000057e                TIM10_CC_IRQHandler
                0x000000000000057e                EXTI0_IRQHandler
                0x000000000000057e                I2C2_EV_IRQHandler
                0x000000000000057e                TIM10_TRG_COM_IRQHandler
                0x000000000000057e                CAN2_SCE_IRQHandler
                0x000000000000057e                ADC1_2_IRQHandler
                0x000000000000057e                Break_Point_Handler
                0x000000000000057e                SPI1_IRQHandler
                0x000000000000057e                TAMPER_IRQHandler
                0x000000000000057e                CAN2_RX0_IRQHandler
                0x000000000000057e                TIM8_UP_IRQHandler
                0x000000000000057e                Ecall_M_Mode_Handler
                0x000000000000057e                DMA2_Channel2_IRQHandler
                0x000000000000057e                DMA1_Channel4_IRQHandler
                0x000000000000057e                TIM9_UP_IRQHandler
                0x000000000000057e                USART3_IRQHandler
                0x000000000000057e                RTC_IRQHandler
                0x000000000000057e                DMA1_Channel7_IRQHandler
                0x000000000000057e                CAN1_RX1_IRQHandler
                0x000000000000057e                DVP_IRQHandler
                0x000000000000057e                UART5_IRQHandler
                0x000000000000057e                TIM4_IRQHandler
                0x000000000000057e                DMA2_Channel1_IRQHandler
                0x000000000000057e                I2C1_EV_IRQHandler
                0x000000000000057e                DMA1_Channel6_IRQHandler
                0x000000000000057e                UART4_IRQHandler
                0x000000000000057e                DMA2_Channel4_IRQHandler
                0x000000000000057e                TIM3_IRQHandler
                0x000000000000057e                RCC_IRQHandler
                0x000000000000057e                TIM1_TRG_COM_IRQHandler
                0x000000000000057e                DMA1_Channel1_IRQHandler
                0x000000000000057e                DMA2_Channel7_IRQHandler
                0x000000000000057e                EXTI15_10_IRQHandler
                0x000000000000057e                TIM7_IRQHandler
                0x000000000000057e                CAN2_TX_IRQHandler
                0x000000000000057e                TIM5_IRQHandler
                0x000000000000057e                EXTI9_5_IRQHandler
                0x000000000000057e                ETH_WKUP_IRQHandler
                0x000000000000057e                SPI2_IRQHandler
                0x000000000000057e                TIM10_BRK_IRQHandler
                0x000000000000057e                TIM9_CC_IRQHandler
                0x000000000000057e                DMA2_Channel5_IRQHandler
                0x000000000000057e                DMA1_Channel5_IRQHandler
                0x000000000000057e                EXTI4_IRQHandler
                0x000000000000057e                USB_LP_CAN1_RX0_IRQHandler
                0x000000000000057e                RNG_IRQHandler
                0x000000000000057e                USB_HP_CAN1_TX_IRQHandler
                0x000000000000057e                DMA1_Channel3_IRQHandler
                0x000000000000057e                FSMC_IRQHandler
                0x000000000000057e                ETH_IRQHandler
                0x000000000000057e                TIM1_UP_IRQHandler
                0x000000000000057e                WWDG_IRQHandler
                0x000000000000057e                USBHSWakeup_IRQHandler
                0x000000000000057e                DMA2_Channel11_IRQHandler
                0x000000000000057e                Ecall_U_Mode_Handler
                0x000000000000057e                DMA2_Channel6_IRQHandler
                0x000000000000057e                TIM2_IRQHandler
                0x000000000000057e                SW_Handler
                0x000000000000057e                TIM1_BRK_IRQHandler
                0x000000000000057e                DMA2_Channel10_IRQHandler
                0x000000000000057e                EXTI1_IRQHandler
                0x000000000000057e                RTCAlarm_IRQHandler
                0x000000000000057e                TIM10_UP_IRQHandler
                0x000000000000057e                TIM9_TRG_COM_IRQHandler
                0x000000000000057e                UART7_IRQHandler
                0x000000000000057e                USART2_IRQHandler
                0x000000000000057e                UART6_IRQHandler
                0x000000000000057e                I2C2_ER_IRQHandler
                0x000000000000057e                DMA1_Channel2_IRQHandler
                0x000000000000057e                TIM8_BRK_IRQHandler
                0x000000000000057e                CAN1_SCE_IRQHandler
                0x000000000000057e                FLASH_IRQHandler
                0x000000000000057e                USART1_IRQHandler
                0x000000000000057e                OTG_FS_IRQHandler
                0x000000000000057e                SPI3_IRQHandler
                0x000000000000057e                I2C1_ER_IRQHandler
                0x000000000000057e                USBWakeUp_IRQHandler
                0x000000000000057e                DMA2_Channel3_IRQHandler
 .text.handle_reset
                0x0000000000000580       0x92 ./Startup/startup_ch32v30x_D8C.o
                0x0000000000000580                handle_reset
 *(.rodata)
 *(.rodata*)
 *fill*         0x0000000000000612        0x2 
 .rodata.pll2_mul_lut
                0x0000000000000614       0x10 ./user_libs/ch32v307_rcc.o
 .rodata.pll_mul_lut
                0x0000000000000624       0x10 ./user_libs/ch32v307_rcc.o
 *(.gnu.linkonce.t.*)
                0x0000000000000634                . = ALIGN (0x4)

.rela.dyn       0x0000000000000634        0x0
 .rela.init     0x0000000000000634        0x0 ./user_libs/ch32v307_core.o
 .rela.vector   0x0000000000000634        0x0 ./user_libs/ch32v307_core.o
 .rela.text.handle_reset
                0x0000000000000634        0x0 ./user_libs/ch32v307_core.o

.fini           0x0000000000000634        0x0
 *(SORT_NONE(.fini))
                0x0000000000000634                . = ALIGN (0x4)
                [!provide]                        PROVIDE (_etext = .)
                [!provide]                        PROVIDE (_eitcm = .)

.preinit_array  0x0000000000000634        0x0
                [!provide]                        PROVIDE (__preinit_array_start = .)
 *(.preinit_array)
                [!provide]                        PROVIDE (__preinit_array_end = .)

.init_array     0x0000000000000634        0x0
                [!provide]                        PROVIDE (__init_array_start = .)
 *(SORT_BY_INIT_PRIORITY(.init_array.*) SORT_BY_INIT_PRIORITY(.ctors.*))
 *(.init_array EXCLUDE_FILE(*crtend?.o *crtend.o *crtbegin?.o *crtbegin.o) .ctors)
                [!provide]                        PROVIDE (__init_array_end = .)

.fini_array     0x0000000000000634        0x0
                [!provide]                        PROVIDE (__fini_array_start = .)
 *(SORT_BY_INIT_PRIORITY(.fini_array.*) SORT_BY_INIT_PRIORITY(.dtors.*))
 *(.fini_array EXCLUDE_FILE(*crtend?.o *crtend.o *crtbegin?.o *crtbegin.o) .dtors)
                [!provide]                        PROVIDE (__fini_array_end = .)

.ctors
 *crtbegin.o(.ctors)
 *crtbegin?.o(.ctors)
 *(EXCLUDE_FILE(*crtend?.o *crtend.o) .ctors)
 *(SORT_BY_NAME(.ctors.*))
 *(.ctors)

.dtors
 *crtbegin.o(.dtors)
 *crtbegin?.o(.dtors)
 *(EXCLUDE_FILE(*crtend?.o *crtend.o) .dtors)
 *(SORT_BY_NAME(.dtors.*))
 *(.dtors)

.dalign         0x0000000020000000        0x0 load address 0x0000000000000634
                0x0000000020000000                . = ALIGN (0x4)
                0x0000000020000000                PROVIDE (_data_vma = .)

.dlalign        0x0000000000000634        0x0
                0x0000000000000634                . = ALIGN (0x4)
                0x0000000000000634                PROVIDE (_data_lma = .)

.data           0x0000000020000000        0x0 load address 0x0000000000000634
 *(.gnu.linkonce.r.*)
 *(.data .data.*)
 *(.gnu.linkonce.d.*)
                0x0000000020000000                . = ALIGN (0x8)
                0x0000000020000800                PROVIDE (__global_pointer$ = (. + 0x800))
 *(.sdata .sdata.*)
 *(.sdata2.*)
 *(.gnu.linkonce.s.*)
                0x0000000020000000                . = ALIGN (0x8)
 *(.srodata.cst16)
 *(.srodata.cst8)
 *(.srodata.cst4)
 *(.srodata.cst2)
 *(.srodata .srodata.*)
                0x0000000020000000                . = ALIGN (0x4)
                0x0000000020000000                PROVIDE (_edata = .)

.bss            0x0000000020000000        0x4 load address 0x0000000000000634
                0x0000000020000000                . = ALIGN (0x4)
                0x0000000020000000                PROVIDE (_sbss = .)
 *(.sbss*)
 .sbss.p_ms     0x0000000020000000        0x2 ./user_libs/ch32v307_core.o
 .sbss.p_us     0x0000000020000002        0x1 ./user_libs/ch32v307_core.o
 *(.gnu.linkonce.sb.*)
 *(.bss*)
 *(.gnu.linkonce.b.*)
 *(COMMON*)
                0x0000000020000004                . = ALIGN (0x4)
 *fill*         0x0000000020000003        0x1 
                0x0000000020000004                PROVIDE (_ebss = .)
                [!provide]                        PROVIDE (_end = _ebss)
                [!provide]                        PROVIDE (end = .)

.stack          0x0000000020007800      0x800
                [!provide]                        PROVIDE (_heap_end = .)
                0x0000000020007800                . = ALIGN (0x4)
                [!provide]                        PROVIDE (_susrstack = .)
                0x0000000020008000                . = (. + __stack_size)
 *fill*         0x0000000020007800      0x800 
                0x0000000020008000                PROVIDE (_eusrstack = .)
OUTPUT(ch32v307_rcc_gpio.elf elf32-littleriscv)

.debug_info     0x0000000000000000      0xfa6
 .debug_info    0x0000000000000000      0x5ce ./user_libs/ch32v307_core.o
 .debug_info    0x00000000000005ce      0x205 ./user_libs/ch32v307_gpio.o
 .debug_info    0x00000000000007d3      0x511 ./user_libs/ch32v307_rcc.o
 .debug_info    0x0000000000000ce4      0x2a0 ./User/main.o
 .debug_info    0x0000000000000f84       0x22 ./Startup/startup_ch32v30x_D8C.o

.debug_abbrev   0x0000000000000000      0x4ce
 .debug_abbrev  0x0000000000000000      0x127 ./user_libs/ch32v307_core.o
 .debug_abbrev  0x0000000000000127      0x117 ./user_libs/ch32v307_gpio.o
 .debug_abbrev  0x000000000000023e      0x18d ./user_libs/ch32v307_rcc.o
 .debug_abbrev  0x00000000000003cb       0xf1 ./User/main.o
 .debug_abbrev  0x00000000000004bc       0x12 ./Startup/startup_ch32v30x_D8C.o

.debug_loc      0x0000000000000000      0x4db
 .debug_loc     0x0000000000000000       0x57 ./user_libs/ch32v307_core.o
 .debug_loc     0x0000000000000057      0x10b ./user_libs/ch32v307_gpio.o
 .debug_loc     0x0000000000000162      0x34f ./user_libs/ch32v307_rcc.o
 .debug_loc     0x00000000000004b1       0x2a ./User/main.o

.debug_aranges  0x0000000000000000      0x1f8
 .debug_aranges
                0x0000000000000000      0x108 ./user_libs/ch32v307_core.o
 .debug_aranges
                0x0000000000000108       0x28 ./user_libs/ch32v307_gpio.o
 .debug_aranges
                0x0000000000000130       0x78 ./user_libs/ch32v307_rcc.o
 .debug_aranges
                0x00000000000001a8       0x20 ./User/main.o
 .debug_aranges
                0x00000000000001c8       0x30 ./Startup/startup_ch32v30x_D8C.o

.debug_ranges   0x0000000000000000      0x1c8
 .debug_ranges  0x0000000000000000       0xf8 ./user_libs/ch32v307_core.o
 .debug_ranges  0x00000000000000f8       0x30 ./user_libs/ch32v307_gpio.o
 .debug_ranges  0x0000000000000128       0x68 ./user_libs/ch32v307_rcc.o
 .debug_ranges  0x0000000000000190       0x10 ./User/main.o
 .debug_ranges  0x00000000000001a0       0x28 ./Startup/startup_ch32v30x_D8C.o

.debug_line     0x0000000000000000     0x17d0
 .debug_line    0x0000000000000000      0x7ae ./user_libs/ch32v307_core.o
 .debug_line    0x00000000000007ae      0x32c ./user_libs/ch32v307_gpio.o
 .debug_line    0x0000000000000ada      0x98d ./user_libs/ch32v307_rcc.o
 .debug_line    0x0000000000001467      0x247 ./User/main.o
 .debug_line    0x00000000000016ae      0x122 ./Startup/startup_ch32v30x_D8C.o

.debug_str      0x0000000000000000      0x67f
 .debug_str     0x0000000000000000      0x38c ./user_libs/ch32v307_core.o
                                        0x3e8 (size before relaxing)
 .debug_str     0x000000000000038c       0x80 ./user_libs/ch32v307_gpio.o
                                        0x232 (size before relaxing)
 .debug_str     0x000000000000040c      0x22b ./user_libs/ch32v307_rcc.o
                                        0x3f3 (size before relaxing)
 .debug_str     0x0000000000000637       0x1a ./User/main.o
                                        0x277 (size before relaxing)
 .debug_str     0x0000000000000651       0x2e ./Startup/startup_ch32v30x_D8C.o
                                         0x6b (size before relaxing)

.comment        0x0000000000000000       0x33
 .comment       0x0000000000000000       0x33 ./user_libs/ch32v307_core.o
                                         0x34 (size before relaxing)
 .comment       0x0000000000000033       0x34 ./user_libs/ch32v307_gpio.o
 .comment       0x0000000000000033       0x34 ./user_libs/ch32v307_rcc.o
 .comment       0x0000000000000033       0x34 ./User/main.o

.debug_frame    0x0000000000000000      0x380
 .debug_frame   0x0000000000000000      0x1fc ./user_libs/ch32v307_core.o
 .debug_frame   0x00000000000001fc       0x30 ./user_libs/ch32v307_gpio.o
 .debug_frame   0x000000000000022c      0x128 ./user_libs/ch32v307_rcc.o
 .debug_frame   0x0000000000000354       0x2c ./User/main.o
