Archive member included to satisfy reference by file (symbol)

/home/dragomir/MounRiver_Studio_Community_Linux_x64_V170/MRS_Community/toolchain/arm-none-eabi-gcc/bin/../lib/gcc/arm-none-eabi/9.3.1/../../../../arm-none-eabi/lib/thumb/v7-m/nofp/libg_nano.a(lib_a-errno.o)
                              ./Debug/debug.o (__errno)
/home/dragomir/MounRiver_Studio_Community_Linux_x64_V170/MRS_Community/toolchain/arm-none-eabi-gcc/bin/../lib/gcc/arm-none-eabi/9.3.1/../../../../arm-none-eabi/lib/thumb/v7-m/nofp/libg_nano.a(lib_a-impure.o)
                              /home/dragomir/MounRiver_Studio_Community_Linux_x64_V170/MRS_Community/toolchain/arm-none-eabi-gcc/bin/../lib/gcc/arm-none-eabi/9.3.1/../../../../arm-none-eabi/lib/thumb/v7-m/nofp/libg_nano.a(lib_a-errno.o) (_impure_ptr)
/home/dragomir/MounRiver_Studio_Community_Linux_x64_V170/MRS_Community/toolchain/arm-none-eabi-gcc/bin/../lib/gcc/arm-none-eabi/9.3.1/../../../../arm-none-eabi/lib/thumb/v7-m/nofp/libg_nano.a(lib_a-printf.o)
                              ./User/main.o (printf)
/home/dragomir/MounRiver_Studio_Community_Linux_x64_V170/MRS_Community/toolchain/arm-none-eabi-gcc/bin/../lib/gcc/arm-none-eabi/9.3.1/../../../../arm-none-eabi/lib/thumb/v7-m/nofp/libg_nano.a(lib_a-puts.o)
                              ./User/main.o (puts)
/home/dragomir/MounRiver_Studio_Community_Linux_x64_V170/MRS_Community/toolchain/arm-none-eabi-gcc/bin/../lib/gcc/arm-none-eabi/9.3.1/../../../../arm-none-eabi/lib/thumb/v7-m/nofp/libg_nano.a(lib_a-wbuf.o)
                              /home/dragomir/MounRiver_Studio_Community_Linux_x64_V170/MRS_Community/toolchain/arm-none-eabi-gcc/bin/../lib/gcc/arm-none-eabi/9.3.1/../../../../arm-none-eabi/lib/thumb/v7-m/nofp/libg_nano.a(lib_a-puts.o) (__swbuf_r)
/home/dragomir/MounRiver_Studio_Community_Linux_x64_V170/MRS_Community/toolchain/arm-none-eabi-gcc/bin/../lib/gcc/arm-none-eabi/9.3.1/../../../../arm-none-eabi/lib/thumb/v7-m/nofp/libg_nano.a(lib_a-wsetup.o)
                              /home/dragomir/MounRiver_Studio_Community_Linux_x64_V170/MRS_Community/toolchain/arm-none-eabi-gcc/bin/../lib/gcc/arm-none-eabi/9.3.1/../../../../arm-none-eabi/lib/thumb/v7-m/nofp/libg_nano.a(lib_a-puts.o) (__swsetup_r)
/home/dragomir/MounRiver_Studio_Community_Linux_x64_V170/MRS_Community/toolchain/arm-none-eabi-gcc/bin/../lib/gcc/arm-none-eabi/9.3.1/../../../../arm-none-eabi/lib/thumb/v7-m/nofp/libg_nano.a(lib_a-fflush.o)
                              /home/dragomir/MounRiver_Studio_Community_Linux_x64_V170/MRS_Community/toolchain/arm-none-eabi-gcc/bin/../lib/gcc/arm-none-eabi/9.3.1/../../../../arm-none-eabi/lib/thumb/v7-m/nofp/libg_nano.a(lib_a-wbuf.o) (_fflush_r)
/home/dragomir/MounRiver_Studio_Community_Linux_x64_V170/MRS_Community/toolchain/arm-none-eabi-gcc/bin/../lib/gcc/arm-none-eabi/9.3.1/../../../../arm-none-eabi/lib/thumb/v7-m/nofp/libg_nano.a(lib_a-findfp.o)
                              /home/dragomir/MounRiver_Studio_Community_Linux_x64_V170/MRS_Community/toolchain/arm-none-eabi-gcc/bin/../lib/gcc/arm-none-eabi/9.3.1/../../../../arm-none-eabi/lib/thumb/v7-m/nofp/libg_nano.a(lib_a-printf.o) (__sinit)
/home/dragomir/MounRiver_Studio_Community_Linux_x64_V170/MRS_Community/toolchain/arm-none-eabi-gcc/bin/../lib/gcc/arm-none-eabi/9.3.1/../../../../arm-none-eabi/lib/thumb/v7-m/nofp/libg_nano.a(lib_a-fwalk.o)
                              /home/dragomir/MounRiver_Studio_Community_Linux_x64_V170/MRS_Community/toolchain/arm-none-eabi-gcc/bin/../lib/gcc/arm-none-eabi/9.3.1/../../../../arm-none-eabi/lib/thumb/v7-m/nofp/libg_nano.a(lib_a-findfp.o) (_fwalk)
/home/dragomir/MounRiver_Studio_Community_Linux_x64_V170/MRS_Community/toolchain/arm-none-eabi-gcc/bin/../lib/gcc/arm-none-eabi/9.3.1/../../../../arm-none-eabi/lib/thumb/v7-m/nofp/libg_nano.a(lib_a-lock.o)
                              /home/dragomir/MounRiver_Studio_Community_Linux_x64_V170/MRS_Community/toolchain/arm-none-eabi-gcc/bin/../lib/gcc/arm-none-eabi/9.3.1/../../../../arm-none-eabi/lib/thumb/v7-m/nofp/libg_nano.a(lib_a-findfp.o) (__retarget_lock_init_recursive)
/home/dragomir/MounRiver_Studio_Community_Linux_x64_V170/MRS_Community/toolchain/arm-none-eabi-gcc/bin/../lib/gcc/arm-none-eabi/9.3.1/../../../../arm-none-eabi/lib/thumb/v7-m/nofp/libg_nano.a(lib_a-makebuf.o)
                              /home/dragomir/MounRiver_Studio_Community_Linux_x64_V170/MRS_Community/toolchain/arm-none-eabi-gcc/bin/../lib/gcc/arm-none-eabi/9.3.1/../../../../arm-none-eabi/lib/thumb/v7-m/nofp/libg_nano.a(lib_a-wsetup.o) (__smakebuf_r)
/home/dragomir/MounRiver_Studio_Community_Linux_x64_V170/MRS_Community/toolchain/arm-none-eabi-gcc/bin/../lib/gcc/arm-none-eabi/9.3.1/../../../../arm-none-eabi/lib/thumb/v7-m/nofp/libg_nano.a(lib_a-memset.o)
                              /home/dragomir/MounRiver_Studio_Community_Linux_x64_V170/MRS_Community/toolchain/arm-none-eabi-gcc/bin/../lib/gcc/arm-none-eabi/9.3.1/../../../../arm-none-eabi/lib/thumb/v7-m/nofp/libg_nano.a(lib_a-findfp.o) (memset)
[...]
Memory Configuration

Name             Origin             Length             Attributes
RAM              0x0000000020000000 0x0000000000014000 xrw
RAM2             0x000000002001c000 0x0000000000004000 xrw
FLASH            0x0000000008000000 0x0000000000040000 xr
*default*        0x0000000000000000 0xffffffffffffffff

Linker script and memory map

LOAD ./user_libs/fifo.o
LOAD ./user_libs/stm32f205_core.o
LOAD ./user_libs/stm32f205_gpio.o
LOAD ./user_libs/stm32f205_rcc.o
LOAD ./user_libs/stm32f205_uart.o
LOAD ./User/main.o
LOAD ./Startup/startup_stm32f205vctx.o
LOAD ./Debug/debug.o
START GROUP
LOAD /home/dragomir/MounRiver_Studio_Community_Linux_x64_V170/MRS_Community/toolchain/arm-none-eabi-gcc/bin/../lib/gcc/arm-none-eabi/9.3.1/thumb/v7-m/nofp/libgcc.a
LOAD /home/dragomir/MounRiver_Studio_Community_Linux_x64_V170/MRS_Community/toolchain/arm-none-eabi-gcc/bin/../lib/gcc/arm-none-eabi/9.3.1/../../../../arm-none-eabi/lib/thumb/v7-m/nofp/libg_nano.a
LOAD /home/dragomir/MounRiver_Studio_Community_Linux_x64_V170/MRS_Community/toolchain/arm-none-eabi-gcc/bin/../lib/gcc/arm-none-eabi/9.3.1/../../../../arm-none-eabi/lib/thumb/v7-m/nofp/libc_nano.a
END GROUP
START GROUP
LOAD /home/dragomir/MounRiver_Studio_Community_Linux_x64_V170/MRS_Community/toolchain/arm-none-eabi-gcc/bin/../lib/gcc/arm-none-eabi/9.3.1/thumb/v7-m/nofp/libgcc.a
LOAD /home/dragomir/MounRiver_Studio_Community_Linux_x64_V170/MRS_Community/toolchain/arm-none-eabi-gcc/bin/../lib/gcc/arm-none-eabi/9.3.1/../../../../arm-none-eabi/lib/thumb/v7-m/nofp/libc_nano.a
LOAD /home/dragomir/MounRiver_Studio_Community_Linux_x64_V170/MRS_Community/toolchain/arm-none-eabi-gcc/bin/../lib/gcc/arm-none-eabi/9.3.1/../../../../arm-none-eabi/lib/thumb/v7-m/nofp/libnosys.a
END GROUP
START GROUP
LOAD /home/dragomir/MounRiver_Studio_Community_Linux_x64_V170/MRS_Community/toolchain/arm-none-eabi-gcc/bin/../lib/gcc/arm-none-eabi/9.3.1/thumb/v7-m/nofp/libgcc.a
LOAD /home/dragomir/MounRiver_Studio_Community_Linux_x64_V170/MRS_Community/toolchain/arm-none-eabi-gcc/bin/../lib/gcc/arm-none-eabi/9.3.1/../../../../arm-none-eabi/lib/thumb/v7-m/nofp/libc_nano.a
LOAD /home/dragomir/MounRiver_Studio_Community_Linux_x64_V170/MRS_Community/toolchain/arm-none-eabi-gcc/bin/../lib/gcc/arm-none-eabi/9.3.1/../../../../arm-none-eabi/lib/thumb/v7-m/nofp/libnosys.a
END GROUP
                0x0000000020014000                _estack = (ORIGIN (RAM) + LENGTH (RAM))
                0x0000000000000200                _Min_Heap_Size = 0x200
                0x0000000000000400                _Min_Stack_Size = 0x400

.isr_vector     0x0000000008000000      0x184
                0x0000000008000000                . = ALIGN (0x4)
 *(.isr_vector)
 .isr_vector    0x0000000008000000      0x184 ./Startup/startup_stm32f205vctx.o
                0x0000000008000000                g_pfnVectors
                0x0000000008000184                . = ALIGN (0x4)

.text           0x0000000008000184     0x1940
                0x0000000008000184                . = ALIGN (0x4)
 *(.text)
 *(.text*)
 .text.fifo_init
                0x0000000008000184        0xc ./user_libs/fifo.o
                0x0000000008000184                fifo_init
 .text.fifo_push
                0x0000000008000190       0x28 ./user_libs/fifo.o
                0x0000000008000190                fifo_push
 .text.fifo_pop
                0x00000000080001b8       0x22 ./user_libs/fifo.o
                0x00000000080001b8                fifo_pop
 .text.fifo_write
                0x00000000080001da       0x64 ./user_libs/fifo.o
                0x00000000080001da                fifo_write
 *fill*         0x000000000800023e        0x2 
 .text.core_delay_init
                0x0000000008000240       0x28 ./user_libs/stm32f205_core.o
                0x0000000008000240                core_delay_init
 .text.core_delay_ms
                0x0000000008000268       0x38 ./user_libs/stm32f205_core.o
                0x0000000008000268                core_delay_ms
 .text.gpio_set_mode
                0x00000000080002a0       0x9c ./user_libs/stm32f205_gpio.o
                0x00000000080002a0                gpio_set_mode
 .text.gpio_set_alternate_function
                0x000000000800033c       0x5a ./user_libs/stm32f205_gpio.o
                0x000000000800033c                gpio_set_alternate_function
 *fill*         0x0000000008000396        0x2 
 .text.rcc_system_init
                0x0000000008000398       0xc0 ./user_libs/stm32f205_rcc.o
                0x0000000008000398                rcc_system_init
 .text.rcc_compute_sysclk_freq
                0x0000000008000458       0x4c ./user_libs/stm32f205_rcc.o
                0x0000000008000458                rcc_compute_sysclk_freq
 .text.rcc_compute_hclk_freq
                0x00000000080004a4       0x28 ./user_libs/stm32f205_rcc.o
                0x00000000080004a4                rcc_compute_hclk_freq
 .text.rcc_compute_pclk1_freq
                0x00000000080004cc       0x20 ./user_libs/stm32f205_rcc.o
                0x00000000080004cc                rcc_compute_pclk1_freq
 .text.rcc_compute_pclk2_freq
                0x00000000080004ec       0x20 ./user_libs/stm32f205_rcc.o
                0x00000000080004ec                rcc_compute_pclk2_freq
 .text.USART1_IRQHandler
                0x000000000800050c       0x44 ./user_libs/stm32f205_uart.o
                0x000000000800050c                USART1_IRQHandler
 .text.USART2_IRQHandler
                0x0000000008000550       0x58 ./user_libs/stm32f205_uart.o
                0x0000000008000550                USART2_IRQHandler
 .text.USART3_IRQHandler
                0x00000000080005a8       0x48 ./user_libs/stm32f205_uart.o
                0x00000000080005a8                USART3_IRQHandler
 .text.UART4_IRQHandler
                0x00000000080005f0       0x48 ./user_libs/stm32f205_uart.o
                0x00000000080005f0                UART4_IRQHandler
 .text.UART5_IRQHandler
                0x0000000008000638       0x58 ./user_libs/stm32f205_uart.o
                0x0000000008000638                UART5_IRQHandler
 .text.USART6_IRQHandler
                0x0000000008000690       0x58 ./user_libs/stm32f205_uart.o
                0x0000000008000690                USART6_IRQHandler
 .text.uart_init
                0x00000000080006e8       0xcc ./user_libs/stm32f205_uart.o
                0x00000000080006e8                uart_init
 .text.uart_bytes_available
                0x00000000080007b4        0x6 ./user_libs/stm32f205_uart.o
                0x00000000080007b4                uart_bytes_available
 .text.uart_read_byte
                0x00000000080007ba       0x24 ./user_libs/stm32f205_uart.o
                0x00000000080007ba                uart_read_byte
 .text.uart_write_byte
                0x00000000080007de       0x2e ./user_libs/stm32f205_uart.o
                0x00000000080007de                uart_write_byte
 .text.uart_write_bytes
                0x000000000800080c       0x72 ./user_libs/stm32f205_uart.o
                0x000000000800080c                uart_write_bytes
 *fill*         0x000000000800087e        0x2 
 .text.startup.main
                0x0000000008000880      0x180 ./User/main.o
                0x0000000008000880                main
 .text.Reset_Handler
                0x0000000008000a00       0x4c ./Startup/startup_stm32f205vctx.o
                0x0000000008000a00                Reset_Handler
 .text.Default_Handler
                0x0000000008000a4c        0x2 ./Startup/startup_stm32f205vctx.o
                0x0000000008000a4c                RTC_Alarm_IRQHandler
                0x0000000008000a4c                HASH_RNG_IRQHandler
                0x0000000008000a4c                EXTI2_IRQHandler
                0x0000000008000a4c                TIM8_CC_IRQHandler
                0x0000000008000a4c                DebugMon_Handler
                0x0000000008000a4c                TIM1_CC_IRQHandler
                0x0000000008000a4c                DMA2_Stream5_IRQHandler
                0x0000000008000a4c                HardFault_Handler
                0x0000000008000a4c                DMA1_Stream5_IRQHandler
                0x0000000008000a4c                SysTick_Handler
                0x0000000008000a4c                PVD_IRQHandler
                0x0000000008000a4c                SDIO_IRQHandler
                0x0000000008000a4c                TAMP_STAMP_IRQHandler
                0x0000000008000a4c                PendSV_Handler
                0x0000000008000a4c                NMI_Handler
                0x0000000008000a4c                CAN2_RX1_IRQHandler
                0x0000000008000a4c                EXTI3_IRQHandler
                0x0000000008000a4c                TIM8_TRG_COM_TIM14_IRQHandler
                0x0000000008000a4c                TIM1_UP_TIM10_IRQHandler
                0x0000000008000a4c                TIM8_UP_TIM13_IRQHandler
                0x0000000008000a4c                I2C3_ER_IRQHandler
                0x0000000008000a4c                EXTI0_IRQHandler
                0x0000000008000a4c                I2C2_EV_IRQHandler
                0x0000000008000a4c                DMA1_Stream2_IRQHandler
                0x0000000008000a4c                CAN1_RX0_IRQHandler
                0x0000000008000a4c                OTG_HS_WKUP_IRQHandler
                0x0000000008000a4c                UsageFault_Handler
                0x0000000008000a4c                CAN2_SCE_IRQHandler
                0x0000000008000a4c                DMA2_Stream2_IRQHandler
                0x0000000008000a4c                SPI1_IRQHandler
                0x0000000008000a4c                TIM6_DAC_IRQHandler
                0x0000000008000a4c                TIM1_BRK_TIM9_IRQHandler
                0x0000000008000a4c                CAN2_RX0_IRQHandler
                0x0000000008000a4c                DMA2_Stream3_IRQHandler
                0x0000000008000a4c                CAN1_RX1_IRQHandler
                0x0000000008000a4c                DMA2_Stream0_IRQHandler
                0x0000000008000a4c                TIM4_IRQHandler
                0x0000000008000a4c                I2C1_EV_IRQHandler
                0x0000000008000a4c                DMA1_Stream6_IRQHandler
                0x0000000008000a4c                DMA1_Stream1_IRQHandler
                0x0000000008000a4c                TIM3_IRQHandler
                0x0000000008000a4c                RCC_IRQHandler
                0x0000000008000a4c                TIM8_BRK_TIM12_IRQHandler
                0x0000000008000a4c                Default_Handler
                0x0000000008000a4c                EXTI15_10_IRQHandler
                0x0000000008000a4c                ADC_IRQHandler
                0x0000000008000a4c                DMA1_Stream7_IRQHandler
                0x0000000008000a4c                TIM7_IRQHandler
                0x0000000008000a4c                CAN2_TX_IRQHandler
                0x0000000008000a4c                TIM5_IRQHandler
                0x0000000008000a4c                DMA2_Stream7_IRQHandler
                0x0000000008000a4c                I2C3_EV_IRQHandler
                0x0000000008000a4c                EXTI9_5_IRQHandler
                0x0000000008000a4c                RTC_WKUP_IRQHandler
                0x0000000008000a4c                SPI2_IRQHandler
                0x0000000008000a4c                OTG_HS_EP1_IN_IRQHandler
                0x0000000008000a4c                MemManage_Handler
                0x0000000008000a4c                DMA1_Stream0_IRQHandler
                0x0000000008000a4c                CAN1_TX_IRQHandler
                0x0000000008000a4c                SVC_Handler
                0x0000000008000a4c                EXTI4_IRQHandler
                0x0000000008000a4c                FSMC_IRQHandler
                0x0000000008000a4c                OTG_HS_EP1_OUT_IRQHandler
                0x0000000008000a4c                WWDG_IRQHandler
                0x0000000008000a4c                TIM2_IRQHandler
                0x0000000008000a4c                OTG_FS_WKUP_IRQHandler
                0x0000000008000a4c                TIM1_TRG_COM_TIM11_IRQHandler
                0x0000000008000a4c                OTG_HS_IRQHandler
                0x0000000008000a4c                EXTI1_IRQHandler
                0x0000000008000a4c                I2C2_ER_IRQHandler
                0x0000000008000a4c                DMA2_Stream1_IRQHandler
                0x0000000008000a4c                CAN1_SCE_IRQHandler
                0x0000000008000a4c                FLASH_IRQHandler
                0x0000000008000a4c                DMA2_Stream4_IRQHandler
                0x0000000008000a4c                BusFault_Handler
                0x0000000008000a4c                OTG_FS_IRQHandler
                0x0000000008000a4c                SPI3_IRQHandler
                0x0000000008000a4c                DMA1_Stream4_IRQHandler
                0x0000000008000a4c                I2C1_ER_IRQHandler
                0x0000000008000a4c                DMA2_Stream6_IRQHandler
                0x0000000008000a4c                DMA1_Stream3_IRQHandler
 *fill*         0x0000000008000a4e        0x2 
 .text._write   0x0000000008000a50       0x1c ./Debug/debug.o
                0x0000000008000a50                _write
 .text._sbrk    0x0000000008000a6c       0x40 ./Debug/debug.o
                0x0000000008000a6c                _sbrk
 .text.__errno  0x0000000008000aac        0xc /home/dragomir/MounRiver_Studio_Community_Linux_x64_V170/MRS_Community/toolchain/arm-none-eabi-gcc/bin/../lib/gcc/arm-none-eabi/9.3.1/../../../../arm-none-eabi/lib/thumb/v7-m/nofp/libg_nano.a(lib_a-errno.o)
                0x0000000008000aac                __errno
 .text.printf   0x0000000008000ab8       0x30 /home/dragomir/MounRiver_Studio_Community_Linux_x64_V170/MRS_Community/toolchain/arm-none-eabi-gcc/bin/../lib/gcc/arm-none-eabi/9.3.1/../../../../arm-none-eabi/lib/thumb/v7-m/nofp/libg_nano.a(lib_a-printf.o)
                0x0000000008000ab8                printf
                0x0000000008000ab8                iprintf
 .text._puts_r  0x0000000008000ae8       0xdc /home/dragomir/MounRiver_Studio_Community_Linux_x64_V170/MRS_Community/toolchain/arm-none-eabi-gcc/bin/../lib/gcc/arm-none-eabi/9.3.1/../../../../arm-none-eabi/lib/thumb/v7-m/nofp/libg_nano.a(lib_a-puts.o)
                0x0000000008000ae8                _puts_r
 .text.puts     0x0000000008000bc4       0x10 /home/dragomir/MounRiver_Studio_Community_Linux_x64_V170/MRS_Community/toolchain/arm-none-eabi-gcc/bin/../lib/gcc/arm-none-eabi/9.3.1/../../../../arm-none-eabi/lib/thumb/v7-m/nofp/libg_nano.a(lib_a-puts.o)
                0x0000000008000bc4                puts
 .text.__swbuf_r
                0x0000000008000bd4       0xa4 /home/dragomir/MounRiver_Studio_Community_Linux_x64_V170/MRS_Community/toolchain/arm-none-eabi-gcc/bin/../lib/gcc/arm-none-eabi/9.3.1/../../../../arm-none-eabi/lib/thumb/v7-m/nofp/libg_nano.a(lib_a-wbuf.o)
                0x0000000008000bd4                __swbuf_r
 .text.__swsetup_r
                0x0000000008000c78       0xdc /home/dragomir/MounRiver_Studio_Community_Linux_x64_V170/MRS_Community/toolchain/arm-none-eabi-gcc/bin/../lib/gcc/arm-none-eabi/9.3.1/../../../../arm-none-eabi/lib/thumb/v7-m/nofp/libg_nano.a(lib_a-wsetup.o)
                0x0000000008000c78                __swsetup_r
 .text.__sflush_r
                0x0000000008000d54      0x10c /home/dragomir/MounRiver_Studio_Community_Linux_x64_V170/MRS_Community/toolchain/arm-none-eabi-gcc/bin/../lib/gcc/arm-none-eabi/9.3.1/../../../../arm-none-eabi/lib/thumb/v7-m/nofp/libg_nano.a(lib_a-fflush.o)
                0x0000000008000d54                __sflush_r
 .text._fflush_r
                0x0000000008000e60       0x78 /home/dragomir/MounRiver_Studio_Community_Linux_x64_V170/MRS_Community/toolchain/arm-none-eabi-gcc/bin/../lib/gcc/arm-none-eabi/9.3.1/../../../../arm-none-eabi/lib/thumb/v7-m/nofp/libg_nano.a(lib_a-fflush.o)
                0x0000000008000e60                _fflush_r
 .text.std      0x0000000008000ed8       0x48 /home/dragomir/MounRiver_Studio_Community_Linux_x64_V170/MRS_Community/toolchain/arm-none-eabi-gcc/bin/../lib/gcc/arm-none-eabi/9.3.1/../../../../arm-none-eabi/lib/thumb/v7-m/nofp/libg_nano.a(lib_a-findfp.o)
 .text._cleanup_r
                0x0000000008000f20        0xc /home/dragomir/MounRiver_Studio_Community_Linux_x64_V170/MRS_Community/toolchain/arm-none-eabi-gcc/bin/../lib/gcc/arm-none-eabi/9.3.1/../../../../arm-none-eabi/lib/thumb/v7-m/nofp/libg_nano.a(lib_a-findfp.o)
                0x0000000008000f20                _cleanup_r
 .text.__sfmoreglue
                0x0000000008000f2c       0x2c /home/dragomir/MounRiver_Studio_Community_Linux_x64_V170/MRS_Community/toolchain/arm-none-eabi-gcc/bin/../lib/gcc/arm-none-eabi/9.3.1/../../../../arm-none-eabi/lib/thumb/v7-m/nofp/libg_nano.a(lib_a-findfp.o)
                0x0000000008000f2c                __sfmoreglue
 .text.__sfp_lock_acquire
                0x0000000008000f58        0xc /home/dragomir/MounRiver_Studio_Community_Linux_x64_V170/MRS_Community/toolchain/arm-none-eabi-gcc/bin/../lib/gcc/arm-none-eabi/9.3.1/../../../../arm-none-eabi/lib/thumb/v7-m/nofp/libg_nano.a(lib_a-findfp.o)
                0x0000000008000f58                __sfp_lock_acquire
 .text.__sfp_lock_release
                0x0000000008000f64        0xc /home/dragomir/MounRiver_Studio_Community_Linux_x64_V170/MRS_Community/toolchain/arm-none-eabi-gcc/bin/../lib/gcc/arm-none-eabi/9.3.1/../../../../arm-none-eabi/lib/thumb/v7-m/nofp/libg_nano.a(lib_a-findfp.o)
                0x0000000008000f64                __sfp_lock_release
 .text.__sinit_lock_acquire
                0x0000000008000f70        0xc /home/dragomir/MounRiver_Studio_Community_Linux_x64_V170/MRS_Community/toolchain/arm-none-eabi-gcc/bin/../lib/gcc/arm-none-eabi/9.3.1/../../../../arm-none-eabi/lib/thumb/v7-m/nofp/libg_nano.a(lib_a-findfp.o)
                0x0000000008000f70                __sinit_lock_acquire
 .text.__sinit_lock_release
                0x0000000008000f7c        0xc /home/dragomir/MounRiver_Studio_Community_Linux_x64_V170/MRS_Community/toolchain/arm-none-eabi-gcc/bin/../lib/gcc/arm-none-eabi/9.3.1/../../../../arm-none-eabi/lib/thumb/v7-m/nofp/libg_nano.a(lib_a-findfp.o)
                0x0000000008000f7c                __sinit_lock_release
 .text.__sinit  0x0000000008000f88       0x70 /home/dragomir/MounRiver_Studio_Community_Linux_x64_V170/MRS_Community/toolchain/arm-none-eabi-gcc/bin/../lib/gcc/arm-none-eabi/9.3.1/../../../../arm-none-eabi/lib/thumb/v7-m/nofp/libg_nano.a(lib_a-findfp.o)
                0x0000000008000f88                __sinit
 .text.__sfp    0x0000000008000ff8       0x8c /home/dragomir/MounRiver_Studio_Community_Linux_x64_V170/MRS_Community/toolchain/arm-none-eabi-gcc/bin/../lib/gcc/arm-none-eabi/9.3.1/../../../../arm-none-eabi/lib/thumb/v7-m/nofp/libg_nano.a(lib_a-findfp.o)
                0x0000000008000ff8                __sfp
 .text._fwalk_reent
                0x0000000008001084       0x3e /home/dragomir/MounRiver_Studio_Community_Linux_x64_V170/MRS_Community/toolchain/arm-none-eabi-gcc/bin/../lib/gcc/arm-none-eabi/9.3.1/../../../../arm-none-eabi/lib/thumb/v7-m/nofp/libg_nano.a(lib_a-fwalk.o)
                0x0000000008001084                _fwalk_reent
 .text.__retarget_lock_init_recursive
                0x00000000080010c2        0x2 /home/dragomir/MounRiver_Studio_Community_Linux_x64_V170/MRS_Community/toolchain/arm-none-eabi-gcc/bin/../lib/gcc/arm-none-eabi/9.3.1/../../../../arm-none-eabi/lib/thumb/v7-m/nofp/libg_nano.a(lib_a-lock.o)
                0x00000000080010c2                __retarget_lock_init_recursive
 .text.__retarget_lock_acquire_recursive
                0x00000000080010c4        0x2 /home/dragomir/MounRiver_Studio_Community_Linux_x64_V170/MRS_Community/toolchain/arm-none-eabi-gcc/bin/../lib/gcc/arm-none-eabi/9.3.1/../../../../arm-none-eabi/lib/thumb/v7-m/nofp/libg_nano.a(lib_a-lock.o)
                0x00000000080010c4                __retarget_lock_acquire_recursive
 .text.__retarget_lock_release_recursive
                0x00000000080010c6        0x2 /home/dragomir/MounRiver_Studio_Community_Linux_x64_V170/MRS_Community/toolchain/arm-none-eabi-gcc/bin/../lib/gcc/arm-none-eabi/9.3.1/../../../../arm-none-eabi/lib/thumb/v7-m/nofp/libg_nano.a(lib_a-lock.o)
                0x00000000080010c6                __retarget_lock_release_recursive
 .text.__swhatbuf_r
                0x00000000080010c8       0x48 /home/dragomir/MounRiver_Studio_Community_Linux_x64_V170/MRS_Community/toolchain/arm-none-eabi-gcc/bin/../lib/gcc/arm-none-eabi/9.3.1/../../../../arm-none-eabi/lib/thumb/v7-m/nofp/libg_nano.a(lib_a-makebuf.o)
                0x00000000080010c8                __swhatbuf_r
 .text.__smakebuf_r
                0x0000000008001110       0x80 /home/dragomir/MounRiver_Studio_Community_Linux_x64_V170/MRS_Community/toolchain/arm-none-eabi-gcc/bin/../lib/gcc/arm-none-eabi/9.3.1/../../../../arm-none-eabi/lib/thumb/v7-m/nofp/libg_nano.a(lib_a-makebuf.o)
                0x0000000008001110                __smakebuf_r
 .text.memset   0x0000000008001190       0x10 /home/dragomir/MounRiver_Studio_Community_Linux_x64_V170/MRS_Community/toolchain/arm-none-eabi-gcc/bin/../lib/gcc/arm-none-eabi/9.3.1/../../../../arm-none-eabi/lib/thumb/v7-m/nofp/libg_nano.a(lib_a-memset.o)
                0x0000000008001190                memset
 .text._free_r  0x00000000080011a0       0x98 /home/dragomir/MounRiver_Studio_Community_Linux_x64_V170/MRS_Community/toolchain/arm-none-eabi-gcc/bin/../lib/gcc/arm-none-eabi/9.3.1/../../../../arm-none-eabi/lib/thumb/v7-m/nofp/libg_nano.a(lib_a-nano-freer.o)
                0x00000000080011a0                _free_r
 .text._malloc_r
                0x0000000008001238       0xb4 /home/dragomir/MounRiver_Studio_Community_Linux_x64_V170/MRS_Community/toolchain/arm-none-eabi-gcc/bin/../lib/gcc/arm-none-eabi/9.3.1/../../../../arm-none-eabi/lib/thumb/v7-m/nofp/libg_nano.a(lib_a-nano-mallocr.o)
                0x0000000008001238                _malloc_r
 .text.__sfputc_r
                0x00000000080012ec       0x2a /home/dragomir/MounRiver_Studio_Community_Linux_x64_V170/MRS_Community/toolchain/arm-none-eabi-gcc/bin/../lib/gcc/arm-none-eabi/9.3.1/../../../../arm-none-eabi/lib/thumb/v7-m/nofp/libg_nano.a(lib_a-nano-vfprintf.o)
 .text.__sfputs_r
                0x0000000008001316       0x24 /home/dragomir/MounRiver_Studio_Community_Linux_x64_V170/MRS_Community/toolchain/arm-none-eabi-gcc/bin/../lib/gcc/arm-none-eabi/9.3.1/../../../../arm-none-eabi/lib/thumb/v7-m/nofp/libg_nano.a(lib_a-nano-vfprintf.o)
                0x0000000008001316                __sfputs_r
 *fill*         0x000000000800133a        0x2 
 .text._vfprintf_r
                0x000000000800133c      0x260 /home/dragomir/MounRiver_Studio_Community_Linux_x64_V170/MRS_Community/toolchain/arm-none-eabi-gcc/bin/../lib/gcc/arm-none-eabi/9.3.1/../../../../arm-none-eabi/lib/thumb/v7-m/nofp/libg_nano.a(lib_a-nano-vfprintf.o)
                0x000000000800133c                _vfiprintf_r
                0x000000000800133c                _vfprintf_r
 .text._printf_common
                0x000000000800159c       0xde /home/dragomir/MounRiver_Studio_Community_Linux_x64_V170/MRS_Community/toolchain/arm-none-eabi-gcc/bin/../lib/gcc/arm-none-eabi/9.3.1/../../../../arm-none-eabi/lib/thumb/v7-m/nofp/libg_nano.a(lib_a-nano-vfprintf_i.o)
                0x000000000800159c                _printf_common
 *fill*         0x000000000800167a        0x2 
 .text._printf_i
                0x000000000800167c      0x24c /home/dragomir/MounRiver_Studio_Community_Linux_x64_V170/MRS_Community/toolchain/arm-none-eabi-gcc/bin/../lib/gcc/arm-none-eabi/9.3.1/../../../../arm-none-eabi/lib/thumb/v7-m/nofp/libg_nano.a(lib_a-nano-vfprintf_i.o)
                0x000000000800167c                _printf_i
 .text._sbrk_r  0x00000000080018c8       0x20 /home/dragomir/MounRiver_Studio_Community_Linux_x64_V170/MRS_Community/toolchain/arm-none-eabi-gcc/bin/../lib/gcc/arm-none-eabi/9.3.1/../../../../arm-none-eabi/lib/thumb/v7-m/nofp/libg_nano.a(lib_a-sbrkr.o)
                0x00000000080018c8                _sbrk_r
 .text.__sread  0x00000000080018e8       0x22 /home/dragomir/MounRiver_Studio_Community_Linux_x64_V170/MRS_Community/toolchain/arm-none-eabi-gcc/bin/../lib/gcc/arm-none-eabi/9.3.1/../../../../arm-none-eabi/lib/thumb/v7-m/nofp/libg_nano.a(lib_a-stdio.o)
                0x00000000080018e8                __sread
 .text.__swrite
                0x000000000800190a       0x38 /home/dragomir/MounRiver_Studio_Community_Linux_x64_V170/MRS_Community/toolchain/arm-none-eabi-gcc/bin/../lib/gcc/arm-none-eabi/9.3.1/../../../../arm-none-eabi/lib/thumb/v7-m/nofp/libg_nano.a(lib_a-stdio.o)
                0x000000000800190a                __swrite
 .text.__sseek  0x0000000008001942       0x24 /home/dragomir/MounRiver_Studio_Community_Linux_x64_V170/MRS_Community/toolchain/arm-none-eabi-gcc/bin/../lib/gcc/arm-none-eabi/9.3.1/../../../../arm-none-eabi/lib/thumb/v7-m/nofp/libg_nano.a(lib_a-stdio.o)
                0x0000000008001942                __sseek
 .text.__sclose
                0x0000000008001966        0x8 /home/dragomir/MounRiver_Studio_Community_Linux_x64_V170/MRS_Community/toolchain/arm-none-eabi-gcc/bin/../lib/gcc/arm-none-eabi/9.3.1/../../../../arm-none-eabi/lib/thumb/v7-m/nofp/libg_nano.a(lib_a-stdio.o)
                0x0000000008001966                __sclose
 *fill*         0x000000000800196e        0x2 
 .text._write_r
                0x0000000008001970       0x24 /home/dragomir/MounRiver_Studio_Community_Linux_x64_V170/MRS_Community/toolchain/arm-none-eabi-gcc/bin/../lib/gcc/arm-none-eabi/9.3.1/../../../../arm-none-eabi/lib/thumb/v7-m/nofp/libg_nano.a(lib_a-writer.o)
                0x0000000008001970                _write_r
 .text._close_r
                0x0000000008001994       0x20 /home/dragomir/MounRiver_Studio_Community_Linux_x64_V170/MRS_Community/toolchain/arm-none-eabi-gcc/bin/../lib/gcc/arm-none-eabi/9.3.1/../../../../arm-none-eabi/lib/thumb/v7-m/nofp/libg_nano.a(lib_a-closer.o)
                0x0000000008001994                _close_r
 .text._fstat_r
                0x00000000080019b4       0x24 /home/dragomir/MounRiver_Studio_Community_Linux_x64_V170/MRS_Community/toolchain/arm-none-eabi-gcc/bin/../lib/gcc/arm-none-eabi/9.3.1/../../../../arm-none-eabi/lib/thumb/v7-m/nofp/libg_nano.a(lib_a-fstatr.o)
                0x00000000080019b4                _fstat_r
 .text._isatty_r
                0x00000000080019d8       0x20 /home/dragomir/MounRiver_Studio_Community_Linux_x64_V170/MRS_Community/toolchain/arm-none-eabi-gcc/bin/../lib/gcc/arm-none-eabi/9.3.1/../../../../arm-none-eabi/lib/thumb/v7-m/nofp/libg_nano.a(lib_a-isattyr.o)
                0x00000000080019d8                _isatty_r
 .text._lseek_r
                0x00000000080019f8       0x24 /home/dragomir/MounRiver_Studio_Community_Linux_x64_V170/MRS_Community/toolchain/arm-none-eabi-gcc/bin/../lib/gcc/arm-none-eabi/9.3.1/../../../../arm-none-eabi/lib/thumb/v7-m/nofp/libg_nano.a(lib_a-lseekr.o)
                0x00000000080019f8                _lseek_r
 .text.memchr   0x0000000008001a1c       0x1c /home/dragomir/MounRiver_Studio_Community_Linux_x64_V170/MRS_Community/toolchain/arm-none-eabi-gcc/bin/../lib/gcc/arm-none-eabi/9.3.1/../../../../arm-none-eabi/lib/thumb/v7-m/nofp/libg_nano.a(lib_a-memchr-stub.o)
                0x0000000008001a1c                memchr
 .text.__malloc_lock
                0x0000000008001a38        0xc /home/dragomir/MounRiver_Studio_Community_Linux_x64_V170/MRS_Community/toolchain/arm-none-eabi-gcc/bin/../lib/gcc/arm-none-eabi/9.3.1/../../../../arm-none-eabi/lib/thumb/v7-m/nofp/libg_nano.a(lib_a-mlock.o)
                0x0000000008001a38                __malloc_lock
 .text.__malloc_unlock
                0x0000000008001a44        0xc /home/dragomir/MounRiver_Studio_Community_Linux_x64_V170/MRS_Community/toolchain/arm-none-eabi-gcc/bin/../lib/gcc/arm-none-eabi/9.3.1/../../../../arm-none-eabi/lib/thumb/v7-m/nofp/libg_nano.a(lib_a-mlock.o)
                0x0000000008001a44                __malloc_unlock
 .text._read_r  0x0000000008001a50       0x24 /home/dragomir/MounRiver_Studio_Community_Linux_x64_V170/MRS_Community/toolchain/arm-none-eabi-gcc/bin/../lib/gcc/arm-none-eabi/9.3.1/../../../../arm-none-eabi/lib/thumb/v7-m/nofp/libg_nano.a(lib_a-readr.o)
                0x0000000008001a50                _read_r
 .text._close   0x0000000008001a74       0x10 /home/dragomir/MounRiver_Studio_Community_Linux_x64_V170/MRS_Community/toolchain/arm-none-eabi-gcc/bin/../lib/gcc/arm-none-eabi/9.3.1/../../../../arm-none-eabi/lib/thumb/v7-m/nofp/libnosys.a(close.o)
                0x0000000008001a74                _close
 .text._fstat   0x0000000008001a84       0x10 /home/dragomir/MounRiver_Studio_Community_Linux_x64_V170/MRS_Community/toolchain/arm-none-eabi-gcc/bin/../lib/gcc/arm-none-eabi/9.3.1/../../../../arm-none-eabi/lib/thumb/v7-m/nofp/libnosys.a(fstat.o)
                0x0000000008001a84                _fstat
 .text._isatty  0x0000000008001a94       0x10 /home/dragomir/MounRiver_Studio_Community_Linux_x64_V170/MRS_Community/toolchain/arm-none-eabi-gcc/bin/../lib/gcc/arm-none-eabi/9.3.1/../../../../arm-none-eabi/lib/thumb/v7-m/nofp/libnosys.a(isatty.o)
                0x0000000008001a94                _isatty
 .text._lseek   0x0000000008001aa4       0x10 /home/dragomir/MounRiver_Studio_Community_Linux_x64_V170/MRS_Community/toolchain/arm-none-eabi-gcc/bin/../lib/gcc/arm-none-eabi/9.3.1/../../../../arm-none-eabi/lib/thumb/v7-m/nofp/libnosys.a(lseek.o)
                0x0000000008001aa4                _lseek
 .text._read    0x0000000008001ab4       0x10 /home/dragomir/MounRiver_Studio_Community_Linux_x64_V170/MRS_Community/toolchain/arm-none-eabi-gcc/bin/../lib/gcc/arm-none-eabi/9.3.1/../../../../arm-none-eabi/lib/thumb/v7-m/nofp/libnosys.a(read.o)
                0x0000000008001ab4                _read
 *(.glue_7)
 .glue_7        0x0000000008001ac4        0x0 linker stubs
 *(.glue_7t)
 .glue_7t       0x0000000008001ac4        0x0 linker stubs
 *(.eh_frame)
 *(.init)
 *(.fini)
                0x0000000008001ac4                . = ALIGN (0x4)
                0x0000000008001ac4                _etext = .

.vfp11_veneer   0x0000000008001ac4        0x0
 .vfp11_veneer  0x0000000008001ac4        0x0 linker stubs

.v4_bx          0x0000000008001ac4        0x0
 .v4_bx         0x0000000008001ac4        0x0 linker stubs

.iplt           0x0000000008001ac4        0x0
 .iplt          0x0000000008001ac4        0x0 ./user_libs/fifo.o

.rodata         0x0000000008001ac4       0xf8
                0x0000000008001ac4                . = ALIGN (0x4)
 *(.rodata)
 *(.rodata*)
 .rodata.main.str1.1
                0x0000000008001ac4       0x5e ./User/main.o
 *fill*         0x0000000008001b22        0x2 
 .rodata._global_impure_ptr
                0x0000000008001b24        0x4 /home/dragomir/MounRiver_Studio_Community_Linux_x64_V170/MRS_Community/toolchain/arm-none-eabi-gcc/bin/../lib/gcc/arm-none-eabi/9.3.1/../../../../arm-none-eabi/lib/thumb/v7-m/nofp/libg_nano.a(lib_a-impure.o)
                0x0000000008001b24                _global_impure_ptr
 .rodata.__sf_fake_stderr
                0x0000000008001b28       0x20 /home/dragomir/MounRiver_Studio_Community_Linux_x64_V170/MRS_Community/toolchain/arm-none-eabi-gcc/bin/../lib/gcc/arm-none-eabi/9.3.1/../../../../arm-none-eabi/lib/thumb/v7-m/nofp/libg_nano.a(lib_a-findfp.o)
                0x0000000008001b28                __sf_fake_stderr
 .rodata.__sf_fake_stdin
                0x0000000008001b48       0x20 /home/dragomir/MounRiver_Studio_Community_Linux_x64_V170/MRS_Community/toolchain/arm-none-eabi-gcc/bin/../lib/gcc/arm-none-eabi/9.3.1/../../../../arm-none-eabi/lib/thumb/v7-m/nofp/libg_nano.a(lib_a-findfp.o)
                0x0000000008001b48                __sf_fake_stdin
 .rodata.__sf_fake_stdout
                0x0000000008001b68       0x20 /home/dragomir/MounRiver_Studio_Community_Linux_x64_V170/MRS_Community/toolchain/arm-none-eabi-gcc/bin/../lib/gcc/arm-none-eabi/9.3.1/../../../../arm-none-eabi/lib/thumb/v7-m/nofp/libg_nano.a(lib_a-findfp.o)
                0x0000000008001b68                __sf_fake_stdout
 .rodata._vfprintf_r.str1.1
                0x0000000008001b88       0x11 /home/dragomir/MounRiver_Studio_Community_Linux_x64_V170/MRS_Community/toolchain/arm-none-eabi-gcc/bin/../lib/gcc/arm-none-eabi/9.3.1/../../../../arm-none-eabi/lib/thumb/v7-m/nofp/libg_nano.a(lib_a-nano-vfprintf.o)
 .rodata._printf_i.str1.1
                0x0000000008001b99       0x22 /home/dragomir/MounRiver_Studio_Community_Linux_x64_V170/MRS_Community/toolchain/arm-none-eabi-gcc/bin/../lib/gcc/arm-none-eabi/9.3.1/../../../../arm-none-eabi/lib/thumb/v7-m/nofp/libg_nano.a(lib_a-nano-vfprintf_i.o)
                0x0000000008001bbc                . = ALIGN (0x4)
 *fill*         0x0000000008001bbb        0x1 

.rel.dyn        0x0000000008001bbc        0x0
 .rel.iplt      0x0000000008001bbc        0x0 ./user_libs/fifo.o

.ARM.extab      0x0000000008001bbc        0x0
                0x0000000008001bbc                . = ALIGN (0x4)
 *(.ARM.extab* .gnu.linkonce.armextab.*)
                0x0000000008001bbc                . = ALIGN (0x4)

.ARM            0x0000000008001bbc        0x0
                0x0000000008001bbc                . = ALIGN (0x4)
                0x0000000008001bbc                __exidx_start = .
 *(.ARM.exidx*)
                0x0000000008001bbc                __exidx_end = .
                0x0000000008001bbc                . = ALIGN (0x4)

.preinit_array  0x0000000008001bbc        0x0
                0x0000000008001bbc                . = ALIGN (0x4)
                [!provide]                        PROVIDE (__preinit_array_start = .)
 *(.preinit_array*)
                [!provide]                        PROVIDE (__preinit_array_end = .)
                0x0000000008001bbc                . = ALIGN (0x4)

.init_array     0x0000000008001bbc        0x0
                0x0000000008001bbc                . = ALIGN (0x4)
                [!provide]                        PROVIDE (__init_array_start = .)
 *(SORT_BY_NAME(.init_array.*))
 *(.init_array*)
                [!provide]                        PROVIDE (__init_array_end = .)
                0x0000000008001bbc                . = ALIGN (0x4)

.fini_array     0x0000000008001bbc        0x0
                0x0000000008001bbc                . = ALIGN (0x4)
                [!provide]                        PROVIDE (__fini_array_start = .)
 *(SORT_BY_NAME(.fini_array.*))
 *(.fini_array*)
                [!provide]                        PROVIDE (__fini_array_end = .)
                0x0000000008001bbc                . = ALIGN (0x4)
                0x0000000008001bbc                _sidata = LOADADDR (.data)

.data           0x0000000020000000       0x64 load address 0x0000000008001bbc
                0x0000000020000000                . = ALIGN (0x4)
                0x0000000020000000                _sdata = .
 *(.data)
 *(.data*)
 .data._impure_ptr
                0x0000000020000000        0x4 /home/dragomir/MounRiver_Studio_Community_Linux_x64_V170/MRS_Community/toolchain/arm-none-eabi-gcc/bin/../lib/gcc/arm-none-eabi/9.3.1/../../../../arm-none-eabi/lib/thumb/v7-m/nofp/libg_nano.a(lib_a-impure.o)
                0x0000000020000000                _impure_ptr
 .data.impure_data
                0x0000000020000004       0x60 /home/dragomir/MounRiver_Studio_Community_Linux_x64_V170/MRS_Community/toolchain/arm-none-eabi-gcc/bin/../lib/gcc/arm-none-eabi/9.3.1/../../../../arm-none-eabi/lib/thumb/v7-m/nofp/libg_nano.a(lib_a-impure.o)
 *(.RamFunc)
 *(.RamFunc*)
                0x0000000020000064                . = ALIGN (0x4)
                0x0000000020000064                _edata = .

.igot.plt       0x0000000020000064        0x0 load address 0x0000000008001c20
 .igot.plt      0x0000000020000064        0x0 ./user_libs/fifo.o
                0x0000000020000064                . = ALIGN (0x4)

.bss            0x0000000020000064      0x200 load address 0x0000000008001c20
                0x0000000020000064                _sbss = .
                0x0000000020000064                __bss_start__ = _sbss
 *(.bss)
 *(.bss*)
 .bss.p_ms      0x0000000020000064        0x2 ./user_libs/stm32f205_core.o
 .bss.p_us      0x0000000020000066        0x1 ./user_libs/stm32f205_core.o
 .bss.uart2_rx_buf
                0x0000000020000067       0x40 ./user_libs/stm32f205_uart.o
                0x0000000020000067                uart2_rx_buf
 *fill*         0x00000000200000a7        0x1 
 .bss.uart2_rx_fifo_i
                0x00000000200000a8       0x10 ./user_libs/stm32f205_uart.o
                0x00000000200000a8                uart2_rx_fifo_i
 .bss.uart2_tx_buf
                0x00000000200000b8       0x40 ./user_libs/stm32f205_uart.o
                0x00000000200000b8                uart2_tx_buf
 .bss.uart2_tx_fifo_i
                0x00000000200000f8       0x10 ./user_libs/stm32f205_uart.o
                0x00000000200000f8                uart2_tx_fifo_i
 .bss.uart5_rx_buf
                0x0000000020000108       0x40 ./user_libs/stm32f205_uart.o
                0x0000000020000108                uart5_rx_buf
 .bss.uart5_rx_fifo_i
                0x0000000020000148       0x10 ./user_libs/stm32f205_uart.o
                0x0000000020000148                uart5_rx_fifo_i
 .bss.uart5_tx_buf
                0x0000000020000158       0x40 ./user_libs/stm32f205_uart.o
                0x0000000020000158                uart5_tx_buf
 .bss.uart5_tx_fifo_i
                0x0000000020000198       0x10 ./user_libs/stm32f205_uart.o
                0x0000000020000198                uart5_tx_fifo_i
 .bss.uart6_rx_buf
                0x00000000200001a8       0x40 ./user_libs/stm32f205_uart.o
                0x00000000200001a8                uart6_rx_buf
 .bss.uart6_rx_fifo_i
                0x00000000200001e8       0x10 ./user_libs/stm32f205_uart.o
                0x00000000200001e8                uart6_rx_fifo_i
 .bss.uart6_tx_buf
                0x00000000200001f8       0x40 ./user_libs/stm32f205_uart.o
                0x00000000200001f8                uart6_tx_buf
 .bss.uart6_tx_fifo_i
                0x0000000020000238       0x10 ./user_libs/stm32f205_uart.o
                0x0000000020000238                uart6_tx_fifo_i
 .bss.__sbrk_heap_end
                0x0000000020000248        0x4 ./Debug/debug.o
 .bss.__malloc_free_list
                0x000000002000024c        0x4 /home/dragomir/MounRiver_Studio_Community_Linux_x64_V170/MRS_Community/toolchain/arm-none-eabi-gcc/bin/../lib/gcc/arm-none-eabi/9.3.1/../../../../arm-none-eabi/lib/thumb/v7-m/nofp/libg_nano.a(lib_a-nano-mallocr.o)
                0x000000002000024c                __malloc_free_list
 .bss.__malloc_sbrk_start
                0x0000000020000250        0x4 /home/dragomir/MounRiver_Studio_Community_Linux_x64_V170/MRS_Community/toolchain/arm-none-eabi-gcc/bin/../lib/gcc/arm-none-eabi/9.3.1/../../../../arm-none-eabi/lib/thumb/v7-m/nofp/libg_nano.a(lib_a-nano-mallocr.o)
                0x0000000020000250                __malloc_sbrk_start
 *(COMMON)
 COMMON         0x0000000020000254        0x9 /home/dragomir/MounRiver_Studio_Community_Linux_x64_V170/MRS_Community/toolchain/arm-none-eabi-gcc/bin/../lib/gcc/arm-none-eabi/9.3.1/../../../../arm-none-eabi/lib/thumb/v7-m/nofp/libg_nano.a(lib_a-lock.o)
                0x0000000020000254                __lock___atexit_recursive_mutex
                0x0000000020000255                __lock___arc4random_mutex
                0x0000000020000256                __lock___env_recursive_mutex
                0x0000000020000257                __lock___sinit_recursive_mutex
                0x0000000020000258                __lock___malloc_recursive_mutex
                0x0000000020000259                __lock___at_quick_exit_mutex
                0x000000002000025a                __lock___dd_hash_mutex
                0x000000002000025b                __lock___tz_mutex
                0x000000002000025c                __lock___sfp_recursive_mutex
 *fill*         0x000000002000025d        0x3 
 COMMON         0x0000000020000260        0x4 /home/dragomir/MounRiver_Studio_Community_Linux_x64_V170/MRS_Community/toolchain/arm-none-eabi-gcc/bin/../lib/gcc/arm-none-eabi/9.3.1/../../../../arm-none-eabi/lib/thumb/v7-m/nofp/libg_nano.a(lib_a-reent.o)
                0x0000000020000260                errno
                0x0000000020000264                . = ALIGN (0x4)
                0x0000000020000264                _ebss = .
                0x0000000020000264                __bss_end__ = _ebss

._user_heap_stack
                0x0000000020000264      0x604 load address 0x0000000008001c20
                0x0000000020000268                . = ALIGN (0x8)
 *fill*         0x0000000020000264        0x4 
                [!provide]                        PROVIDE (end = .)
                0x0000000020000268                PROVIDE (_end = .)
                0x0000000020000468                . = (. + _Min_Heap_Size)
 *fill*         0x0000000020000268      0x200 
                0x0000000020000868                . = (. + _Min_Stack_Size)
 *fill*         0x0000000020000468      0x400 
                0x0000000020000868                . = ALIGN (0x8)

/DISCARD/
 libc.a(*)
 libm.a(*)
 libgcc.a(*)

.ARM.attributes
                0x0000000000000000       0x2b
 *(.ARM.attributes)
 .ARM.attributes
                0x0000000000000000       0x2d ./user_libs/fifo.o
 .ARM.attributes
                0x000000000000002d       0x2d ./user_libs/stm32f205_core.o
 .ARM.attributes
                0x000000000000005a       0x2d ./user_libs/stm32f205_gpio.o
 .ARM.attributes
                0x0000000000000087       0x2d ./user_libs/stm32f205_rcc.o
 .ARM.attributes
                0x00000000000000b4       0x2d ./user_libs/stm32f205_uart.o
 .ARM.attributes
                0x00000000000000e1       0x2d ./User/main.o
 .ARM.attributes
                0x000000000000010e       0x21 ./Startup/startup_stm32f205vctx.o
 .ARM.attributes
                0x000000000000012f       0x2d ./Debug/debug.o
 .ARM.attributes
                0x000000000000015c       0x2d /home/dragomir/MounRiver_Studio_Community_Linux_x64_V170/MRS_Community/toolchain/arm-none-eabi-gcc/bin/../lib/gcc/arm-none-eabi/9.3.1/../../../../arm-none-eabi/lib/thumb/v7-m/nofp/libg_nano.a(lib_a-errno.o)
 .ARM.attributes
                0x0000000000000189       0x2d /home/dragomir/MounRiver_Studio_Community_Linux_x64_V170/MRS_Community/toolchain/arm-none-eabi-gcc/bin/../lib/gcc/arm-none-eabi/9.3.1/../../../../arm-none-eabi/lib/thumb/v7-m/nofp/libg_nano.a(lib_a-impure.o)
 .ARM.attributes
                0x00000000000001b6       0x2d /home/dragomir/MounRiver_Studio_Community_Linux_x64_V170/MRS_Community/toolchain/arm-none-eabi-gcc/bin/../lib/gcc/arm-none-eabi/9.3.1/../../../../arm-none-eabi/lib/thumb/v7-m/nofp/libg_nano.a(lib_a-printf.o)
 .ARM.attributes
                0x00000000000001e3       0x2d /home/dragomir/MounRiver_Studio_Community_Linux_x64_V170/MRS_Community/toolchain/arm-none-eabi-gcc/bin/../lib/gcc/arm-none-eabi/9.3.1/../../../../arm-none-eabi/lib/thumb/v7-m/nofp/libg_nano.a(lib_a-puts.o)
 .ARM.attributes
                0x0000000000000210       0x2d /home/dragomir/MounRiver_Studio_Community_Linux_x64_V170/MRS_Community/toolchain/arm-none-eabi-gcc/bin/../lib/gcc/arm-none-eabi/9.3.1/../../../../arm-none-eabi/lib/thumb/v7-m/nofp/libg_nano.a(lib_a-wbuf.o)
 .ARM.attributes
                0x000000000000023d       0x2d /home/dragomir/MounRiver_Studio_Community_Linux_x64_V170/MRS_Community/toolchain/arm-none-eabi-gcc/bin/../lib/gcc/arm-none-eabi/9.3.1/../../../../arm-none-eabi/lib/thumb/v7-m/nofp/libg_nano.a(lib_a-wsetup.o)
 .ARM.attributes
                0x000000000000026a       0x2d /home/dragomir/MounRiver_Studio_Community_Linux_x64_V170/MRS_Community/toolchain/arm-none-eabi-gcc/bin/../lib/gcc/arm-none-eabi/9.3.1/../../../../arm-none-eabi/lib/thumb/v7-m/nofp/libg_nano.a(lib_a-fflush.o)
 .ARM.attributes
                0x0000000000000297       0x2d /home/dragomir/MounRiver_Studio_Community_Linux_x64_V170/MRS_Community/toolchain/arm-none-eabi-gcc/bin/../lib/gcc/arm-none-eabi/9.3.1/../../../../arm-none-eabi/lib/thumb/v7-m/nofp/libg_nano.a(lib_a-findfp.o)
 .ARM.attributes
                0x00000000000002c4       0x2d /home/dragomir/MounRiver_Studio_Community_Linux_x64_V170/MRS_Community/toolchain/arm-none-eabi-gcc/bin/../lib/gcc/arm-none-eabi/9.3.1/../../../../arm-none-eabi/lib/thumb/v7-m/nofp/libg_nano.a(lib_a-fwalk.o)
 .ARM.attributes
                0x00000000000002f1       0x2d /home/dragomir/MounRiver_Studio_Community_Linux_x64_V170/MRS_Community/toolchain/arm-none-eabi-gcc/bin/../lib/gcc/arm-none-eabi/9.3.1/../../../../arm-none-eabi/lib/thumb/v7-m/nofp/libg_nano.a(lib_a-lock.o)
 .ARM.attributes
                0x000000000000031e       0x2d /home/dragomir/MounRiver_Studio_Community_Linux_x64_V170/MRS_Community/toolchain/arm-none-eabi-gcc/bin/../lib/gcc/arm-none-eabi/9.3.1/../../../../arm-none-eabi/lib/thumb/v7-m/nofp/libg_nano.a(lib_a-makebuf.o)
 .ARM.attributes
                0x000000000000034b       0x2d /home/dragomir/MounRiver_Studio_Community_Linux_x64_V170/MRS_Community/toolchain/arm-none-eabi-gcc/bin/../lib/gcc/arm-none-eabi/9.3.1/../../../../arm-none-eabi/lib/thumb/v7-m/nofp/libg_nano.a(lib_a-memset.o)
 .ARM.attributes
                0x0000000000000378       0x2d /home/dragomir/MounRiver_Studio_Community_Linux_x64_V170/MRS_Community/toolchain/arm-none-eabi-gcc/bin/../lib/gcc/arm-none-eabi/9.3.1/../../../../arm-none-eabi/lib/thumb/v7-m/nofp/libg_nano.a(lib_a-nano-freer.o)
 .ARM.attributes
                0x00000000000003a5       0x2d /home/dragomir/MounRiver_Studio_Community_Linux_x64_V170/MRS_Community/toolchain/arm-none-eabi-gcc/bin/../lib/gcc/arm-none-eabi/9.3.1/../../../../arm-none-eabi/lib/thumb/v7-m/nofp/libg_nano.a(lib_a-nano-mallocr.o)
 .ARM.attributes
                0x00000000000003d2       0x2d /home/dragomir/MounRiver_Studio_Community_Linux_x64_V170/MRS_Community/toolchain/arm-none-eabi-gcc/bin/../lib/gcc/arm-none-eabi/9.3.1/../../../../arm-none-eabi/lib/thumb/v7-m/nofp/libg_nano.a(lib_a-nano-vfprintf.o)
 .ARM.attributes
                0x00000000000003ff       0x2d /home/dragomir/MounRiver_Studio_Community_Linux_x64_V170/MRS_Community/toolchain/arm-none-eabi-gcc/bin/../lib/gcc/arm-none-eabi/9.3.1/../../../../arm-none-eabi/lib/thumb/v7-m/nofp/libg_nano.a(lib_a-nano-vfprintf_i.o)
 .ARM.attributes
                0x000000000000042c       0x2d /home/dragomir/MounRiver_Studio_Community_Linux_x64_V170/MRS_Community/toolchain/arm-none-eabi-gcc/bin/../lib/gcc/arm-none-eabi/9.3.1/../../../../arm-none-eabi/lib/thumb/v7-m/nofp/libg_nano.a(lib_a-sbrkr.o)
 .ARM.attributes
                0x0000000000000459       0x2d /home/dragomir/MounRiver_Studio_Community_Linux_x64_V170/MRS_Community/toolchain/arm-none-eabi-gcc/bin/../lib/gcc/arm-none-eabi/9.3.1/../../../../arm-none-eabi/lib/thumb/v7-m/nofp/libg_nano.a(lib_a-stdio.o)
 .ARM.attributes
                0x0000000000000486       0x2d /home/dragomir/MounRiver_Studio_Community_Linux_x64_V170/MRS_Community/toolchain/arm-none-eabi-gcc/bin/../lib/gcc/arm-none-eabi/9.3.1/../../../../arm-none-eabi/lib/thumb/v7-m/nofp/libg_nano.a(lib_a-writer.o)
 .ARM.attributes
                0x00000000000004b3       0x2d /home/dragomir/MounRiver_Studio_Community_Linux_x64_V170/MRS_Community/toolchain/arm-none-eabi-gcc/bin/../lib/gcc/arm-none-eabi/9.3.1/../../../../arm-none-eabi/lib/thumb/v7-m/nofp/libg_nano.a(lib_a-closer.o)
 .ARM.attributes
                0x00000000000004e0       0x2d /home/dragomir/MounRiver_Studio_Community_Linux_x64_V170/MRS_Community/toolchain/arm-none-eabi-gcc/bin/../lib/gcc/arm-none-eabi/9.3.1/../../../../arm-none-eabi/lib/thumb/v7-m/nofp/libg_nano.a(lib_a-fstatr.o)
 .ARM.attributes
                0x000000000000050d       0x2d /home/dragomir/MounRiver_Studio_Community_Linux_x64_V170/MRS_Community/toolchain/arm-none-eabi-gcc/bin/../lib/gcc/arm-none-eabi/9.3.1/../../../../arm-none-eabi/lib/thumb/v7-m/nofp/libg_nano.a(lib_a-isattyr.o)
 .ARM.attributes
                0x000000000000053a       0x2d /home/dragomir/MounRiver_Studio_Community_Linux_x64_V170/MRS_Community/toolchain/arm-none-eabi-gcc/bin/../lib/gcc/arm-none-eabi/9.3.1/../../../../arm-none-eabi/lib/thumb/v7-m/nofp/libg_nano.a(lib_a-lseekr.o)
 .ARM.attributes
                0x0000000000000567       0x2d /home/dragomir/MounRiver_Studio_Community_Linux_x64_V170/MRS_Community/toolchain/arm-none-eabi-gcc/bin/../lib/gcc/arm-none-eabi/9.3.1/../../../../arm-none-eabi/lib/thumb/v7-m/nofp/libg_nano.a(lib_a-memchr-stub.o)
 .ARM.attributes
                0x0000000000000594       0x2d /home/dragomir/MounRiver_Studio_Community_Linux_x64_V170/MRS_Community/toolchain/arm-none-eabi-gcc/bin/../lib/gcc/arm-none-eabi/9.3.1/../../../../arm-none-eabi/lib/thumb/v7-m/nofp/libg_nano.a(lib_a-mlock.o)
 .ARM.attributes
                0x00000000000005c1       0x2d /home/dragomir/MounRiver_Studio_Community_Linux_x64_V170/MRS_Community/toolchain/arm-none-eabi-gcc/bin/../lib/gcc/arm-none-eabi/9.3.1/../../../../arm-none-eabi/lib/thumb/v7-m/nofp/libg_nano.a(lib_a-readr.o)
 .ARM.attributes
                0x00000000000005ee       0x2d /home/dragomir/MounRiver_Studio_Community_Linux_x64_V170/MRS_Community/toolchain/arm-none-eabi-gcc/bin/../lib/gcc/arm-none-eabi/9.3.1/../../../../arm-none-eabi/lib/thumb/v7-m/nofp/libg_nano.a(lib_a-reent.o)
 .ARM.attributes
                0x000000000000061b       0x2d /home/dragomir/MounRiver_Studio_Community_Linux_x64_V170/MRS_Community/toolchain/arm-none-eabi-gcc/bin/../lib/gcc/arm-none-eabi/9.3.1/../../../../arm-none-eabi/lib/thumb/v7-m/nofp/libnosys.a(close.o)
 .ARM.attributes
                0x0000000000000648       0x2d /home/dragomir/MounRiver_Studio_Community_Linux_x64_V170/MRS_Community/toolchain/arm-none-eabi-gcc/bin/../lib/gcc/arm-none-eabi/9.3.1/../../../../arm-none-eabi/lib/thumb/v7-m/nofp/libnosys.a(fstat.o)
 .ARM.attributes
                0x0000000000000675       0x2d /home/dragomir/MounRiver_Studio_Community_Linux_x64_V170/MRS_Community/toolchain/arm-none-eabi-gcc/bin/../lib/gcc/arm-none-eabi/9.3.1/../../../../arm-none-eabi/lib/thumb/v7-m/nofp/libnosys.a(isatty.o)
 .ARM.attributes
                0x00000000000006a2       0x2d /home/dragomir/MounRiver_Studio_Community_Linux_x64_V170/MRS_Community/toolchain/arm-none-eabi-gcc/bin/../lib/gcc/arm-none-eabi/9.3.1/../../../../arm-none-eabi/lib/thumb/v7-m/nofp/libnosys.a(lseek.o)
 .ARM.attributes
                0x00000000000006cf       0x2d /home/dragomir/MounRiver_Studio_Community_Linux_x64_V170/MRS_Community/toolchain/arm-none-eabi-gcc/bin/../lib/gcc/arm-none-eabi/9.3.1/../../../../arm-none-eabi/lib/thumb/v7-m/nofp/libnosys.a(read.o)
OUTPUT(stm32f205_uart.elf elf32-littlearm)
LOAD linker stubs
LOAD /home/dragomir/MounRiver_Studio_Community_Linux_x64_V170/MRS_Community/toolchain/arm-none-eabi-gcc/bin/../lib/gcc/arm-none-eabi/9.3.1/../../../../arm-none-eabi/lib/thumb/v7-m/nofp/libc.a
LOAD /home/dragomir/MounRiver_Studio_Community_Linux_x64_V170/MRS_Community/toolchain/arm-none-eabi-gcc/bin/../lib/gcc/arm-none-eabi/9.3.1/../../../../arm-none-eabi/lib/thumb/v7-m/nofp/libm.a
LOAD /home/dragomir/MounRiver_Studio_Community_Linux_x64_V170/MRS_Community/toolchain/arm-none-eabi-gcc/bin/../lib/gcc/arm-none-eabi/9.3.1/thumb/v7-m/nofp/libgcc.a

.debug_info     0x0000000000000000     0x3c77
 .debug_info    0x0000000000000000      0x2e6 ./user_libs/fifo.o
 .debug_info    0x00000000000002e6      0x6b6 ./user_libs/stm32f205_core.o
 .debug_info    0x000000000000099c      0x31f ./user_libs/stm32f205_gpio.o
 .debug_info    0x0000000000000cbb      0x51a ./user_libs/stm32f205_rcc.o
 .debug_info    0x00000000000011d5      0xa29 ./user_libs/stm32f205_uart.o
 .debug_info    0x0000000000001bfe     0x1446 ./User/main.o
 .debug_info    0x0000000000003044       0x22 ./Startup/startup_stm32f205vctx.o
 .debug_info    0x0000000000003066      0xc11 ./Debug/debug.o

.debug_abbrev   0x0000000000000000      0xc9f
 .debug_abbrev  0x0000000000000000      0x10e ./user_libs/fifo.o
 .debug_abbrev  0x000000000000010e      0x147 ./user_libs/stm32f205_core.o
 .debug_abbrev  0x0000000000000255      0x155 ./user_libs/stm32f205_gpio.o
 .debug_abbrev  0x00000000000003aa      0x144 ./user_libs/stm32f205_rcc.o
 .debug_abbrev  0x00000000000004ee      0x202 ./user_libs/stm32f205_uart.o
 .debug_abbrev  0x00000000000006f0      0x31c ./User/main.o
 .debug_abbrev  0x0000000000000a0c       0x12 ./Startup/startup_stm32f205vctx.o
 .debug_abbrev  0x0000000000000a1e      0x281 ./Debug/debug.o

.debug_loc      0x0000000000000000     0x14e2
 .debug_loc     0x0000000000000000      0x39a ./user_libs/fifo.o
 .debug_loc     0x000000000000039a      0x416 ./user_libs/stm32f205_core.o
 .debug_loc     0x00000000000007b0      0x246 ./user_libs/stm32f205_gpio.o
 .debug_loc     0x00000000000009f6      0x227 ./user_libs/stm32f205_rcc.o
 .debug_loc     0x0000000000000c1d      0x71e ./user_libs/stm32f205_uart.o
 .debug_loc     0x000000000000133b       0xda ./User/main.o
 .debug_loc     0x0000000000001415       0xcd ./Debug/debug.o

.debug_aranges  0x0000000000000000      0x2b0
 .debug_aranges
                0x0000000000000000       0x40 ./user_libs/fifo.o
 .debug_aranges
                0x0000000000000040       0xe0 ./user_libs/stm32f205_core.o
 .debug_aranges
                0x0000000000000120       0x30 ./user_libs/stm32f205_gpio.o
 .debug_aranges
                0x0000000000000150       0x50 ./user_libs/stm32f205_rcc.o
 .debug_aranges
                0x00000000000001a0       0xa0 ./user_libs/stm32f205_uart.o
 .debug_aranges
                0x0000000000000240       0x20 ./User/main.o
 .debug_aranges
                0x0000000000000260       0x28 ./Startup/startup_stm32f205vctx.o
 .debug_aranges
                0x0000000000000288       0x28 ./Debug/debug.o

.debug_ranges   0x0000000000000000      0x280
 .debug_ranges  0x0000000000000000       0x30 ./user_libs/fifo.o
 .debug_ranges  0x0000000000000030       0xd0 ./user_libs/stm32f205_core.o
 .debug_ranges  0x0000000000000100       0x50 ./user_libs/stm32f205_gpio.o
 .debug_ranges  0x0000000000000150       0x40 ./user_libs/stm32f205_rcc.o
 .debug_ranges  0x0000000000000190       0x90 ./user_libs/stm32f205_uart.o
 .debug_ranges  0x0000000000000220       0x28 ./User/main.o
 .debug_ranges  0x0000000000000248       0x20 ./Startup/startup_stm32f205vctx.o
 .debug_ranges  0x0000000000000268       0x18 ./Debug/debug.o

.debug_line     0x0000000000000000     0x20f9
 .debug_line    0x0000000000000000      0x432 ./user_libs/fifo.o
 .debug_line    0x0000000000000432      0x4bb ./user_libs/stm32f205_core.o
 .debug_line    0x00000000000008ed      0x3bb ./user_libs/stm32f205_gpio.o
 .debug_line    0x0000000000000ca8      0x437 ./user_libs/stm32f205_rcc.o
 .debug_line    0x00000000000010df      0x840 ./user_libs/stm32f205_uart.o
 .debug_line    0x000000000000191f      0x430 ./User/main.o
 .debug_line    0x0000000000001d4f       0x82 ./Startup/startup_stm32f205vctx.o
 .debug_line    0x0000000000001dd1      0x328 ./Debug/debug.o

.debug_str      0x0000000000000000     0x13d1
 .debug_str     0x0000000000000000      0x233 ./user_libs/fifo.o
                                        0x27e (size before relaxing)
 .debug_str     0x0000000000000233      0x1f6 ./user_libs/stm32f205_core.o
                                        0x3e9 (size before relaxing)
 .debug_str     0x0000000000000429       0xc0 ./user_libs/stm32f205_gpio.o
                                        0x2ac (size before relaxing)
 .debug_str     0x00000000000004e9      0x226 ./user_libs/stm32f205_rcc.o
                                        0x3e3 (size before relaxing)
 .debug_str     0x000000000000070f      0x2e8 ./user_libs/stm32f205_uart.o
                                        0x561 (size before relaxing)
 .debug_str     0x00000000000009f7      0x919 ./User/main.o
                                        0xe23 (size before relaxing)
 .debug_str     0x0000000000001310       0x31 ./Startup/startup_stm32f205vctx.o
                                         0x7e (size before relaxing)
 .debug_str     0x0000000000001341       0x90 ./Debug/debug.o
                                        0x730 (size before relaxing)

.comment        0x0000000000000000       0x4b
 .comment       0x0000000000000000       0x4b ./user_libs/fifo.o
                                         0x4c (size before relaxing)
 .comment       0x000000000000004b       0x4c ./user_libs/stm32f205_core.o
 .comment       0x000000000000004b       0x4c ./user_libs/stm32f205_gpio.o
 .comment       0x000000000000004b       0x4c ./user_libs/stm32f205_rcc.o
 .comment       0x000000000000004b       0x4c ./user_libs/stm32f205_uart.o
 .comment       0x000000000000004b       0x4c ./User/main.o
 .comment       0x000000000000004b       0x4c ./Debug/debug.o

.debug_frame    0x0000000000000000      0xf94
 .debug_frame   0x0000000000000000       0x88 ./user_libs/fifo.o
 .debug_frame   0x0000000000000088      0x1a0 ./user_libs/stm32f205_core.o
 .debug_frame   0x0000000000000228       0x5c ./user_libs/stm32f205_gpio.o
 .debug_frame   0x0000000000000284       0xa8 ./user_libs/stm32f205_rcc.o
 .debug_frame   0x000000000000032c      0x210 ./user_libs/stm32f205_uart.o
 .debug_frame   0x000000000000053c       0x38 ./User/main.o
 .debug_frame   0x0000000000000574       0x40 ./Debug/debug.o
 .debug_frame   0x00000000000005b4       0x20 /home/dragomir/MounRiver_Studio_Community_Linux_x64_V170/MRS_Community/toolchain/arm-none-eabi-gcc/bin/../lib/gcc/arm-none-eabi/9.3.1/../../../../arm-none-eabi/lib/thumb/v7-m/nofp/libg_nano.a(lib_a-errno.o)
 .debug_frame   0x00000000000005d4      0x170 /home/dragomir/MounRiver_Studio_Community_Linux_x64_V170/MRS_Community/toolchain/arm-none-eabi-gcc/bin/../lib/gcc/arm-none-eabi/9.3.1/../../../../arm-none-eabi/lib/thumb/v7-m/nofp/libg_nano.a(lib_a-printf.o)
 .debug_frame   0x0000000000000744       0x3c /home/dragomir/MounRiver_Studio_Community_Linux_x64_V170/MRS_Community/toolchain/arm-none-eabi-gcc/bin/../lib/gcc/arm-none-eabi/9.3.1/../../../../arm-none-eabi/lib/thumb/v7-m/nofp/libg_nano.a(lib_a-puts.o)
 .debug_frame   0x0000000000000780       0x40 /home/dragomir/MounRiver_Studio_Community_Linux_x64_V170/MRS_Community/toolchain/arm-none-eabi-gcc/bin/../lib/gcc/arm-none-eabi/9.3.1/../../../../arm-none-eabi/lib/thumb/v7-m/nofp/libg_nano.a(lib_a-wbuf.o)
 .debug_frame   0x00000000000007c0       0x2c /home/dragomir/MounRiver_Studio_Community_Linux_x64_V170/MRS_Community/toolchain/arm-none-eabi-gcc/bin/../lib/gcc/arm-none-eabi/9.3.1/../../../../arm-none-eabi/lib/thumb/v7-m/nofp/libg_nano.a(lib_a-wsetup.o)
 .debug_frame   0x00000000000007ec       0x5c /home/dragomir/MounRiver_Studio_Community_Linux_x64_V170/MRS_Community/toolchain/arm-none-eabi-gcc/bin/../lib/gcc/arm-none-eabi/9.3.1/../../../../arm-none-eabi/lib/thumb/v7-m/nofp/libg_nano.a(lib_a-fflush.o)
 .debug_frame   0x0000000000000848      0x14c /home/dragomir/MounRiver_Studio_Community_Linux_x64_V170/MRS_Community/toolchain/arm-none-eabi-gcc/bin/../lib/gcc/arm-none-eabi/9.3.1/../../../../arm-none-eabi/lib/thumb/v7-m/nofp/libg_nano.a(lib_a-findfp.o)
 .debug_frame   0x0000000000000994       0x54 /home/dragomir/MounRiver_Studio_Community_Linux_x64_V170/MRS_Community/toolchain/arm-none-eabi-gcc/bin/../lib/gcc/arm-none-eabi/9.3.1/../../../../arm-none-eabi/lib/thumb/v7-m/nofp/libg_nano.a(lib_a-fwalk.o)
 .debug_frame   0x00000000000009e8       0xb0 /home/dragomir/MounRiver_Studio_Community_Linux_x64_V170/MRS_Community/toolchain/arm-none-eabi-gcc/bin/../lib/gcc/arm-none-eabi/9.3.1/../../../../arm-none-eabi/lib/thumb/v7-m/nofp/libg_nano.a(lib_a-lock.o)
 .debug_frame   0x0000000000000a98       0x58 /home/dragomir/MounRiver_Studio_Community_Linux_x64_V170/MRS_Community/toolchain/arm-none-eabi-gcc/bin/../lib/gcc/arm-none-eabi/9.3.1/../../../../arm-none-eabi/lib/thumb/v7-m/nofp/libg_nano.a(lib_a-makebuf.o)
 .debug_frame   0x0000000000000af0       0x20 /home/dragomir/MounRiver_Studio_Community_Linux_x64_V170/MRS_Community/toolchain/arm-none-eabi-gcc/bin/../lib/gcc/arm-none-eabi/9.3.1/../../../../arm-none-eabi/lib/thumb/v7-m/nofp/libg_nano.a(lib_a-memset.o)
 .debug_frame   0x0000000000000b10       0x38 /home/dragomir/MounRiver_Studio_Community_Linux_x64_V170/MRS_Community/toolchain/arm-none-eabi-gcc/bin/../lib/gcc/arm-none-eabi/9.3.1/../../../../arm-none-eabi/lib/thumb/v7-m/nofp/libg_nano.a(lib_a-nano-freer.o)
 .debug_frame   0x0000000000000b48       0x30 /home/dragomir/MounRiver_Studio_Community_Linux_x64_V170/MRS_Community/toolchain/arm-none-eabi-gcc/bin/../lib/gcc/arm-none-eabi/9.3.1/../../../../arm-none-eabi/lib/thumb/v7-m/nofp/libg_nano.a(lib_a-nano-mallocr.o)
 .debug_frame   0x0000000000000b78       0xac /home/dragomir/MounRiver_Studio_Community_Linux_x64_V170/MRS_Community/toolchain/arm-none-eabi-gcc/bin/../lib/gcc/arm-none-eabi/9.3.1/../../../../arm-none-eabi/lib/thumb/v7-m/nofp/libg_nano.a(lib_a-nano-vfprintf.o)
 .debug_frame   0x0000000000000c24       0x60 /home/dragomir/MounRiver_Studio_Community_Linux_x64_V170/MRS_Community/toolchain/arm-none-eabi-gcc/bin/../lib/gcc/arm-none-eabi/9.3.1/../../../../arm-none-eabi/lib/thumb/v7-m/nofp/libg_nano.a(lib_a-nano-vfprintf_i.o)
 .debug_frame   0x0000000000000c84       0x2c /home/dragomir/MounRiver_Studio_Community_Linux_x64_V170/MRS_Community/toolchain/arm-none-eabi-gcc/bin/../lib/gcc/arm-none-eabi/9.3.1/../../../../arm-none-eabi/lib/thumb/v7-m/nofp/libg_nano.a(lib_a-sbrkr.o)
 .debug_frame   0x0000000000000cb0       0x88 /home/dragomir/MounRiver_Studio_Community_Linux_x64_V170/MRS_Community/toolchain/arm-none-eabi-gcc/bin/../lib/gcc/arm-none-eabi/9.3.1/../../../../arm-none-eabi/lib/thumb/v7-m/nofp/libg_nano.a(lib_a-stdio.o)
 .debug_frame   0x0000000000000d38       0x2c /home/dragomir/MounRiver_Studio_Community_Linux_x64_V170/MRS_Community/toolchain/arm-none-eabi-gcc/bin/../lib/gcc/arm-none-eabi/9.3.1/../../../../arm-none-eabi/lib/thumb/v7-m/nofp/libg_nano.a(lib_a-writer.o)
 .debug_frame   0x0000000000000d64       0x2c /home/dragomir/MounRiver_Studio_Community_Linux_x64_V170/MRS_Community/toolchain/arm-none-eabi-gcc/bin/../lib/gcc/arm-none-eabi/9.3.1/../../../../arm-none-eabi/lib/thumb/v7-m/nofp/libg_nano.a(lib_a-closer.o)
 .debug_frame   0x0000000000000d90       0x2c /home/dragomir/MounRiver_Studio_Community_Linux_x64_V170/MRS_Community/toolchain/arm-none-eabi-gcc/bin/../lib/gcc/arm-none-eabi/9.3.1/../../../../arm-none-eabi/lib/thumb/v7-m/nofp/libg_nano.a(lib_a-fstatr.o)
 .debug_frame   0x0000000000000dbc       0x2c /home/dragomir/MounRiver_Studio_Community_Linux_x64_V170/MRS_Community/toolchain/arm-none-eabi-gcc/bin/../lib/gcc/arm-none-eabi/9.3.1/../../../../arm-none-eabi/lib/thumb/v7-m/nofp/libg_nano.a(lib_a-isattyr.o)
 .debug_frame   0x0000000000000de8       0x2c /home/dragomir/MounRiver_Studio_Community_Linux_x64_V170/MRS_Community/toolchain/arm-none-eabi-gcc/bin/../lib/gcc/arm-none-eabi/9.3.1/../../../../arm-none-eabi/lib/thumb/v7-m/nofp/libg_nano.a(lib_a-lseekr.o)
 .debug_frame   0x0000000000000e14       0x28 /home/dragomir/MounRiver_Studio_Community_Linux_x64_V170/MRS_Community/toolchain/arm-none-eabi-gcc/bin/../lib/gcc/arm-none-eabi/9.3.1/../../../../arm-none-eabi/lib/thumb/v7-m/nofp/libg_nano.a(lib_a-memchr-stub.o)
 .debug_frame   0x0000000000000e3c       0x30 /home/dragomir/MounRiver_Studio_Community_Linux_x64_V170/MRS_Community/toolchain/arm-none-eabi-gcc/bin/../lib/gcc/arm-none-eabi/9.3.1/../../../../arm-none-eabi/lib/thumb/v7-m/nofp/libg_nano.a(lib_a-mlock.o)
 .debug_frame   0x0000000000000e6c       0x2c /home/dragomir/MounRiver_Studio_Community_Linux_x64_V170/MRS_Community/toolchain/arm-none-eabi-gcc/bin/../lib/gcc/arm-none-eabi/9.3.1/../../../../arm-none-eabi/lib/thumb/v7-m/nofp/libg_nano.a(lib_a-readr.o)
 .debug_frame   0x0000000000000e98       0x5c /home/dragomir/MounRiver_Studio_Community_Linux_x64_V170/MRS_Community/toolchain/arm-none-eabi-gcc/bin/../lib/gcc/arm-none-eabi/9.3.1/../../../../arm-none-eabi/lib/thumb/v7-m/nofp/libg_nano.a(lib_a-reent.o)
 .debug_frame   0x0000000000000ef4       0x20 /home/dragomir/MounRiver_Studio_Community_Linux_x64_V170/MRS_Community/toolchain/arm-none-eabi-gcc/bin/../lib/gcc/arm-none-eabi/9.3.1/../../../../arm-none-eabi/lib/thumb/v7-m/nofp/libnosys.a(close.o)
 .debug_frame   0x0000000000000f14       0x20 /home/dragomir/MounRiver_Studio_Community_Linux_x64_V170/MRS_Community/toolchain/arm-none-eabi-gcc/bin/../lib/gcc/arm-none-eabi/9.3.1/../../../../arm-none-eabi/lib/thumb/v7-m/nofp/libnosys.a(fstat.o)
 .debug_frame   0x0000000000000f34       0x20 /home/dragomir/MounRiver_Studio_Community_Linux_x64_V170/MRS_Community/toolchain/arm-none-eabi-gcc/bin/../lib/gcc/arm-none-eabi/9.3.1/../../../../arm-none-eabi/lib/thumb/v7-m/nofp/libnosys.a(isatty.o)
 .debug_frame   0x0000000000000f54       0x20 /home/dragomir/MounRiver_Studio_Community_Linux_x64_V170/MRS_Community/toolchain/arm-none-eabi-gcc/bin/../lib/gcc/arm-none-eabi/9.3.1/../../../../arm-none-eabi/lib/thumb/v7-m/nofp/libnosys.a(lseek.o)
 .debug_frame   0x0000000000000f74       0x20 /home/dragomir/MounRiver_Studio_Community_Linux_x64_V170/MRS_Community/toolchain/arm-none-eabi-gcc/bin/../lib/gcc/arm-none-eabi/9.3.1/../../../../arm-none-eabi/lib/thumb/v7-m/nofp/libnosys.a(read.o)

.stab           0x0000000000000000       0x84
 .stab          0x0000000000000000       0x24 /home/dragomir/MounRiver_Studio_Community_Linux_x64_V170/MRS_Community/toolchain/arm-none-eabi-gcc/bin/../lib/gcc/arm-none-eabi/9.3.1/../../../../arm-none-eabi/lib/thumb/v7-m/nofp/libnosys.a(close.o)
 .stab          0x0000000000000024       0x18 /home/dragomir/MounRiver_Studio_Community_Linux_x64_V170/MRS_Community/toolchain/arm-none-eabi-gcc/bin/../lib/gcc/arm-none-eabi/9.3.1/../../../../arm-none-eabi/lib/thumb/v7-m/nofp/libnosys.a(fstat.o)
                                         0x24 (size before relaxing)
 .stab          0x000000000000003c       0x18 /home/dragomir/MounRiver_Studio_Community_Linux_x64_V170/MRS_Community/toolchain/arm-none-eabi-gcc/bin/../lib/gcc/arm-none-eabi/9.3.1/../../../../arm-none-eabi/lib/thumb/v7-m/nofp/libnosys.a(isatty.o)
                                         0x24 (size before relaxing)
 .stab          0x0000000000000054       0x18 /home/dragomir/MounRiver_Studio_Community_Linux_x64_V170/MRS_Community/toolchain/arm-none-eabi-gcc/bin/../lib/gcc/arm-none-eabi/9.3.1/../../../../arm-none-eabi/lib/thumb/v7-m/nofp/libnosys.a(lseek.o)
                                         0x24 (size before relaxing)
 .stab          0x000000000000006c       0x18 /home/dragomir/MounRiver_Studio_Community_Linux_x64_V170/MRS_Community/toolchain/arm-none-eabi-gcc/bin/../lib/gcc/arm-none-eabi/9.3.1/../../../../arm-none-eabi/lib/thumb/v7-m/nofp/libnosys.a(read.o)
                                         0x24 (size before relaxing)

.stabstr        0x0000000000000000      0x117
 .stabstr       0x0000000000000000      0x117 /home/dragomir/MounRiver_Studio_Community_Linux_x64_V170/MRS_Community/toolchain/arm-none-eabi-gcc/bin/../lib/gcc/arm-none-eabi/9.3.1/../../../../arm-none-eabi/lib/thumb/v7-m/nofp/libnosys.a(close.o)
