C51 COMPILER V9.60.0.0   CH559_USB_CDC                                                     08/08/2026 21:52:16 PAGE 1   


C51 COMPILER V9.60.0.0, COMPILATION OF MODULE CH559_USB_CDC
OBJECT MODULE PLACED IN .\Objects\CH559_USB_CDC.obj
COMPILER INVOKED BY: C:\Keil_v5\C51\BIN\C51.EXE CH559_USB_CDC.c LARGE OPTIMIZE(8,SPEED) BROWSE DEBUG OBJECTEXTEND PRINT(
                    -.\Listings\CH559_USB_CDC.lst) TABS(2) OBJECT(.\Objects\CH559_USB_CDC.obj)

line level    source

   1          #define NO_XSFR_DEFINE
   2          #include "CH559.H"
   3          #include "CH559_USB.h"
   4          #include "CH559_USB_CDC.h"
   5          
   6          #define SET_LINE_CODING         0x20  // host configures line coding
   7          #define GET_LINE_CODING         0x21  // host reads configured line coding
   8          #define SET_CONTROL_LINE_STATE  0x22  // generates RS-232/V.24 style control signals
   9          #define SEND_BREAK              0x23  // send break
  10          
  11          #define CDC_DEV_DESCR_SIZE 18
  12          #define CDC_CONF_DESCR_SIZE 67
  13          #define CDC_LINE_CODING_SIZE 7
  14          #define CDC_SERIAL_STATE_SIZE 10
  15          
  16          
  17          UINT16 cdc_last_data_time;
  18          UINT16 cdc_last_status_time;
  19          volatile UINT8 cdc_tx_enabled;  //TODO: this may be bugged (cdc_rx_enabled was bugged)
  20          
  21          // Buffers must be kept aligned to even addresses.
  22          // t1 buffers must be placed 64 bytes after the corresponding t0 buffer.
  23          UINT8 xdata ep0_buffer[CDC_ENDP0_BUF_SIZE] _at_ 0x0100;
  24          UINT8 xdata ep1_buffer[CDC_ENDP1_SIZE] _at_ 0x0140;
  25          volatile UINT8 xdata ep2_t0_buffer[CDC_ENDP2_BUF_SIZE] _at_ 0x0000;
  26          volatile UINT8 xdata ep2_t1_buffer[CDC_ENDP2_BUF_SIZE] _at_ 0x0040;
  27          volatile UINT8 xdata ep3_t0_buffer[CDC_ENDP3_SIZE] _at_ 0x0080;
  28          volatile UINT8 xdata ep3_t1_buffer[CDC_ENDP3_SIZE] _at_ 0x00C0;
  29          
  30          #if CDC_HANDLE_ZLP
  31          volatile UINT8 ep2_t0_zlp;  //set when a ZLP is received in t0
  32          volatile UINT8 ep2_t1_zlp;
  33          #endif
  34          UINT8 ep2_read_select;
  35          volatile UINT8 ep2_t0_num_bytes;
  36          UINT8 ep2_t0_read_offset;
  37          volatile UINT8 ep2_t1_num_bytes;
  38          UINT8 ep2_t1_read_offset;
  39          
  40          volatile UINT8 ep3_wip;
  41          volatile UINT8 ep3_write_select;
  42          volatile UINT8 ep3_t0_num_bytes;
  43          volatile UINT8 ep3_t1_num_bytes;
  44          
  45          #define cdc_setup_buf ((PUSB_SETUP_REQ)ep0_buffer)
  46          
  47          UINT8 cdc_setup_req;
  48          UINT8 cdc_setup_type;
  49          UINT16 cdc_setup_len;
  50          UINT8 code* descriptor_ptr;
  51          #if CDC_USE_UNIQUE_ID
  52          UINT8 cdc_string_serial_offset;
  53          #endif
  54          
C51 COMPILER V9.60.0.0   CH559_USB_CDC                                                     08/08/2026 21:52:16 PAGE 2   

  55          UINT8 cdc_address;
  56          volatile UINT8 cdc_config;
  57          
  58          volatile cdc_line_coding_t cdc_line_coding = {0x48, 0xE8, 0x01, 0x00, 0x00, 0x00, 0x08};  //125K baud, 1 st
             -op, no parity, 8 data
  59          volatile UINT8 cdc_control_line_state = 0;
  60          
  61          /* USB Device Descriptors */
  62          UINT8 code cdc_device_descriptor[] =
  63          { 
  64              CDC_DEV_DESCR_SIZE,       // bLength
  65              0x01,                           // bDescriptorType
  66              0x10, 0x01,                     // bcdUSB
  67              0x02,                           // bDeviceClass (Communications Device Class)
  68              0x00,                           // bDeviceSubClass
  69              0x00,                           // bDeviceProtocol
  70              CDC_ENDP0_SIZE,         // bMaxPacketSize0
  71              0x86, 0x1A,                     // idVendor
  72              0x0C, 0xFE,                     // idProduct
  73              0x00, 0x01,                     // bcdDevice
  74              0x01,                           // iManufacturer
  75              0x02,                           // iProduct
  76              0x03,                           // iSerialNumber
  77              0x01,                           // bNumConfigurations
  78          };
  79          
  80          /* USB Configration Descriptors */
  81          UINT8 code  cdc_config_descriptor[] =
  82          { 
  83              /* Configuration Descriptor */
  84              0x09,                           // bLength
  85              0x02,                           // bDescriptorType
  86              CDC_CONF_DESCR_SIZE & 0xFF, CDC_CONF_DESCR_SIZE >> 8, // wTotalLength
  87              0x02,                           // bNumInterfaces
  88              0x01,                           // bConfigurationValue
  89              0x00,                           // iConfiguration
  90              0x80,                           // bmAttributes: Bus Powered
  91              0x32,                           // MaxPower: 100mA
  92          
  93              /* Interface 0 (CDC) descriptor */
  94              0x09,                           // bLength
  95              0x04,                           // bDescriptorType (Interface)
  96              0x00,                           // bInterfaceNumber 0
  97              0x00,                           // bAlternateSetting
  98              0x01,                           // bNumEndpoints 1
  99              0x02,                           // bInterfaceClass  (Communications Interface Class)
 100              0x02,                           // bInterfaceSubClass  (Abstract Control Model)
 101              0x00,                           // bInterfaceProtocol (No class specific protocol required)
 102              0x04,                           // iInterface (String Index)
 103          
 104              /* Functional Descriptors */
 105              0x05, 0x24, 0x00, 0x10, 0x01, //CDC Header Functional Descriptor (CDC 1.2)
 106          
 107              /* Length/management descriptor */
 108              0x05, 0x24, 0x01, 0x00, 0x01, //Call Management Functional Descriptor (interface 1)
 109              0x04, 0x24, 0x02, 0x02,     //Abstract Control Management Functional Descriptor
 110              0x05, 0x24, 0x06, 0x00, 0x01, //Union Functional Descriptor (interface 0, interface 1)
 111          
 112              /* Interrupt upload endpoint descriptor */
 113              0x07,                           // bLength
 114              0x05,                           // bDescriptorType (Endpoint)
 115              0x81,                           // bEndpointAddress (IN/D2H)
C51 COMPILER V9.60.0.0   CH559_USB_CDC                                                     08/08/2026 21:52:16 PAGE 3   

 116              0x03,                           // bmAttributes (Interrupt)
 117              CDC_ENDP1_SIZE & 0xFF, CDC_ENDP1_SIZE >> 8, // wMaxPacketSize
 118              0x01,                           // bInterval 1 (unit depends on device speed)
 119          
 120              /* Interface 1 (data interface) descriptor */
 121              0x09,                           // bLength
 122              0x04,                           // bDescriptorType (Interface)
 123              0x01,                           // bInterfaceNumber 1
 124              0x00,                           // bAlternateSetting
 125              0x02,                           // bNumEndpoints 2
 126              0x0A,                           // bInterfaceClass  (Data Interface Class)
 127              0x00,                           // bInterfaceSubClass
 128              0x00,                           // bInterfaceProtocol
 129              0x00,                           // iInterface (String Index)
 130          
 131              /* Endpoint descriptor */
 132              0x07,                           // bLength
 133              0x05,                           // bDescriptorType (Endpoint)
 134              0x02,                           // bEndpointAddress (OUT/H2D)
 135              0x02,                           // bmAttributes (Bulk)
 136              CDC_ENDP2_SIZE & 0xFF, CDC_ENDP2_SIZE >> 8, // wMaxPacketSize
 137              0x00,                           // bInterval 0 (unit depends on device speed)
 138          
 139              /* Endpoint descriptor */
 140              0x07,                           // bLength
 141              0x05,                           // bDescriptorType (Endpoint)
 142              0x83,                           // bEndpointAddress (IN/D2H)
 143              0x02,                           // bmAttributes (Bulk)
 144              CDC_ENDP3_SIZE & 0xFF, CDC_ENDP3_SIZE >> 8, // wMaxPacketSize
 145              0x00                            // bInterval 0 (unit depends on device speed)
 146          };
 147          
 148          /* USB String Descriptors */
 149          UINT8 code cdc_string_lang_id[] =
 150          {
 151            0x04,
 152            0x03,
 153            0x09,
 154            0x04 
 155          };
 156          
 157          /* USB Device String Vendor */
 158          UINT8 code cdc_string_vendor[] =
 159          {
 160            14,    
 161            0x03,           
 162            'w',0,'c',0,'h',0,'.',0,'c',0,'n',0
 163          };
 164          
 165          /* USB Device String Product */
 166          UINT8 code cdc_string_product[] =
 167          {
 168              22,
 169              0x03,
 170              'U', 0, 'S', 0, 'B', 0, ' ', 0, 'S', 0, 'e', 0, 'r', 0, 'i', 0, 'a', 0, 'l', 0
 171          };
 172          
 173          /* USB Device String Serial */
 174          #if CDC_USE_UNIQUE_ID
 175          UINT8 code cdc_string_serial[] = {22, 0x03};
 176          #else
              UINT8 code cdc_string_serial[] =
C51 COMPILER V9.60.0.0   CH559_USB_CDC                                                     08/08/2026 21:52:16 PAGE 4   

              {
                22,
                0x03,
                'D', 0, 'E', 0, 'A', 0, 'D', 0, 'B', 0, 'E', 0 , 'E', 0, 'F', 0, '0', 0, '1', 0
              };
              #endif
 184          
 185          UINT8 code cdc_serial_state[] = {0xA1, 0x20, 0x00, 0x00, 0x00, 0x00, 0x02, 0x00, 0x00, 0x00};
 186          
 187          
 188          void cdc_copy_descriptor(UINT8 len)
 189          {
 190   1        UINT8* dest = ep0_buffer;
 191   1        while(len)
 192   1        {
 193   2          *dest = *descriptor_ptr;
 194   2          ++dest;
 195   2          ++descriptor_ptr;
 196   2          --len;
 197   2        }
 198   1      }
 199          
 200          #if CDC_USE_UNIQUE_ID
 201          void cdc_gen_string_serial(UINT8 len)
 202          {
 203   1        UINT8* dest = ep0_buffer;
 204   1        UINT16 chip_id;
 205   1        UINT8 id_hex;
 206   1        while(len && (cdc_string_serial_offset < 2))
 207   1        {
 208   2          *dest = cdc_string_serial[cdc_string_serial_offset];
 209   2          dest += 1;
 210   2          cdc_string_serial_offset += 1;
 211   2          len -= 1;
 212   2        }
 213   1        
 214   1        while(len)
 215   1        {
 216   2          if(cdc_string_serial_offset & 0x01)
 217   2          {
 218   3            *dest = 0x00;
 219   3          }
 220   2          else
 221   2          {
 222   3            E_DIS = 1;  //Swap out the code flash for the read only region that contains the chip ID
 223   3            chip_id = (0x0020 + ((cdc_string_serial_offset - 2) >> 2));
 224   3            id_hex = *((UINT8 code*)chip_id);
 225   3            E_DIS = 0;
 226   3            if((cdc_string_serial_offset >> 1) & 0x01)
 227   3              id_hex = id_hex >> 4;
 228   3            id_hex &= 0x0F;
 229   3            if(id_hex < 10)
 230   3              id_hex += '0';
 231   3            else
 232   3              id_hex += 'A' - 10;
 233   3            *dest = id_hex;
 234   3          }
 235   2          dest += 1;
 236   2          cdc_string_serial_offset += 1;
 237   2          len -= 1;
 238   2        }
 239   1      }
C51 COMPILER V9.60.0.0   CH559_USB_CDC                                                     08/08/2026 21:52:16 PAGE 5   

 240          #endif
 241          
 242          // HINT: This library contains some nasty hacks to work around bugs in CH559.
 243          // Enabling SOF interrupts makes interrupt transfers fail, since the SOF triggers UIF_TRANSFER (all enpoin
             -ts respond with NAK while UIF_TRANSFER is set).
 244          // When a notification needs to be sent the SOF interrupts are disabled so that the interrupt transfer can
             - happen.
 245          // SOF interrupts are re-enabled after the interrupt transfer completes.
 246          void cdc_on_sof(void)
 247          { 
 248   1        // check for timeout, if the buffer is not being written to then enable transmitting and mark the buffer 
             -as full
 249   1        if(((sof_count - cdc_last_data_time) >= CDC_TIMEOUT_MS) && !(ep3_wip | cdc_tx_enabled))
 250   1        {
 251   2          if(ep3_write_select)
 252   2          {
 253   3            usb_set_ep3_tx_len(ep3_t1_num_bytes);
 254   3            ep3_t1_num_bytes = CDC_ENDP3_SIZE;
 255   3            ep3_write_select = 0;
 256   3          }
 257   2          else
 258   2          {
 259   3            usb_set_ep3_tx_len(ep3_t0_num_bytes);
 260   3            ep3_t0_num_bytes = CDC_ENDP3_SIZE;
 261   3            ep3_write_select = 1;
 262   3          }
 263   2          usb_set_ep3_in_res(USB_IN_RES_EXPECT_ACK);
 264   2          cdc_tx_enabled = 1;
 265   2        }
 266   1          
 267   1        if((sof_count - cdc_last_status_time) >= CDC_TIMEOUT_MS)
 268   1        {
 269   2          usb_set_ep1_tx_len(CDC_SERIAL_STATE_SIZE);
 270   2          usb_set_ep1_in_res(USB_IN_RES_EXPECT_ACK);
 271   2          usb_disable_interrupts(USB_INT_SOF);
 272   2        }
 273   1      }
 274          
 275          void cdc_on_out(UINT8 ep)
 276          {
 277   1        UINT8 idx;
 278   1        
 279   1        if(ep == EP_0)
 280   1        {
 281   2          if((cdc_setup_req == SET_LINE_CODING) && ((cdc_setup_type & USB_REQ_TYP_MASK) == USB_REQ_TYP_CLASS))
 282   2          {
 283   3            for(idx = 0; idx < CDC_LINE_CODING_SIZE; idx++)
 284   3            {
 285   4              ((UINT8*)&cdc_line_coding)[idx] = ep0_buffer[idx];
 286   4            }
 287   3          }
 288   2          usb_set_ep0_tx_len(0);
 289   2          usb_set_ep0_tog_res(EP_OUT_TOG_1 | EP_IN_TOG_1 | USB_OUT_RES_ACK | USB_IN_RES_EXPECT_ACK);
 290   2        }
 291   1        
 292   1        if((ep == EP_2) && usb_is_toggle_ok())
 293   1        {
 294   2          //auto-toggle is enabled, so here the toggle should point to the next buffer that will receive
 295   2          if(usb_get_ep2_out_toggle())
 296   2          {
 297   3            ep2_t0_num_bytes = usb_get_rx_len();
 298   3      #if CDC_HANDLE_ZLP
C51 COMPILER V9.60.0.0   CH559_USB_CDC                                                     08/08/2026 21:52:16 PAGE 6   

 299   3            ep2_t0_zlp = !ep2_t0_num_bytes;
 300   3      #endif
 301   3            if(ep2_t1_num_bytes)
 302   3            {
 303   4              usb_set_ep2_out_res(USB_OUT_RES_NAK);
 304   4            }
 305   3          }
 306   2          else
 307   2          {
 308   3            ep2_t1_num_bytes = usb_get_rx_len();
 309   3      #if CDC_HANDLE_ZLP
 310   3            ep2_t1_zlp = ! ep2_t1_num_bytes;
 311   3      #endif
 312   3            if(ep2_t0_num_bytes)
 313   3            {
 314   4              usb_set_ep2_out_res(USB_OUT_RES_NAK);
 315   4            }
 316   3          }
 317   2        }
 318   1      }
 319          
 320          void cdc_on_in(UINT8 ep)
 321          {
 322   1        UINT8 len;
 323   1        
 324   1        if(ep == EP_0)
 325   1        {
 326   2          if((cdc_setup_type & USB_REQ_TYP_MASK) == USB_REQ_TYP_STANDARD)
 327   2          {
 328   3            switch(cdc_setup_req)
 329   3            {
 330   4              case USB_GET_DESCRIPTOR:
 331   4                len = cdc_setup_len >= CDC_ENDP0_SIZE ? CDC_ENDP0_SIZE : cdc_setup_len;
 332   4      #if CDC_USE_UNIQUE_ID
 333   4                if(cdc_string_serial_offset)
 334   4                  cdc_gen_string_serial(len);
 335   4                else
 336   4                  cdc_copy_descriptor(len);
 337   4      #else
                        cdc_copy_descriptor(len);
              #endif
 340   4                cdc_setup_len -= len;
 341   4                usb_set_ep0_tx_len(len);
 342   4                usb_toggle_ep0_in_toggle();
 343   4                break;
 344   4              case USB_SET_ADDRESS:
 345   4                usb_set_addr(cdc_address);
 346   4                usb_set_ep0_in_res(USB_IN_RES_NAK);
 347   4                break;
 348   4              default:
 349   4                usb_set_ep0_tx_len(0);
 350   4                usb_set_ep0_in_res(USB_IN_RES_NAK);
 351   4                break;
 352   4            }
 353   3          }
 354   2          else
 355   2          {
 356   3            usb_set_ep0_tx_len(0);
 357   3            usb_set_ep0_in_res(USB_IN_RES_NAK);
 358   3          }
 359   2        }
 360   1        
C51 COMPILER V9.60.0.0   CH559_USB_CDC                                                     08/08/2026 21:52:16 PAGE 7   

 361   1        if(ep == EP_1)
 362   1        {
 363   2          usb_set_ep1_tx_len(0);
 364   2          usb_set_ep1_in_res(USB_IN_RES_NAK);
 365   2          cdc_last_status_time = sof_count;
 366   2          usb_enable_interrupts(USB_INT_SOF);
 367   2          ++sof_count;
 368   2        }
 369   1        
 370   1        if(ep == EP_3)
 371   1        {
 372   2          cdc_last_data_time = sof_count;
 373   2          usb_set_ep3_tx_len(CDC_ENDP3_SIZE);
 374   2          //auto-toggle is enabled, so here the toggle should point to the next buffer that will transmit
 375   2          if(usb_get_ep3_in_toggle())
 376   2          {
 377   3            ep3_t0_num_bytes = 0;
 378   3            if(ep3_t1_num_bytes != CDC_ENDP3_SIZE)
 379   3            {
 380   4              usb_set_ep3_tx_len(0);
 381   4              usb_set_ep3_in_res(USB_IN_RES_NAK);
 382   4              cdc_tx_enabled = 0;
 383   4            }
 384   3          }
 385   2          else
 386   2          {
 387   3            ep3_t1_num_bytes = 0;
 388   3            if(ep3_t0_num_bytes != CDC_ENDP3_SIZE)
 389   3            {
 390   4              usb_set_ep3_tx_len(0);
 391   4              usb_set_ep3_in_res(USB_IN_RES_NAK);
 392   4              cdc_tx_enabled = 0;
 393   4            }
 394   3          }
 395   2        }
 396   1      }
 397          
 398          void cdc_on_setup(UINT8 ep)
 399          {
 400   1        UINT8 len;
 401   1        UINT8 idx;
 402   1        
 403   1        if(ep == EP_0)
 404   1        {
 405   2          cdc_setup_len = ((UINT16)cdc_setup_buf->wLengthH<<8) | (cdc_setup_buf->wLengthL);
 406   2          cdc_setup_req = cdc_setup_buf->bRequest;
 407   2          cdc_setup_type = cdc_setup_buf->bRequestType;
 408   2          descriptor_ptr = (UINT8 code*)NULL;
 409   2      #if CDC_USE_UNIQUE_ID
 410   2          cdc_string_serial_offset = 0;
 411   2      #endif
 412   2          len = 0;
 413   2          
 414   2          if((cdc_setup_type & USB_REQ_TYP_MASK) == USB_REQ_TYP_STANDARD)
 415   2          {
 416   3            switch(cdc_setup_req)
 417   3            {
 418   4              case USB_GET_DESCRIPTOR:
 419   4                switch(cdc_setup_buf->wValueH)
 420   4                {
 421   5                  case USB_DESCR_TYP_DEVICE:
 422   5                    descriptor_ptr = cdc_device_descriptor;
C51 COMPILER V9.60.0.0   CH559_USB_CDC                                                     08/08/2026 21:52:16 PAGE 8   

 423   5                    len = CDC_DEV_DESCR_SIZE;
 424   5                    break;
 425   5                  case USB_DESCR_TYP_CONFIG:
 426   5                    descriptor_ptr = cdc_config_descriptor;
 427   5                    len = CDC_CONF_DESCR_SIZE;
 428   5                    break;
 429   5                  case USB_DESCR_TYP_STRING:
 430   5                    switch(cdc_setup_buf->wValueL)
 431   5                    {
 432   6                      case 0:
 433   6                        descriptor_ptr = cdc_string_lang_id;
 434   6                        break;
 435   6                      case 1:
 436   6                        descriptor_ptr = cdc_string_vendor;
 437   6                        break;
 438   6                      case 2:
 439   6                        descriptor_ptr = cdc_string_product;
 440   6                        break;
 441   6                      case 3:
 442   6                        descriptor_ptr = cdc_string_serial;
 443   6      #if CDC_USE_UNIQUE_ID
 444   6                        cdc_string_serial_offset = 0xFF;
 445   6      #endif
 446   6                        break;
 447   6                      case 4:
 448   6                        descriptor_ptr = cdc_string_product;
 449   6                        break;
 450   6                      default:
 451   6                        descriptor_ptr = cdc_string_product;
 452   6                        break;
 453   6                    }
 454   5                    len = descriptor_ptr[0];
 455   5                    break;
 456   5                  default:
 457   5                    len = 0xFF;
 458   5                    break;
 459   5                }
 460   4                break;
 461   4              case USB_SET_ADDRESS:
 462   4                cdc_address = cdc_setup_buf->wValueL;
 463   4                break;
 464   4              case USB_GET_CONFIGURATION:
 465   4                ep0_buffer[0] = cdc_config;
 466   4                len = 1;
 467   4                break;
 468   4              case USB_SET_CONFIGURATION:
 469   4                cdc_config = cdc_setup_buf->wValueL;
 470   4                usb_enable_interrupts(USB_INT_SOF);
 471   4                break;
 472   4              case USB_GET_INTERFACE:
 473   4                ep0_buffer[0] = 0;
 474   4                len = 1;
 475   4                break;
 476   4              case USB_SET_INTERFACE:
 477   4                //nothing to do here
 478   4                break;
 479   4              case USB_GET_STATUS:
 480   4                ep0_buffer[0] = 0x00;
 481   4                ep0_buffer[1] = 0x00;
 482   4                len = 2;
 483   4                break;
 484   4              case USB_CLEAR_FEATURE:
C51 COMPILER V9.60.0.0   CH559_USB_CDC                                                     08/08/2026 21:52:16 PAGE 9   

 485   4                if((cdc_setup_type & USB_REQ_RECIP_MASK) == USB_REQ_RECIP_ENDP)
 486   4                {
 487   5                  switch(cdc_setup_buf->wIndexL)
 488   5                  {
 489   6                    case 0x01:
 490   6                      usb_set_ep1_out_toggle(EP_OUT_TOG_0);
 491   6                      usb_set_ep1_out_res(USB_OUT_RES_ACK);
 492   6                      break;
 493   6                    case 0x81:
 494   6                      usb_set_ep1_in_toggle(EP_IN_TOG_0);
 495   6                      usb_set_ep1_in_res(USB_IN_RES_NAK);
 496   6                      usb_enable_interrupts(USB_INT_SOF); //SOF interrupts must be enabled when EP1 is not ready
 497   6                      break;
 498   6                    case 0x02:
 499   6                      usb_set_ep2_out_toggle(EP_OUT_TOG_0);
 500   6                      usb_set_ep2_out_res(USB_OUT_RES_ACK);
 501   6                      break;
 502   6                    case 0x82:
 503   6                      usb_set_ep2_in_toggle(EP_IN_TOG_0);
 504   6                      usb_set_ep2_in_res(USB_IN_RES_NAK);
 505   6                      break;
 506   6                    case 0x03:
 507   6                      usb_set_ep3_out_toggle(EP_OUT_TOG_0);
 508   6                      usb_set_ep3_out_res(USB_OUT_RES_ACK);
 509   6                      break;
 510   6                    case 0x83:
 511   6                      usb_set_ep3_in_toggle(EP_IN_TOG_0);
 512   6                      usb_set_ep3_in_res(USB_IN_RES_NAK);
 513   6                      break;
 514   6                    default:
 515   6                      len = 0xFF;
 516   6                      break;
 517   6                  }
 518   5                }
 519   4                else
 520   4                {
 521   5                  len = 0xFF;
 522   5                }
 523   4                break;
 524   4              case USB_SET_FEATURE:
 525   4                if(((cdc_setup_type & USB_REQ_RECIP_MASK) == USB_REQ_RECIP_ENDP) && !cdc_setup_buf->wIndexH)
 526   4                {
 527   5                  switch(cdc_setup_buf->wIndexL)
 528   5                  {
 529   6                    case 0x01:
 530   6                      usb_set_ep1_out_toggle(EP_OUT_TOG_0);
 531   6                      usb_set_ep1_out_res(USB_OUT_RES_STALL);
 532   6                      break;
 533   6                    case 0x81:
 534   6                      usb_set_ep1_in_toggle(EP_IN_TOG_0);
 535   6                      usb_set_ep1_in_res(USB_IN_RES_STALL);
 536   6                      usb_enable_interrupts(USB_INT_SOF); //SOF interrupts must be enabled when EP1 is not ready
 537   6                      break;
 538   6                    case 0x02:
 539   6                      usb_set_ep2_out_toggle(EP_OUT_TOG_0);
 540   6                      usb_set_ep2_out_res(USB_OUT_RES_STALL);
 541   6                      break;
 542   6                    case 0x82:
 543   6                      usb_set_ep2_in_toggle(EP_IN_TOG_0);
 544   6                      usb_set_ep2_in_res(USB_IN_RES_STALL);
 545   6                      break;
 546   6                    case 0x03:
C51 COMPILER V9.60.0.0   CH559_USB_CDC                                                     08/08/2026 21:52:16 PAGE 10  

 547   6                      usb_set_ep3_out_toggle(EP_OUT_TOG_0);
 548   6                      usb_set_ep3_out_res(USB_OUT_RES_STALL);
 549   6                      break;
 550   6                    case 0x83:
 551   6                      usb_set_ep3_in_toggle(EP_IN_TOG_0);
 552   6                      usb_set_ep3_in_res(USB_IN_RES_STALL);
 553   6                      break;
 554   6                    default:
 555   6                      len = 0xFF;
 556   6                      break;
 557   6                  }
 558   5                }
 559   4                else
 560   4                {
 561   5                  len = 0xFF;
 562   5                }
 563   4                break;
 564   4              default:
 565   4                len = 0xFF;
 566   4                break;
 567   4            }
 568   3          }
 569   2          else if((cdc_setup_type & USB_REQ_TYP_MASK) == USB_REQ_TYP_CLASS)
 570   2          {
 571   3            switch(cdc_setup_req)
 572   3            {
 573   4              case GET_LINE_CODING:
 574   4                for(idx = 0; idx < CDC_LINE_CODING_SIZE; ++idx)
 575   4                {
 576   5                  ep0_buffer[idx] = ((UINT8*)&cdc_line_coding)[idx];
 577   5                }
 578   4                len = CDC_LINE_CODING_SIZE;
 579   4                break;
 580   4              case SET_CONTROL_LINE_STATE:
 581   4                cdc_control_line_state = ep0_buffer[2];
 582   4                break;
 583   4              case SET_LINE_CODING:
 584   4                // nothing to do here
 585   4                break;
 586   4              default:
 587   4                len = 0xFF;
 588   4                break;
 589   4            }
 590   3          }
 591   2          else
 592   2          {
 593   3            len = 0xFF;
 594   3          }
 595   2          
 596   2          if(len == 0xFF)
 597   2          {
 598   3            cdc_setup_req = 0xFF;
 599   3            usb_set_ep0_tog_res(EP_OUT_TOG_1 | EP_IN_TOG_1 | USB_OUT_RES_STALL | USB_IN_RES_STALL);
 600   3          }
 601   2          else
 602   2          {
 603   3            if(cdc_setup_len > len)
 604   3              cdc_setup_len = len;
 605   3            len = (cdc_setup_len > CDC_ENDP0_SIZE) ? CDC_ENDP0_SIZE : cdc_setup_len;
 606   3      
 607   3      #if CDC_USE_UNIQUE_ID     
 608   3            if(cdc_string_serial_offset)
C51 COMPILER V9.60.0.0   CH559_USB_CDC                                                     08/08/2026 21:52:16 PAGE 11  

 609   3            {
 610   4              cdc_string_serial_offset = 0;
 611   4              cdc_gen_string_serial(len);
 612   4            }
 613   3            else if(descriptor_ptr != (UINT8 code*)NULL)
 614   3              cdc_copy_descriptor(len);
 615   3      #else
                    if(descriptor_ptr != (UINT8 code*)NULL)
                      cdc_copy_descriptor(len);
              #endif
 619   3            
 620   3            cdc_setup_len -= len;
 621   3            usb_set_ep0_tx_len(len);
 622   3            usb_set_ep0_tog_res(EP_OUT_TOG_1 | EP_IN_TOG_1 | USB_OUT_RES_ACK | USB_IN_RES_EXPECT_ACK);
 623   3          }
 624   2        } //end if(ep == EP_0)
 625   1      }
 626          
 627          void cdc_on_rst(void)
 628          {
 629   1        usb_disable_interrupts(USB_INT_SOF);
 630   1      
 631   1      #if CDC_HANDLE_ZLP
 632   1        ep2_t0_zlp = 0;
 633   1        ep2_t1_zlp = 0;
 634   1      #endif
 635   1        ep2_read_select = 0;
 636   1        ep2_t0_num_bytes = 0;
 637   1        ep2_t0_read_offset = 0;
 638   1        ep2_t1_num_bytes = 0;
 639   1        ep2_t1_read_offset = 0;
 640   1        
 641   1        ep3_wip = 0;
 642   1        ep3_write_select = 0;
 643   1        ep3_t0_num_bytes = 0;
 644   1        ep3_t1_num_bytes = 0;
 645   1        
 646   1        usb_set_ep0_tog_res(USB_OUT_RES_ACK | USB_IN_RES_NAK | EP_OUT_TOG_0 | EP_IN_TOG_0 | EP_AUTOTOG_0);
 647   1        usb_set_ep1_tog_res(USB_OUT_RES_ACK | USB_IN_RES_NAK | EP_OUT_TOG_0 | EP_IN_TOG_0 | EP_AUTOTOG_1);
 648   1        usb_set_ep2_tog_res(USB_OUT_RES_ACK | USB_IN_RES_NAK | EP_OUT_TOG_0 | EP_IN_TOG_0 | EP_AUTOTOG_1);
 649   1        usb_set_ep3_tog_res(USB_OUT_RES_ACK | USB_IN_RES_NAK | EP_OUT_TOG_0 | EP_IN_TOG_0 | EP_AUTOTOG_1);
 650   1        
 651   1        cdc_last_data_time = 0;
 652   1        cdc_last_status_time = 0;
 653   1        sof_count = 0;
 654   1        cdc_config = 0;
 655   1        cdc_tx_enabled = 0;
 656   1      }
 657          
 658          void cdc_enable_tx(void)
 659          {
 660   1        // check toggle, if the buffer pointed to by the toggle is completely full then enable transmitting
 661   1        if(!cdc_tx_enabled && ((usb_get_ep3_in_toggle() ? ep3_t1_num_bytes : ep3_t0_num_bytes) == CDC_ENDP3_SIZE)
             -)
 662   1        {
 663   2          usb_set_ep3_tx_len(CDC_ENDP3_SIZE);
 664   2          usb_set_ep3_in_res(USB_IN_RES_EXPECT_ACK);
 665   2          cdc_tx_enabled = 1;
 666   2        }
 667   1      }
 668          
 669          void cdc_enable_rx(void)
C51 COMPILER V9.60.0.0   CH559_USB_CDC                                                     08/08/2026 21:52:16 PAGE 12  

 670          {
 671   1        // check toggle, if the buffer pointed to by the toggle is empty then enable receiving
 672   1        if(usb_get_ep2_out_res() && ((usb_get_ep2_out_toggle() ? ep2_t1_num_bytes : ep2_t0_num_bytes) == 0))
 673   1        {
 674   2          usb_set_ep2_out_res(USB_OUT_RES_ACK);
 675   2        }
 676   1      }
 677          
 678          usb_config_t code usb_config = 
 679          {
 680            (UINT16)ep0_buffer,
 681            (UINT16)ep1_buffer,
 682            (UINT16)ep2_t0_buffer,
 683            (UINT16)ep3_t0_buffer,
 684            USB_OUT_RES_ACK | USB_IN_RES_NAK | EP_OUT_TOG_0 | EP_IN_TOG_0 | EP_AUTOTOG_0,
 685            USB_OUT_RES_ACK | USB_IN_RES_NAK | EP_OUT_TOG_0 | EP_IN_TOG_0 | EP_AUTOTOG_1,
 686            USB_OUT_RES_ACK | USB_IN_RES_NAK | EP_OUT_TOG_0 | EP_IN_TOG_0 | EP_AUTOTOG_1,
 687            USB_OUT_RES_ACK | USB_IN_RES_NAK | EP_OUT_TOG_0 | EP_IN_TOG_0 | EP_AUTOTOG_1,
 688            USB_OUT_RES_ACK | USB_IN_RES_NAK | EP_OUT_TOG_0 | EP_IN_TOG_0 | EP_AUTOTOG_0,
 689            USB_EP1_TX_EN | USB_EP1_BUF_SINGLE,
 690            USB_EP2_RX_EN | USB_EP2_BUF_DOUBLE | USB_EP3_TX_EN | USB_EP3_BUF_DOUBLE,
 691            USB_INT_TRANSFER | USB_INT_RST
 692          };
 693          
 694          void cdc_init(void)
 695          {
 696   1        usb_sof_callback = cdc_on_sof;
 697   1        usb_out_callback = cdc_on_out;
 698   1        usb_in_callback = cdc_on_in;
 699   1        usb_setup_callback = cdc_on_setup;
 700   1        usb_rst_callback = cdc_on_rst;
 701   1        usb_suspend_callback = NULL;
 702   1        
 703   1        usb_init(&usb_config);
 704   1        cdc_set_serial_state(0x00);
 705   1        cdc_config = 0;
 706   1      }
 707          
 708          void cdc_set_serial_state(UINT8 val)
 709          {
 710   1        UINT8 idx;
 711   1        for(idx = 0; idx < CDC_SERIAL_STATE_SIZE; ++idx)
 712   1        {
 713   2          ep1_buffer[idx] = cdc_serial_state[idx];
 714   2        }
 715   1        ep1_buffer[8] = val;
 716   1        usb_set_ep1_tx_len(CDC_SERIAL_STATE_SIZE);
 717   1        usb_set_ep1_in_res(USB_IN_RES_EXPECT_ACK);
 718   1      }
 719          
 720          // Receive
 721          UINT16 cdc_bytes_available(void)
 722          {
 723   1        // count the number of bytes available in both buffers
 724   1        return (ep2_t0_num_bytes - ep2_t0_read_offset) + (ep2_t1_num_bytes - ep2_t1_read_offset);
 725   1      }
 726          
 727          UINT8 cdc_peek(void)
 728          {
 729   1      #if CDC_HANDLE_ZLP
 730   1        if(ep2_read_select && ep2_t1_zlp)
 731   1        {
C51 COMPILER V9.60.0.0   CH559_USB_CDC                                                     08/08/2026 21:52:16 PAGE 13  

 732   2          ep2_t1_zlp = 0;
 733   2          ep2_read_select = 0;
 734   2          cdc_enable_rx();
 735   2        }
 736   1        else if(!ep2_read_select && ep2_t0_zlp)
 737   1        {
 738   2          ep2_t0_zlp = 0;
 739   2          ep2_read_select = 1;
 740   2          cdc_enable_rx();
 741   2        }
 742   1      #endif
 743   1        
 744   1        if(ep2_read_select)
 745   1          return ep2_t1_buffer[ep2_t1_read_offset];
 746   1        else
 747   1          return ep2_t0_buffer[ep2_t0_read_offset];
 748   1      }
 749          
 750          UINT8 cdc_read_byte(void)
 751          {
 752   1        UINT8 read_val;
 753   1        
 754   1        while(!cdc_bytes_available());
 755   1      #if CDC_HANDLE_ZLP
 756   1        if(ep2_read_select && ep2_t1_zlp)
 757   1        {
 758   2          ep2_t1_zlp = 0;
 759   2          ep2_read_select = 0;
 760   2          cdc_enable_rx();
 761   2        }
 762   1        else if(!ep2_read_select && ep2_t0_zlp)
 763   1        {
 764   2          ep2_t0_zlp = 0;
 765   2          ep2_read_select = 1;
 766   2          cdc_enable_rx();
 767   2        }
 768   1      #endif
 769   1        
 770   1        if(ep2_read_select)
 771   1        {
 772   2          read_val = ep2_t1_buffer[ep2_t1_read_offset];
 773   2          ++ep2_t1_read_offset;
 774   2          if(ep2_t1_read_offset == ep2_t1_num_bytes)
 775   2          {
 776   3            ep2_t1_read_offset = 0;
 777   3            ep2_t1_num_bytes = 0;
 778   3            ep2_read_select = 0;
 779   3            cdc_enable_rx();
 780   3          }
 781   2        }
 782   1        else
 783   1        {
 784   2          read_val = ep2_t0_buffer[ep2_t0_read_offset];
 785   2          ++ep2_t0_read_offset;
 786   2          if(ep2_t0_read_offset == ep2_t0_num_bytes)
 787   2          {
 788   3            ep2_t0_read_offset = 0;
 789   3            ep2_t0_num_bytes = 0;
 790   3            ep2_read_select = 1;
 791   3            cdc_enable_rx();
 792   3          }
 793   2        }
C51 COMPILER V9.60.0.0   CH559_USB_CDC                                                     08/08/2026 21:52:16 PAGE 14  

 794   1        
 795   1        return read_val;
 796   1      }
 797          
 798          void cdc_read_bytes(UINT8* dest, UINT16 num_bytes)
 799          {
 800   1        UINT16 num_to_read = 0;
 801   1      
 802   1        while(num_bytes)
 803   1        {
 804   2          if(ep2_read_select)
 805   2          {
 806   3            num_to_read = ep2_t1_num_bytes - ep2_t1_read_offset;
 807   3            if(!num_to_read)
 808   3            {
 809   4      #if CDC_HANDLE_ZLP
 810   4              if(ep2_t1_zlp)
 811   4              {
 812   5                ep2_t1_zlp = 0;
 813   5                ep2_read_select = 0;
 814   5                cdc_enable_rx();
 815   5              }
 816   4      #endif
 817   4              continue;
 818   4            }
 819   3            if(num_to_read > num_bytes)
 820   3            {
 821   4              num_to_read = num_bytes;
 822   4            }
 823   3            
 824   3            num_bytes -= num_to_read;
 825   3            do
 826   3            {
 827   4              *dest = ep2_t1_buffer[ep2_t1_read_offset];
 828   4              ++dest;
 829   4              ++ep2_t1_read_offset;
 830   4            } while(--num_to_read);
 831   3            
 832   3            if(ep2_t1_read_offset == ep2_t1_num_bytes)
 833   3            {
 834   4              ep2_t1_read_offset = 0;
 835   4              ep2_t1_num_bytes = 0;
 836   4              ep2_read_select = 0;
 837   4              cdc_enable_rx();
 838   4            }
 839   3          }
 840   2          else
 841   2          {
 842   3            num_to_read = ep2_t0_num_bytes - ep2_t0_read_offset;
 843   3            if(!num_to_read)
 844   3            {
 845   4      #if CDC_HANDLE_ZLP
 846   4              if(ep2_t0_zlp)
 847   4              {
 848   5                ep2_t0_zlp = 0;
 849   5                ep2_read_select = 1;
 850   5                cdc_enable_rx();
 851   5              }
 852   4      #endif
 853   4              continue;
 854   4            }
 855   3            if(num_to_read > num_bytes)
C51 COMPILER V9.60.0.0   CH559_USB_CDC                                                     08/08/2026 21:52:16 PAGE 15  

 856   3            {
 857   4              num_to_read = num_bytes;
 858   4            }
 859   3            
 860   3            num_bytes -= num_to_read;
 861   3            do
 862   3            {
 863   4              *dest = ep2_t0_buffer[ep2_t0_read_offset];
 864   4              ++dest;
 865   4              ++ep2_t0_read_offset;
 866   4            } while(--num_to_read);
 867   3            
 868   3            if(ep2_t0_read_offset == ep2_t0_num_bytes)
 869   3            {
 870   4              ep2_t0_read_offset = 0;
 871   4              ep2_t0_num_bytes = 0;
 872   4              ep2_read_select = 1;
 873   4              cdc_enable_rx();
 874   4            }
 875   3          }
 876   2        }
 877   1      }
 878          
 879          // Send
 880          UINT16 cdc_bytes_available_for_write(void)
 881          {
 882   1        return (CDC_ENDP3_SIZE - ep3_t0_num_bytes) + (CDC_ENDP3_SIZE - ep3_t1_num_bytes);
 883   1      }
 884          
 885          void cdc_write_byte(UINT8 val)
 886          {
 887   1        UINT8 ep_num_bytes;
 888   1        ep3_wip = 1;
 889   1        if(ep3_write_select)
 890   1        {
 891   2          ep_num_bytes = ep3_t1_num_bytes;
 892   2          if(ep_num_bytes == CDC_ENDP3_SIZE)
 893   2          {
 894   3            ep3_wip = 0;
 895   3            return;
 896   3          }
 897   2          ep3_t1_buffer[ep_num_bytes] = val;
 898   2          ++ep_num_bytes;
 899   2          ep3_t1_num_bytes = ep_num_bytes;
 900   2          if(ep_num_bytes == CDC_ENDP3_SIZE)
 901   2          {
 902   3            ep3_write_select = 0;
 903   3            cdc_enable_tx();
 904   3          }
 905   2        }
 906   1        else
 907   1        {
 908   2          ep_num_bytes = ep3_t0_num_bytes;
 909   2          if(ep_num_bytes == CDC_ENDP3_SIZE)
 910   2          {
 911   3            ep3_wip = 0;
 912   3            return;
 913   3          }
 914   2          ep3_t0_buffer[ep_num_bytes] = val;
 915   2          ++ep_num_bytes;
 916   2          ep3_t0_num_bytes = ep_num_bytes;
 917   2          if(ep_num_bytes == CDC_ENDP3_SIZE)
C51 COMPILER V9.60.0.0   CH559_USB_CDC                                                     08/08/2026 21:52:16 PAGE 16  

 918   2          {
 919   3            ep3_write_select = 1;
 920   3            cdc_enable_tx();
 921   3          }
 922   2        }
 923   1        ep3_wip = 0;
 924   1      }
 925          
 926          void cdc_write_bytes(UINT8* src, UINT16 num_bytes)
 927          {
 928   1        UINT16 num_to_write = 0;
 929   1        UINT8 ep_num_bytes;
 930   1        
 931   1        ep3_wip = 1;
 932   1        while(num_bytes)
 933   1        {
 934   2          if(ep3_write_select)
 935   2          {
 936   3            ep_num_bytes = ep3_t1_num_bytes;
 937   3            num_to_write = CDC_ENDP3_SIZE - ep_num_bytes;
 938   3            if(!num_to_write)
 939   3              continue;
 940   3            if(num_to_write > num_bytes)
 941   3              num_to_write = num_bytes;
 942   3            
 943   3            num_bytes -= num_to_write;
 944   3            do
 945   3            {
 946   4              ep3_t1_buffer[ep_num_bytes] = *src;
 947   4              ++src;
 948   4              ++ep_num_bytes;
 949   4            } while(--num_to_write);
 950   3            ep3_t1_num_bytes = ep_num_bytes;
 951   3            
 952   3            if(ep_num_bytes == CDC_ENDP3_SIZE)
 953   3            {
 954   4              ep3_write_select = 0;
 955   4              cdc_enable_tx();
 956   4            }
 957   3          }
 958   2          else
 959   2          {
 960   3            ep_num_bytes = ep3_t0_num_bytes;
 961   3            num_to_write = CDC_ENDP3_SIZE - ep_num_bytes;
 962   3            if(!num_to_write)
 963   3              continue;
 964   3            if(num_to_write > num_bytes)
 965   3              num_to_write = num_bytes;
 966   3            
 967   3            num_bytes -= num_to_write;
 968   3            do
 969   3            {
 970   4              ep3_t0_buffer[ep_num_bytes] = *src;
 971   4              ++src;
 972   4              ++ep_num_bytes;
 973   4            } while(--num_to_write);
 974   3            ep3_t0_num_bytes = ep_num_bytes;
 975   3            
 976   3            if(ep_num_bytes == CDC_ENDP3_SIZE)
 977   3            {
 978   4              ep3_write_select = 1;
 979   4              cdc_enable_tx();
C51 COMPILER V9.60.0.0   CH559_USB_CDC                                                     08/08/2026 21:52:16 PAGE 17  

 980   4            }
 981   3          }
 982   2        }
 983   1        ep3_wip = 0;
 984   1      }
 985          
 986          void cdc_write_string(char* src)
 987          {
 988   1        UINT16 len = 0;
 989   1        char* src_copy = src;
 990   1        while(*src_copy)
 991   1        {
 992   2          ++len;
 993   2          ++src_copy;
 994   2        }
 995   1        cdc_write_bytes(src, len);
 996   1      }


MODULE INFORMATION:   STATIC OVERLAYABLE
   CODE SIZE        =   2844    ----
   CONSTANT SIZE    =    153    ----
   XDATA SIZE       =     33      13
   PDATA SIZE       =   ----    ----
   DATA SIZE        =   ----    ----
   IDATA SIZE       =   ----    ----
   BIT SIZE         =   ----    ----
END OF MODULE INFORMATION.


C51 COMPILATION COMPLETE.  0 WARNING(S),  0 ERROR(S)
