C51 COMPILER V9.60.0.0   CH559_RA6963                                                      08/08/2026 21:52:17 PAGE 1   


C51 COMPILER V9.60.0.0, COMPILATION OF MODULE CH559_RA6963
OBJECT MODULE PLACED IN .\Objects\CH559_RA6963.obj
COMPILER INVOKED BY: C:\Keil_v5\C51\BIN\C51.EXE CH559_RA6963.c LARGE OPTIMIZE(8,SPEED) BROWSE DEBUG OBJECTEXTEND PRINT(.
                    -\Listings\CH559_RA6963.lst) TABS(2) OBJECT(.\Objects\CH559_RA6963.obj)

line level    source

   1          #define NO_XSFR_DEFINE
   2          #include "CH559.H"
   3          #include "CH559_GPIO.h"
   4          #include "CH559_RCC.h"
   5          #include "CH559_RA6963.h"
   6          
   7          UINT8 ra6963_status_mask;
   8          UINT8 ra6963_frame_buf[RA6963_BUF_SIZE];
   9          
  10          UINT8 code ra6963_8x8_font[1024] = {
  11            0x00, 0x00, 0x00, 0x00, 0x00, 0x00, 0x00, 0x00, 0x00, 0x00, 0x00, 0x00,
  12            0x00, 0x00, 0x00, 0x00, 0x00, 0x00, 0x00, 0x00, 0x00, 0x00, 0x00, 0x00,
  13            0x00, 0x00, 0x00, 0x00, 0x00, 0x00, 0x00, 0x00, 0x00, 0x00, 0x00, 0x00,
  14            0x00, 0x00, 0x00, 0x00, 0x00, 0x00, 0x00, 0x00, 0x00, 0x00, 0x00, 0x00,
  15            0x00, 0x00, 0x00, 0x00, 0x00, 0x00, 0x00, 0x00, 0x00, 0x00, 0x00, 0x00,
  16            0x00, 0x00, 0x00, 0x00, 0x00, 0x00, 0x00, 0x00, 0x00, 0x00, 0x00, 0x00,
  17            0x00, 0x00, 0x00, 0x00, 0x00, 0x00, 0x00, 0x00, 0x00, 0x00, 0x00, 0x00,
  18            0x00, 0x00, 0x00, 0x00, 0x00, 0x00, 0x00, 0x00, 0x00, 0x00, 0x00, 0x00,
  19            0x00, 0x00, 0x00, 0x00, 0x00, 0x00, 0x00, 0x00, 0x00, 0x00, 0x00, 0x00,
  20            0x00, 0x00, 0x00, 0x00, 0x00, 0x00, 0x00, 0x00, 0x00, 0x00, 0x00, 0x00,
  21            0x00, 0x00, 0x00, 0x00, 0x00, 0x00, 0x00, 0x00, 0x00, 0x00, 0x00, 0x00,
  22            0x00, 0x00, 0x00, 0x00, 0x00, 0x00, 0x00, 0x00, 0x00, 0x00, 0x00, 0x00,
  23            0x00, 0x00, 0x00, 0x00, 0x00, 0x00, 0x00, 0x00, 0x00, 0x00, 0x00, 0x00,
  24            0x00, 0x00, 0x00, 0x00, 0x00, 0x00, 0x00, 0x00, 0x00, 0x00, 0x00, 0x00,
  25            0x00, 0x00, 0x00, 0x00, 0x00, 0x00, 0x00, 0x00, 0x00, 0x00, 0x00, 0x00,
  26            0x00, 0x00, 0x00, 0x00, 0x00, 0x00, 0x00, 0x00, 0x00, 0x00, 0x00, 0x00,
  27            0x00, 0x00, 0x00, 0x00, 0x00, 0x00, 0x00, 0x00, 0x00, 0x00, 0x00, 0x00,
  28            0x00, 0x00, 0x00, 0x00, 0x00, 0x00, 0x00, 0x00, 0x00, 0x00, 0x00, 0x00,
  29            0x00, 0x00, 0x00, 0x00, 0x00, 0x00, 0x00, 0x00, 0x00, 0x00, 0x00, 0x00,
  30            0x00, 0x00, 0x00, 0x00, 0x00, 0x00, 0x00, 0x00, 0x00, 0x00, 0x00, 0x00,
  31            0x00, 0x00, 0x00, 0x00, 0x00, 0x00, 0x00, 0x00, 0x00, 0x00, 0x00, 0x00,
  32            0x00, 0x00, 0x00, 0x00, 0x00, 0x00, 0x00, 0x00, 0x00, 0x00, 0x00, 0x00,
  33            0x18, 0x3C, 0x3C, 0x18, 0x18, 0x00, 0x18, 0x00, 0x6C, 0x6C, 0x00, 0x00,
  34            0x00, 0x00, 0x00, 0x00, 0x6C, 0x6C, 0xFE, 0x6C, 0xFE, 0x6C, 0x6C, 0x00,
  35            0x30, 0x7C, 0xC0, 0x78, 0x0C, 0xF8, 0x30, 0x00, 0x00, 0xC6, 0xCC, 0x18,
  36            0x30, 0x66, 0xC6, 0x00, 0x38, 0x6C, 0x38, 0x76, 0xDC, 0xCC, 0x76, 0x00,
  37            0x60, 0x60, 0xC0, 0x00, 0x00, 0x00, 0x00, 0x00, 0x18, 0x30, 0x60, 0x60,
  38            0x60, 0x30, 0x18, 0x00, 0x60, 0x30, 0x18, 0x18, 0x18, 0x30, 0x60, 0x00,
  39            0x00, 0x66, 0x3C, 0xFF, 0x3C, 0x66, 0x00, 0x00, 0x00, 0x30, 0x30, 0xFC,
  40            0x30, 0x30, 0x00, 0x00, 0x00, 0x00, 0x00, 0x00, 0x00, 0x30, 0x30, 0x60,
  41            0x00, 0x00, 0x00, 0xFC, 0x00, 0x00, 0x00, 0x00, 0x00, 0x00, 0x00, 0x00,
  42            0x00, 0x30, 0x30, 0x00, 0x06, 0x0C, 0x18, 0x30, 0x60, 0xC0, 0x80, 0x00,
  43            0x7C, 0xC6, 0xCE, 0xDE, 0xF6, 0xE6, 0x7C, 0x00, 0x30, 0x70, 0x30, 0x30,
  44            0x30, 0x30, 0xFC, 0x00, 0x78, 0xCC, 0x0C, 0x38, 0x60, 0xCC, 0xFC, 0x00,
  45            0x78, 0xCC, 0x0C, 0x38, 0x0C, 0xCC, 0x78, 0x00, 0x1C, 0x3C, 0x6C, 0xCC,
  46            0xFE, 0x0C, 0x1E, 0x00, 0xFC, 0xC0, 0xF8, 0x0C, 0x0C, 0xCC, 0x78, 0x00,
  47            0x38, 0x60, 0xC0, 0xF8, 0xCC, 0xCC, 0x78, 0x00, 0xFC, 0xCC, 0x0C, 0x18,
  48            0x30, 0x30, 0x30, 0x00, 0x78, 0xCC, 0xCC, 0x78, 0xCC, 0xCC, 0x78, 0x00,
  49            0x78, 0xCC, 0xCC, 0x7C, 0x0C, 0x18, 0x70, 0x00, 0x00, 0x30, 0x30, 0x00,
  50            0x00, 0x30, 0x30, 0x00, 0x00, 0x30, 0x30, 0x00, 0x00, 0x30, 0x30, 0x60,
  51            0x18, 0x30, 0x60, 0xC0, 0x60, 0x30, 0x18, 0x00, 0x00, 0x00, 0xFC, 0x00,
  52            0x00, 0xFC, 0x00, 0x00, 0x60, 0x30, 0x18, 0x0C, 0x18, 0x30, 0x60, 0x00,
  53            0x78, 0xCC, 0x0C, 0x18, 0x30, 0x00, 0x30, 0x00, 0x7C, 0xC6, 0xDE, 0xDE,
  54            0xDE, 0xC0, 0x78, 0x00, 0x30, 0x78, 0xCC, 0xCC, 0xFC, 0xCC, 0xCC, 0x00,
C51 COMPILER V9.60.0.0   CH559_RA6963                                                      08/08/2026 21:52:17 PAGE 2   

  55            0xFC, 0x66, 0x66, 0x7C, 0x66, 0x66, 0xFC, 0x00, 0x3C, 0x66, 0xC0, 0xC0,
  56            0xC0, 0x66, 0x3C, 0x00, 0xF8, 0x6C, 0x66, 0x66, 0x66, 0x6C, 0xF8, 0x00,
  57            0xFE, 0x62, 0x68, 0x78, 0x68, 0x62, 0xFE, 0x00, 0xFE, 0x62, 0x68, 0x78,
  58            0x68, 0x60, 0xF0, 0x00, 0x3C, 0x66, 0xC0, 0xC0, 0xCE, 0x66, 0x3E, 0x00,
  59            0xCC, 0xCC, 0xCC, 0xFC, 0xCC, 0xCC, 0xCC, 0x00, 0x78, 0x30, 0x30, 0x30,
  60            0x30, 0x30, 0x78, 0x00, 0x1E, 0x0C, 0x0C, 0x0C, 0xCC, 0xCC, 0x78, 0x00,
  61            0xE6, 0x66, 0x6C, 0x78, 0x6C, 0x66, 0xE6, 0x00, 0xF0, 0x60, 0x60, 0x60,
  62            0x62, 0x66, 0xFE, 0x00, 0xC6, 0xEE, 0xFE, 0xFE, 0xD6, 0xC6, 0xC6, 0x00,
  63            0xC6, 0xE6, 0xF6, 0xDE, 0xCE, 0xC6, 0xC6, 0x00, 0x38, 0x6C, 0xC6, 0xC6,
  64            0xC6, 0x6C, 0x38, 0x00, 0xFC, 0x66, 0x66, 0x7C, 0x60, 0x60, 0xF0, 0x00,
  65            0x78, 0xCC, 0xCC, 0xCC, 0xDC, 0x78, 0x1C, 0x00, 0xFC, 0x66, 0x66, 0x7C,
  66            0x6C, 0x66, 0xE6, 0x00, 0x78, 0xCC, 0xE0, 0x70, 0x1C, 0xCC, 0x78, 0x00,
  67            0xFC, 0xB4, 0x30, 0x30, 0x30, 0x30, 0x78, 0x00, 0xCC, 0xCC, 0xCC, 0xCC,
  68            0xCC, 0xCC, 0xFC, 0x00, 0xCC, 0xCC, 0xCC, 0xCC, 0xCC, 0x78, 0x30, 0x00,
  69            0xC6, 0xC6, 0xC6, 0xD6, 0xFE, 0xEE, 0xC6, 0x00, 0xC6, 0xC6, 0x6C, 0x38,
  70            0x38, 0x6C, 0xC6, 0x00, 0xCC, 0xCC, 0xCC, 0x78, 0x30, 0x30, 0x78, 0x00,
  71            0xFE, 0xC6, 0x8C, 0x18, 0x32, 0x66, 0xFE, 0x00, 0x78, 0x60, 0x60, 0x60,
  72            0x60, 0x60, 0x78, 0x00, 0xC0, 0x60, 0x30, 0x18, 0x0C, 0x06, 0x02, 0x00,
  73            0x78, 0x18, 0x18, 0x18, 0x18, 0x18, 0x78, 0x00, 0x10, 0x38, 0x6C, 0xC6,
  74            0x00, 0x00, 0x00, 0x00, 0x00, 0x00, 0x00, 0x00, 0x00, 0x00, 0x00, 0xFF,
  75            0x30, 0x30, 0x18, 0x00, 0x00, 0x00, 0x00, 0x00, 0x00, 0x00, 0x78, 0x0C,
  76            0x7C, 0xCC, 0x76, 0x00, 0xE0, 0x60, 0x60, 0x7C, 0x66, 0x66, 0xDC, 0x00,
  77            0x00, 0x00, 0x78, 0xCC, 0xC0, 0xCC, 0x78, 0x00, 0x1C, 0x0C, 0x0C, 0x7C,
  78            0xCC, 0xCC, 0x76, 0x00, 0x00, 0x00, 0x78, 0xCC, 0xFC, 0xC0, 0x78, 0x00,
  79            0x38, 0x6C, 0x60, 0xF0, 0x60, 0x60, 0xF0, 0x00, 0x00, 0x00, 0x76, 0xCC,
  80            0xCC, 0x7C, 0x0C, 0xF8, 0xE0, 0x60, 0x6C, 0x76, 0x66, 0x66, 0xE6, 0x00,
  81            0x30, 0x00, 0x70, 0x30, 0x30, 0x30, 0x78, 0x00, 0x0C, 0x00, 0x0C, 0x0C,
  82            0x0C, 0xCC, 0xCC, 0x78, 0xE0, 0x60, 0x66, 0x6C, 0x78, 0x6C, 0xE6, 0x00,
  83            0x70, 0x30, 0x30, 0x30, 0x30, 0x30, 0x78, 0x00, 0x00, 0x00, 0xCC, 0xFE,
  84            0xFE, 0xD6, 0xC6, 0x00, 0x00, 0x00, 0xF8, 0xCC, 0xCC, 0xCC, 0xCC, 0x00,
  85            0x00, 0x00, 0x78, 0xCC, 0xCC, 0xCC, 0x78, 0x00, 0x00, 0x00, 0xDC, 0x66,
  86            0x66, 0x7C, 0x60, 0xF0, 0x00, 0x00, 0x76, 0xCC, 0xCC, 0x7C, 0x0C, 0x1E,
  87            0x00, 0x00, 0xDC, 0x76, 0x66, 0x60, 0xF0, 0x00, 0x00, 0x00, 0x7C, 0xC0,
  88            0x78, 0x0C, 0xF8, 0x00, 0x10, 0x30, 0x7C, 0x30, 0x30, 0x34, 0x18, 0x00,
  89            0x00, 0x00, 0xCC, 0xCC, 0xCC, 0xCC, 0x76, 0x00, 0x00, 0x00, 0xCC, 0xCC,
  90            0xCC, 0x78, 0x30, 0x00, 0x00, 0x00, 0xC6, 0xD6, 0xFE, 0xFE, 0x6C, 0x00,
  91            0x00, 0x00, 0xC6, 0x6C, 0x38, 0x6C, 0xC6, 0x00, 0x00, 0x00, 0xCC, 0xCC,
  92            0xCC, 0x7C, 0x0C, 0xF8, 0x00, 0x00, 0xFC, 0x98, 0x30, 0x64, 0xFC, 0x00,
  93            0x1C, 0x30, 0x30, 0xE0, 0x30, 0x30, 0x1C, 0x00, 0x18, 0x18, 0x18, 0x00,
  94            0x18, 0x18, 0x18, 0x00, 0xE0, 0x30, 0x30, 0x1C, 0x30, 0x30, 0xE0, 0x00,
  95            0x76, 0xDC, 0x00, 0x00, 0x00, 0x00, 0x00, 0x00, 0x00, 0x00, 0x00, 0x00,
  96            0x00, 0x00, 0x00, 0x00
  97          };
  98          
  99          void ra6963_init(void)
 100          {
 101   1        ra6963_status_mask = 0x03;
 102   1        gpio_set_port_mode(RA6963_PORT_SD, GPIO_PORT_MODE_PP);
 103   1        gpio_set_pin_mode(GPIO_MODE_INPUT, RA6963_PORT_SD, GPIO_PIN_7 | GPIO_PIN_6 | GPIO_PIN_5 | GPIO_PIN_4 | GP
             -IO_PIN_3 | GPIO_PIN_2 | GPIO_PIN_1 | GPIO_PIN_0);
 104   1        
 105   1        ra6963_send_data(0x00);
 106   1        ra6963_send_data(0x00);
 107   1        ra6963_send_command(RA6963_COM_SET_GRAPHIC_HOME_ADDR);
 108   1        
 109   1        ra6963_send_data(RA6963_ROW_SIZE);
 110   1        ra6963_send_data(0x00);
 111   1        ra6963_send_command(RA6963_COM_SET_GRAPHIC_AREA);
 112   1        
 113   1        ra6963_send_command(RA6963_COM_SET_DISPLAY_MODE | RA6963_DISPLAY_MODE_GRAPHIC_ON);
 114   1        
 115   1        ra6963_clear_display(0x00);
C51 COMPILER V9.60.0.0   CH559_RA6963                                                      08/08/2026 21:52:17 PAGE 3   

 116   1        ra6963_update_display();
 117   1      }
 118          
 119          void ra6963_send_command(UINT8 command)
 120          {
 121   1        UINT8 status = 0;
 122   1        
 123   1        gpio_set_pin_mode(GPIO_MODE_INPUT, RA6963_PORT_SD, GPIO_PIN_7 | GPIO_PIN_6 | GPIO_PIN_5 | GPIO_PIN_4 | GP
             -IO_PIN_3 | GPIO_PIN_2 | GPIO_PIN_1 | GPIO_PIN_0);
 124   1        gpio_set_pin(RA6963_PORT_CD, RA6963_PIN_CD);
 125   1        gpio_set_pin(RA6963_PORT_WR, RA6963_PIN_WR);
 126   1        gpio_clear_pin(RA6963_PORT_CE, RA6963_PIN_CE);
 127   1        do
 128   1        {
 129   2          gpio_clear_pin(RA6963_PORT_RD, RA6963_PIN_RD);
 130   2          status = gpio_read_port(RA6963_PORT_SD);
 131   2          gpio_set_pin(RA6963_PORT_RD, RA6963_PIN_RD);
 132   2        } while((status & ra6963_status_mask) != ra6963_status_mask);
 133   1        
 134   1        gpio_set_pin_mode(GPIO_MODE_OUTPUT_PP, RA6963_PORT_SD, GPIO_PIN_7 | GPIO_PIN_6 | GPIO_PIN_5 | GPIO_PIN_4 
             -| GPIO_PIN_3 | GPIO_PIN_2 | GPIO_PIN_1 | GPIO_PIN_0);
 135   1        gpio_write_port(RA6963_PORT_SD, command);
 136   1        gpio_clear_pin(RA6963_PORT_WR, RA6963_PIN_WR);
 137   1        gpio_set_pin(RA6963_PORT_WR, RA6963_PIN_WR);
 138   1        gpio_set_pin(RA6963_PORT_CE, RA6963_PIN_CE);
 139   1      }
 140          
 141          void ra6963_send_data(UINT8 val)
 142          {
 143   1        UINT8 status = 0;
 144   1        
 145   1        gpio_set_pin_mode(GPIO_MODE_INPUT, RA6963_PORT_SD, GPIO_PIN_7 | GPIO_PIN_6 | GPIO_PIN_5 | GPIO_PIN_4 | GP
             -IO_PIN_3 | GPIO_PIN_2 | GPIO_PIN_1 | GPIO_PIN_0);
 146   1        gpio_set_pin(RA6963_PORT_CD, RA6963_PIN_CD);
 147   1        gpio_set_pin(RA6963_PORT_WR, RA6963_PIN_WR);
 148   1        gpio_clear_pin(RA6963_PORT_CE, RA6963_PIN_CE);
 149   1        do
 150   1        {
 151   2          gpio_clear_pin(RA6963_PORT_RD, RA6963_PIN_RD);
 152   2          status = gpio_read_port(RA6963_PORT_SD);
 153   2          gpio_set_pin(RA6963_PORT_RD, RA6963_PIN_RD);
 154   2        } while((status & ra6963_status_mask) != ra6963_status_mask);
 155   1        
 156   1        gpio_set_pin_mode(GPIO_MODE_OUTPUT_PP, RA6963_PORT_SD, GPIO_PIN_7 | GPIO_PIN_6 | GPIO_PIN_5 | GPIO_PIN_4 
             -| GPIO_PIN_3 | GPIO_PIN_2 | GPIO_PIN_1 | GPIO_PIN_0);
 157   1        gpio_clear_pin(RA6963_PORT_CD, RA6963_PIN_CD);
 158   1        gpio_write_port(RA6963_PORT_SD, val);
 159   1        gpio_clear_pin(RA6963_PORT_WR, RA6963_PIN_WR);
 160   1        gpio_set_pin(RA6963_PORT_WR, RA6963_PIN_WR);
 161   1        gpio_set_pin(RA6963_PORT_CE, RA6963_PIN_CE);
 162   1      }
 163          
 164          void ra6963_set_pixel(UINT8 row, UINT8 col, UINT8 state)
 165          {
 166   1        UINT8 mask;
 167   1        UINT16 idx;
 168   1        
 169   1        mask = 0x80 >> (col & 0x07);
 170   1        idx = row * RA6963_ROW_SIZE + (col >> 3);
 171   1        if(state)
 172   1          ra6963_frame_buf[idx] |= mask;
 173   1        else
C51 COMPILER V9.60.0.0   CH559_RA6963                                                      08/08/2026 21:52:17 PAGE 4   

 174   1          ra6963_frame_buf[idx] &= ~mask;
 175   1      }
 176          
 177          //HINT: Text must be aligned to 8-pixel text columns, but can start on any row.
 178          void ra6963_draw_text(UINT8 row, UINT8 text_col, char* str)
 179          {
 180   1        UINT8 font_line;
 181   1        UINT16 buf_idx;
 182   1        UINT16 font_idx;
 183   1        
 184   1        buf_idx = row * RA6963_ROW_SIZE + text_col;
 185   1        while((buf_idx < (RA6963_BUF_SIZE - 7 * RA6963_ROW_SIZE)) && *str)
 186   1        {
 187   2          if(*str == '\n')
 188   2          {
 189   3            row += 8;
 190   3            buf_idx = row * RA6963_ROW_SIZE;
 191   3          }
 192   2          else
 193   2          {
 194   3            font_idx = (*str) << 3;
 195   3            for(font_line = 0; font_line < 8; ++font_line)
 196   3            {
 197   4              ra6963_frame_buf[buf_idx] = ra6963_8x8_font[font_idx++];
 198   4              buf_idx += RA6963_ROW_SIZE;
 199   4            }
 200   3            buf_idx -= 8 * RA6963_ROW_SIZE - 1;
 201   3          }
 202   2      
 203   2          ++str;
 204   2        }
 205   1      }
 206          
 207          void ra6963_scroll_up(UINT8 num_rows)
 208          {
 209   1        UINT16 read_idx;
 210   1        UINT16 write_idx;
 211   1        
 212   1        read_idx = num_rows * RA6963_ROW_SIZE;
 213   1        write_idx = 0;
 214   1        while(read_idx < RA6963_BUF_SIZE)
 215   1        {
 216   2          ra6963_frame_buf[write_idx] = ra6963_frame_buf[read_idx];
 217   2          read_idx += 1;
 218   2          write_idx += 1;
 219   2        }
 220   1      }
 221          
 222          void ra6963_clear_display(UINT8 fill)
 223          {
 224   1        UINT16 idx;
 225   1        
 226   1        for(idx = 0; idx < RA6963_BUF_SIZE; ++idx)
 227   1        {
 228   2          ra6963_frame_buf[idx] = fill;
 229   2        }
 230   1      }
 231          
 232          void ra6963_clear_rows(UINT8 start, UINT8 end, UINT8 fill)
 233          {
 234   1        UINT16 buf_idx;
 235   1        
C51 COMPILER V9.60.0.0   CH559_RA6963                                                      08/08/2026 21:52:17 PAGE 5   

 236   1        for(buf_idx = start * RA6963_ROW_SIZE; buf_idx < end * RA6963_ROW_SIZE; ++buf_idx)
 237   1        {
 238   2          ra6963_frame_buf[buf_idx] = fill;
 239   2        }
 240   1      }
 241          
 242          void ra6963_update_rows(UINT8 start, UINT8 end)
 243          {
 244   1        UINT16 idx;
 245   1        UINT16 stop;
 246   1      
 247   1        idx  = (UINT16)start * RA6963_ROW_SIZE;
 248   1        stop = (UINT16)end * RA6963_ROW_SIZE;
 249   1      
 250   1        ra6963_status_mask = 0x03;
 251   1        ra6963_send_data((UINT8)idx);
 252   1        ra6963_send_data((UINT8)(idx >> 8));
 253   1        ra6963_send_command(RA6963_COM_SET_ADDRESS_POINTER);
 254   1      
 255   1        ra6963_send_command(RA6963_COM_DATA_AUTO_WRITE);
 256   1        ra6963_status_mask = 0x08;
 257   1        while(idx < stop)
 258   1        {
 259   2          ra6963_send_data(ra6963_frame_buf[idx++]);
 260   2        }
 261   1        ra6963_send_command(RA6963_COM_AUTO_RESET);
 262   1      }


MODULE INFORMATION:   STATIC OVERLAYABLE
   CODE SIZE        =    838    ----
   CONSTANT SIZE    =   1024    ----
   XDATA SIZE       =   1025      15
   PDATA SIZE       =   ----    ----
   DATA SIZE        =   ----    ----
   IDATA SIZE       =   ----    ----
   BIT SIZE         =   ----    ----
END OF MODULE INFORMATION.


C51 COMPILATION COMPLETE.  0 WARNING(S),  0 ERROR(S)
