C51 COMPILER V9.60.0.0   CH559_RCC                                                         08/08/2026 21:52:14 PAGE 1   


C51 COMPILER V9.60.0.0, COMPILATION OF MODULE CH559_RCC
OBJECT MODULE PLACED IN .\Objects\CH559_RCC.obj
COMPILER INVOKED BY: C:\Keil_v5\C51\BIN\C51.EXE CH559_RCC.c LARGE OPTIMIZE(8,SPEED) BROWSE DEBUG OBJECTEXTEND PRINT(.\Li
                    -stings\CH559_RCC.lst) TABS(2) OBJECT(.\Objects\CH559_RCC.obj)

line level    source

   1          #define NO_XSFR_DEFINE
   2          #include "CH559.H"
   3          #include "CH559_RCC.h"
   4          
   5          UINT8 rcc_wdog_reload_val = 0;
   6          UINT16 rcc_wdog_overflow_count = 0;
   7          void (*rcc_wdog_callback)(void) = NULL;
   8          
   9          //HINT: The watchdog counter counts up every 262144 system clock cycles.
  10          void wdog_isr(void) interrupt INT_NO_WDOG
  11          {
  12   1        rcc_reload_wdog(rcc_wdog_reload_val);
  13   1        ++rcc_wdog_overflow_count;
  14   1        if(rcc_wdog_callback)
  15   1          rcc_wdog_callback();
  16   1      }
  17          
  18          void rcc_set_wdog_rst_en(UINT8 rst_en)
  19          {
  20   1        SAFE_MOD = 0x55;
  21   1        SAFE_MOD = 0xAA;
  22   1        GLOBAL_CFG &= ~bWDOG_EN;
  23   1        GLOBAL_CFG |= rst_en;
  24   1        SAFE_MOD = 0xFF;
  25   1      }
  26          
  27          void rcc_set_clk_src(UINT8 clk_config)
  28          {
  29   1        SAFE_MOD = 0x55;
  30   1        SAFE_MOD = 0xAA;
  31   1        CLOCK_CFG = clk_config | (CLOCK_CFG & ~(bOSC_EN_INT | bOSC_EN_XT));
  32   1        SAFE_MOD = 0xFF;
  33   1      }
  34          
  35          void rcc_set_clk_freq(UINT8 pll_config)
  36          {
  37   1        if(pll_config == 0x86)
  38   1        {
  39   2          //56 MHz system clock, Fpll = 336 MHz, Kusb = 7
  40   2          SAFE_MOD = 0x55;
  41   2          SAFE_MOD = 0xAA;
  42   2          PLL_CFG = 0xFC;
  43   2          CLOCK_CFG = 0x06 | (CLOCK_CFG & ~MASK_SYS_CK_DIV);
  44   2          SAFE_MOD = 0xFF;
  45   2        }
  46   1        else
  47   1        {
  48   2          //Fpll = 288 MHz, Kusb = 6
  49   2          SAFE_MOD = 0x55;
  50   2          SAFE_MOD = 0xAA;
  51   2          PLL_CFG = 0xD8;
  52   2          CLOCK_CFG = pll_config | (CLOCK_CFG & ~MASK_SYS_CK_DIV);
  53   2          SAFE_MOD = 0xFF;
  54   2        }
C51 COMPILER V9.60.0.0   CH559_RCC                                                         08/08/2026 21:52:14 PAGE 2   

  55   1      }
  56          
  57          void rcc_enable_periph_clk(UINT8 periphs)
  58          {
  59   1        SAFE_MOD = 0x55;
  60   1        SAFE_MOD = 0xAA;
  61   1        SLEEP_CTRL &= ~periphs;
  62   1        SAFE_MOD = 0xFF;
  63   1      }
  64          
  65          void rcc_disable_periph_clk(UINT8 periphs)
  66          {
  67   1        SAFE_MOD = 0x55;
  68   1        SAFE_MOD = 0xAA;
  69   1        SLEEP_CTRL |= periphs;
  70   1        SAFE_MOD = 0xFF;
  71   1      }
  72          
  73          void rcc_soft_reset(void)
  74          {
  75   1        SAFE_MOD = 0x55;
  76   1        SAFE_MOD = 0xAA;
  77   1        GLOBAL_CFG |= bSW_RESET;
  78   1        SAFE_MOD = 0xFF;
  79   1      }
  80          
  81          void rcc_delay_us(UINT16 us)
  82          {
  83   1        while(us)
  84   1        {  // total = 12~13 Fsys cycles, 1uS @Fsys=12MHz
  85   2          ++ SAFE_MOD;  // 2 Fsys cycles, for higher Fsys, add operation here
  86   2      #ifdef  FREQ_SYS
  87   2      #if   FREQ_SYS >= 14000000
  88   2          ++ SAFE_MOD;
  89   2      #endif
  90   2      #if   FREQ_SYS >= 16000000
  91   2          ++ SAFE_MOD;
  92   2      #endif
  93   2      #if   FREQ_SYS >= 18000000
  94   2          ++ SAFE_MOD;
  95   2      #endif
  96   2      #if   FREQ_SYS >= 20000000
  97   2          ++ SAFE_MOD;
  98   2      #endif
  99   2      #if   FREQ_SYS >= 22000000
 100   2          ++ SAFE_MOD;
 101   2      #endif
 102   2      #if   FREQ_SYS >= 24000000
 103   2          ++ SAFE_MOD;
 104   2      #endif
 105   2      #if   FREQ_SYS >= 26000000
 106   2          ++ SAFE_MOD;
 107   2      #endif
 108   2      #if   FREQ_SYS >= 28000000
 109   2          ++ SAFE_MOD;
 110   2      #endif
 111   2      #if   FREQ_SYS >= 30000000
 112   2          ++ SAFE_MOD;
 113   2      #endif
 114   2      #if   FREQ_SYS >= 32000000
 115   2          ++ SAFE_MOD;
 116   2      #endif
C51 COMPILER V9.60.0.0   CH559_RCC                                                         08/08/2026 21:52:14 PAGE 3   

 117   2      #if   FREQ_SYS >= 34000000
 118   2          ++ SAFE_MOD;
 119   2      #endif
 120   2      #if   FREQ_SYS >= 36000000
 121   2          ++ SAFE_MOD;
 122   2      #endif
 123   2      #if   FREQ_SYS >= 38000000
 124   2          ++ SAFE_MOD;
 125   2      #endif
 126   2      #if   FREQ_SYS >= 40000000
 127   2          ++ SAFE_MOD;
 128   2      #endif
 129   2      #if   FREQ_SYS >= 42000000
 130   2          ++ SAFE_MOD;
 131   2      #endif
 132   2      #if   FREQ_SYS >= 44000000
 133   2          ++ SAFE_MOD;
 134   2      #endif
 135   2      #if   FREQ_SYS >= 46000000
 136   2          ++ SAFE_MOD;
 137   2      #endif
 138   2      #if   FREQ_SYS >= 48000000
 139   2          ++ SAFE_MOD;
 140   2      #endif
 141   2      #if   FREQ_SYS >= 50000000
                  ++ SAFE_MOD;
              #endif
 144   2      #if   FREQ_SYS >= 52000000
                  ++ SAFE_MOD;
              #endif
 147   2      #if   FREQ_SYS >= 54000000
                  ++ SAFE_MOD;
              #endif
 150   2      #if   FREQ_SYS >= 56000000
                  ++ SAFE_MOD;
              #endif
 153   2      #endif
 154   2          --us;
 155   2        }
 156   1      }
 157          
 158          void rcc_delay_ms(UINT16 ms)
 159          {
 160   1        while (ms) 
 161   1        {
 162   2          rcc_delay_us(1000);
 163   2          --ms;
 164   2        }
 165   1      }


MODULE INFORMATION:   STATIC OVERLAYABLE
   CODE SIZE        =    283    ----
   CONSTANT SIZE    =   ----    ----
   XDATA SIZE       =      6    ----
   PDATA SIZE       =   ----    ----
   DATA SIZE        =   ----    ----
   IDATA SIZE       =   ----    ----
   BIT SIZE         =   ----    ----
END OF MODULE INFORMATION.


C51 COMPILATION COMPLETE.  0 WARNING(S),  0 ERROR(S)
