C51 COMPILER V9.60.0.0   CH559_TIMER                                                       08/08/2026 21:52:15 PAGE 1   


C51 COMPILER V9.60.0.0, COMPILATION OF MODULE CH559_TIMER
OBJECT MODULE PLACED IN .\Objects\CH559_TIMER.obj
COMPILER INVOKED BY: C:\Keil_v5\C51\BIN\C51.EXE CH559_TIMER.c LARGE OPTIMIZE(8,SPEED) BROWSE DEBUG OBJECTEXTEND PRINT(.\
                    -Listings\CH559_TIMER.lst) TABS(2) OBJECT(.\Objects\CH559_TIMER.obj)

line level    source

   1          #define NO_XSFR_DEFINE
   2          #include "CH559.H"
   3          #include "CH559_TIMER.h"
   4          
   5          UINT16 timer0_initial_count;
   6          UINT16 timer1_initial_count;
   7          
   8          //HINT: user can directly read and write the overflow counts
   9          volatile UINT16 timer_overflow_counts[4];
  10          
  11          void (*timer0_callback)(void) = NULL;
  12          void (*timer1_callback)(void) = NULL;
  13          void (*timer2_callback)(void) = NULL;
  14          void (*timer3_callback)(void) = NULL;
  15          
  16          void timer0_isr(void) interrupt INT_NO_TMR0
  17          {
  18   1        TL0 = (UINT8)timer0_initial_count;
  19   1        TH0 = timer0_initial_count >> 8;
  20   1        ++timer_overflow_counts[0];
  21   1        if(timer0_callback)
  22   1          timer0_callback();
  23   1      }
  24          
  25          void timer1_isr(void) interrupt INT_NO_TMR1
  26          {
  27   1        TL1 = (UINT8)timer1_initial_count;
  28   1        TH1 = timer1_initial_count >> 8;
  29   1        ++timer_overflow_counts[1];
  30   1        if(timer1_callback)
  31   1          timer1_callback();
  32   1      }
  33          
  34          void timer2_isr(void) interrupt INT_NO_TMR2
  35          {
  36   1        ++timer_overflow_counts[2];
  37   1        if(timer2_callback)
  38   1          timer2_callback();
  39   1        TF2 = 0;
  40   1      }
  41          
  42          void timer3_isr(void) interrupt INT_NO_TMR3
  43          {
  44   1        ++timer_overflow_counts[3];
  45   1        if(timer3_callback)
  46   1          timer3_callback();
  47   1        T3_STAT |= bT3_IF_END;
  48   1      }
  49          
  50          //HINT: timer_init stops the timer
  51          void timer_init(UINT8 timer, void (*callback)(void))
  52          {
  53   1        switch(timer)
  54   1        {
C51 COMPILER V9.60.0.0   CH559_TIMER                                                       08/08/2026 21:52:15 PAGE 2   

  55   2          case TIMER_0:
  56   2            TR0 = 0;
  57   2            TMOD &= 0xF0;
  58   2            TMOD |= bT0_M0;
  59   2            T2MOD |= bTMR_CLK | bT0_CLK;
  60   2            timer_overflow_counts[0] = 0;
  61   2            timer0_callback = callback;
  62   2            ET0 = 1;  //enable interrupts
  63   2            break;
  64   2          case TIMER_1:
  65   2            TR1 = 0;
  66   2            TMOD &= 0x0F;
  67   2            TMOD |= bT1_M0;
  68   2            T2MOD |= bTMR_CLK | bT1_CLK;
  69   2            timer_overflow_counts[1] = 0;
  70   2            timer1_callback = callback;
  71   2            ET1 = 1;  //enable interrupts
  72   2            break;
  73   2          case TIMER_2:
  74   2            T2CON = 0;
  75   2            T2MOD &= 0xF0;
  76   2            T2MOD |= bTMR_CLK | bT2_CLK;
  77   2            timer_overflow_counts[2] = 0;
  78   2            timer2_callback = callback;
  79   2            ET2 = 1;  //enable interrupts
  80   2            break;
  81   2          case TIMER_3:
  82   2            T3_SETUP = bT3_EN_CK_SE;
  83   2            T3_CK_SE = 0x0001;
  84   2            T3_SETUP &= ~bT3_EN_CK_SE;
  85   2            T3_CTRL = 0x00;
  86   2            timer_overflow_counts[3] = 0;
  87   2            timer3_callback = callback;
  88   2            T3_SETUP |= bT3_IE_END;
  89   2            IE_TMR3 = 1;  //enable interrupts
  90   2            break;
  91   2          default:
  92   2            return;
  93   2        }
  94   1      }
  95          
  96          //HINT: if period is set to 0 the timer will count with a period of 65536
  97          void timer_set_period(UINT8 timer, UINT16 period)
  98          {
  99   1        UINT16 initial_count = ~period + 1;
 100   1        switch(timer)
 101   1        {
 102   2          case TIMER_0:
 103   2            timer0_initial_count = initial_count;
 104   2            TL0 = (UINT8)initial_count;
 105   2            TH0 = initial_count >> 8;
 106   2            timer_overflow_counts[0] = 0;
 107   2            break;
 108   2          case TIMER_1:
 109   2            timer1_initial_count = initial_count;
 110   2            TL1 = (UINT8)initial_count;
 111   2            TH1 = initial_count >> 8;
 112   2            timer_overflow_counts[1] = 0;
 113   2            break;
 114   2          case TIMER_2:
 115   2            RCAP2 = initial_count;
 116   2            T2COUNT = initial_count;
C51 COMPILER V9.60.0.0   CH559_TIMER                                                       08/08/2026 21:52:15 PAGE 3   

 117   2            timer_overflow_counts[2] = 0;
 118   2            break;
 119   2          case TIMER_3:
 120   2            T3_END = period;
 121   2            T3_CTRL |= bT3_CLR_ALL;
 122   2            T3_CTRL &= ~bT3_CLR_ALL;
 123   2            timer_overflow_counts[3] = 0;
 124   2            break;
 125   2          default:
 126   2            return;
 127   2        }
 128   1      }
 129          
 130          void timer_set_interrupt_enable(UINT8 timer, UINT8 ie)
 131          {
 132   1        switch(timer)
 133   1        {
 134   2          case TIMER_0:
 135   2            ET0 = ie ? 1 : 0;
 136   2            break;
 137   2          case TIMER_1:
 138   2            ET1 = ie ? 1 : 0;
 139   2            break;
 140   2          case TIMER_2:
 141   2            ET2 = ie ? 1 : 0;
 142   2            break;
 143   2          case TIMER_3:
 144   2            IE_TMR3 = ie ? 1 : 0;
 145   2            break;
 146   2          default:
 147   2            return;
 148   2        }
 149   1      }
 150          
 151          void timer_start(UINT8 timer)
 152          {
 153   1        switch(timer)
 154   1        {
 155   2          case TIMER_0:
 156   2            TR0 = 1;
 157   2            break;
 158   2          case TIMER_1:
 159   2            TR1 = 1;
 160   2            break;
 161   2          case TIMER_2:
 162   2            TR2 = 1;
 163   2            break;
 164   2          case TIMER_3:
 165   2            T3_CTRL |= bT3_CNT_EN;
 166   2            break;
 167   2          default:
 168   2            return;
 169   2        }
 170   1      }
 171          
 172          void timer_stop(UINT8 timer)
 173          {
 174   1        switch(timer)
 175   1        {
 176   2          case TIMER_0:
 177   2            TR0 = 0;
 178   2            break;
C51 COMPILER V9.60.0.0   CH559_TIMER                                                       08/08/2026 21:52:15 PAGE 4   

 179   2          case TIMER_1:
 180   2            TR1 = 0;
 181   2            break;
 182   2          case TIMER_2:
 183   2            TR2 = 0;
 184   2            break;
 185   2          case TIMER_3:
 186   2            T3_CTRL &= ~bT3_CNT_EN;
 187   2            break;
 188   2          default:
 189   2            return;
 190   2        }
 191   1      }
 192          
 193          UINT16 timer_get_ticks(UINT8 timer)
 194          {
 195   1        UINT16 num_ticks;
 196   1        switch(timer)
 197   1        {
 198   2          case TIMER_0:
 199   2            num_ticks = ((UINT16)TH0) << 8;
 200   2            num_ticks |= TL0;
 201   2            num_ticks -= timer0_initial_count;
 202   2            break;
 203   2          case TIMER_1:
 204   2            num_ticks = ((UINT16)TH1) << 8;
 205   2            num_ticks |= TL1;
 206   2            num_ticks -= timer1_initial_count;
 207   2            break;
 208   2          case TIMER_2:
 209   2            num_ticks = T2COUNT;
 210   2            num_ticks -= RCAP2;
 211   2            break;
 212   2          case TIMER_3:
 213   2            num_ticks = T3_COUNT;
 214   2            break;
 215   2          default:
 216   2            return 0;
 217   2        }
 218   1        return num_ticks;
 219   1      }
 220          
 221          //HINT: stop the timer before using the delay functions
 222          //This function has an overhead of about 2.5us @ 24MHz
 223          void timer_short_delay(UINT8 timer, UINT16 num_ticks)
 224          {
 225   1        UINT16 initial_count = ~num_ticks + 1;
 226   1        switch(timer)
 227   1        {
 228   2          case TIMER_0:
 229   2            TL0 = (UINT8)initial_count;
 230   2            TH0 = initial_count >> 8;
 231   2            TF0 = 0;
 232   2            TR0 = 1;
 233   2            while(!TF0) {}
 234   2            TR0 = 0;
 235   2            return;
 236   2          case TIMER_1:
 237   2            TL1 = (UINT8)initial_count;
 238   2            TH1 = initial_count >> 8;
 239   2            TF1 = 0;
 240   2            TR1 = 1;
C51 COMPILER V9.60.0.0   CH559_TIMER                                                       08/08/2026 21:52:15 PAGE 5   

 241   2            while (!TF1) {}
 242   2            TR1 = 0;
 243   2            return;
 244   2          case TIMER_2:
 245   2            T2COUNT = initial_count;
 246   2            TF2 = 0;
 247   2            TR2 = 1;
 248   2            while(!TF2) {}
 249   2            TR2 = 0;
 250   2            return;
 251   2          case TIMER_3:
 252   2            T3_CTRL = bT3_CLR_ALL;
 253   2            T3_CTRL = 0x00;
 254   2            T3_END = num_ticks;
 255   2            T3_STAT = 0x00;
 256   2            T3_CTRL = bT3_CNT_EN;
 257   2            while(!(T3_STAT & bT3_IF_DMA_END)) {}
 258   2            T3_CTRL = 0x00;
 259   2            return;
 260   2          default:
 261   2            return;
 262   2        }
 263   1      }
 264          
 265          //HINT: use timer_set_period to specify the time between overflows
 266          void timer_long_delay(UINT8 timer, UINT16 num_overflows)
 267          {
 268   1        timer_overflow_counts[timer] = 0;
 269   1        timer_start(timer);
 270   1        while(timer_overflow_counts[timer] < num_overflows) {}
 271   1        timer_stop(timer);
 272   1      }


MODULE INFORMATION:   STATIC OVERLAYABLE
   CODE SIZE        =   1035    ----
   CONSTANT SIZE    =   ----    ----
   XDATA SIZE       =     24       3
   PDATA SIZE       =   ----    ----
   DATA SIZE        =   ----    ----
   IDATA SIZE       =   ----    ----
   BIT SIZE         =   ----    ----
END OF MODULE INFORMATION.


C51 COMPILATION COMPLETE.  0 WARNING(S),  0 ERROR(S)
