C51 COMPILER V9.60.0.0   MAIN                                                              08/08/2026 21:52:16 PAGE 1   


C51 COMPILER V9.60.0.0, COMPILATION OF MODULE MAIN
OBJECT MODULE PLACED IN .\Objects\main.obj
COMPILER INVOKED BY: C:\Keil_v5\C51\BIN\C51.EXE main.c LARGE OPTIMIZE(8,SPEED) BROWSE DEBUG OBJECTEXTEND PRINT(.\Listing
                    -s\main.lst) TABS(2) OBJECT(.\Objects\main.obj)

line level    source

   1          #include "CH559.H"
   2          #include "CH559_RCC.h"
   3          #include "CH559_GPIO.h"
   4          #include "CH559_TIMER.h"
   5          #include "CH559_USB_CDC.h"
   6          #include "CH559_RA6963.h"
   7          
   8          #define USE_EXT_CLK 0
   9          
  10          char code str_unicorn[] = "Unicorn\n";
  11          char code str_dragon[] = "Dragon\n";
  12          char code str_wolf[] = "Wolf\n";
  13          char code str_horse[] = "Horse\n";
  14          char code str_lion[] = "Lion\n";
  15          char code str_bear[] = "Bear\n";
  16          char code str_bad_command[] = "Bad command!\n";
  17          
  18          //Pins:
  19          // LED1 = P14
  20          // LED2 = P15
  21          // DISP_SD = P2
  22          // DISP_CD = P40
  23          // DISP_CE = P41
  24          // DISP_RD = P42
  25          // DISP_WR = P43
  26          // USB_DM = P50
  27          // USB_DP = P51
  28          
  29          
  30          int main()
  31          {
  32   1        UINT8 prev_control_line_state;
  33   1        UINT8 reset_type;
  34   1        UINT8 datagram[2];
  35   1        UINT8 temp;
  36   1        UINT8 count;
  37   1        
  38   1        rcc_set_clk_freq(RCC_CLK_FREQ_48M);
  39   1        reset_type = rcc_get_rst_typ();
  40   1        
  41   1      #if USE_EXT_CLK 
                rcc_set_clk_src(RCC_CLK_OSC_EN);
                rcc_delay_ms(30);
                rcc_set_clk_src(RCC_CLK_SRC_EXT);
              #endif
  46   1      
  47   1        if((reset_type == RCC_RST_TYP_WDOG) || (reset_type == RCC_RST_TYP_SOFT))
  48   1        {
  49   2          rcc_delay_ms(500);
  50   2        }
  51   1        else
  52   1        {
  53   2          rcc_delay_ms(50);
  54   2        }
C51 COMPILER V9.60.0.0   MAIN                                                              08/08/2026 21:52:16 PAGE 2   

  55   1        
  56   1        // Configure LED pins
  57   1        gpio_set_port_mode(GPIO_PORT_MODE_PP, GPIO_PORT_1);
  58   1        gpio_set_port_strength(GPIO_PORT_STRENGTH_20, GPIO_PORT_1);
  59   1        gpio_set_pin_mode(GPIO_MODE_OUTPUT_PP, GPIO_PORT_1, GPIO_PIN_4 | GPIO_PIN_5);
  60   1        
  61   1        // Configure display pins
  62   1        gpio_set_port_strength(GPIO_PORT_STRENGTH_5, GPIO_PORT_2);
  63   1        gpio_set_port_mode(GPIO_PORT_MODE_PP, GPIO_PORT_4);
  64   1        gpio_set_port_strength(GPIO_PORT_STRENGTH_20, GPIO_PORT_4);
  65   1        gpio_set_pin_mode(GPIO_MODE_OUTPUT_PP, GPIO_PORT_4, GPIO_PIN_0 | GPIO_PIN_1 | GPIO_PIN_2 | GPIO_PIN_3);
  66   1        gpio_set_pin(GPIO_PORT_4, GPIO_PIN_0 | GPIO_PIN_1 | GPIO_PIN_2 | GPIO_PIN_3);
  67   1        
  68   1        timer_init(TIMER_0, NULL);
  69   1        timer_set_period(TIMER_0, FREQ_SYS / 1000ul); //period is 1ms
  70   1        EA = 1; //enable interupts
  71   1        E_DIS = 0;
  72   1        
  73   1        // Blink LED once
  74   1        gpio_clear_pin(GPIO_PORT_1, GPIO_PIN_4);
  75   1        timer_long_delay(TIMER_0, 250);
  76   1        gpio_set_pin(GPIO_PORT_1, GPIO_PIN_4);
  77   1        timer_long_delay(TIMER_0, 250);
  78   1        gpio_clear_pin(GPIO_PORT_1, GPIO_PIN_4);
  79   1        
  80   1        cdc_init();
  81   1        cdc_set_serial_state(CDC_SS_TXCARRIER | CDC_SS_RXCARRIER);
  82   1        prev_control_line_state = cdc_control_line_state;
  83   1        while(!cdc_config);
  84   1        
  85   1        ra6963_init();
  86   1      
  87   1        while(TRUE)
  88   1        {
  89   2          if(cdc_bytes_available() >= 2)
  90   2          {
  91   3            temp = cdc_peek();
  92   3            if((temp == '\r') || (temp == '\n'))
  93   3            {
  94   4              (void)cdc_read_byte();
  95   4              continue;
  96   4            }
  97   3            
  98   3            cdc_read_bytes(datagram, 2);
  99   3            for(count = 0; count < 2; ++count)
 100   3            {
 101   4              temp = datagram[count];
 102   4              if(temp >= '0' && temp <= '9')  //convert numbers
 103   4                temp = temp - '0';
 104   4              else if(temp >= 'A' && temp <= 'F')   //convert uppercase letters
 105   4                temp = temp - 'A' + 10;
 106   4              else if(temp >= 'a' && temp <= 'f')   //convert the annoying lowercase letters
 107   4                temp = temp - 'a' + 10;
 108   4              else
 109   4                continue;
 110   4      
 111   4              RESET_KEEP = RESET_KEEP << 4;
 112   4              RESET_KEEP = RESET_KEEP | temp;
 113   4            }
 114   3            
 115   3            gpio_toggle_pin(GPIO_PORT_1, GPIO_PIN_5);
 116   3            switch(RESET_KEEP)
C51 COMPILER V9.60.0.0   MAIN                                                              08/08/2026 21:52:16 PAGE 3   

 117   3            {
 118   4              case 0x00:
 119   4                ra6963_update_display();
 120   4                break;
 121   4              case 0x01:
 122   4                ra6963_clear_display(0x00);
 123   4                break;
 124   4              case 0x02:
 125   4                ra6963_clear_display(0xAA);
 126   4                break;
 127   4              case 0x03:
 128   4                ra6963_clear_display(0x55);
 129   4                break;
 130   4              case 0x04:
 131   4                ra6963_clear_display(0xFF);
 132   4                break;
 133   4              case 0x05:
 134   4                ra6963_set_pixel(20, 20, 0x01);
 135   4                break;
 136   4              case 0x06:
 137   4                ra6963_set_pixel(20, 20, 0x00);
 138   4                break;
 139   4              case 0x07:
 140   4                ra6963_draw_text(0, 0, str_unicorn);
 141   4                break;
 142   4              case 0x08:
 143   4                ra6963_draw_text(8, 0, str_dragon);
 144   4                break;
 145   4              case 0x09:
 146   4                ra6963_draw_text(16, 0, str_wolf);
 147   4                break;
 148   4              case 0x0A:
 149   4                ra6963_draw_text(24, 0, str_horse);
 150   4                break;
 151   4              case 0x0B:
 152   4                ra6963_draw_text(16, 8, str_lion);
 153   4                break;
 154   4              case 0x0C:
 155   4                ra6963_draw_text(24, 12, str_bear);
 156   4                break;
 157   4              case 0x0D:
 158   4                ra6963_clear_rows(0, 8, 0x00);
 159   4                break;
 160   4              case 0x0E:
 161   4                ra6963_clear_rows(8, 16, 0x00);
 162   4                break;
 163   4              case 0x0F:
 164   4                ra6963_clear_rows(16, 24, 0x00);
 165   4                break;
 166   4              case 0x10:
 167   4                ra6963_clear_rows(24, 32, 0x00);
 168   4                break;
 169   4              case 0x11:
 170   4                ra6963_clear_rows(8, 24, 0x00);
 171   4                break;
 172   4              case 0x12:
 173   4                ra6963_clear_rows(0, 32, 0x00);
 174   4                break;
 175   4              case 0x13:
 176   4                ra6963_update_rows(0, 8);
 177   4                break;
 178   4              case 0x14:
C51 COMPILER V9.60.0.0   MAIN                                                              08/08/2026 21:52:16 PAGE 4   

 179   4                ra6963_update_rows(8, 16);
 180   4                break;
 181   4              case 0x15:
 182   4                ra6963_update_rows(16, 24);
 183   4                break;
 184   4              case 0x16:
 185   4                ra6963_update_rows(24, 32);
 186   4                break;
 187   4              case 0x17:
 188   4                ra6963_update_rows(8, 24);
 189   4                break;
 190   4              case 0x18:
 191   4                ra6963_update_rows(0, 32);
 192   4                break;
 193   4              case 0x19:
 194   4                ra6963_scroll_up(8);
 195   4                ra6963_clear_rows(24, 32, 0x00);
 196   4                break;
 197   4              case 0x1A:
 198   4                ra6963_scroll_up(16);
 199   4                ra6963_clear_rows(16, 32, 0x00);
 200   4                break;
 201   4              case 0x1B:
 202   4                ra6963_init();
 203   4                break;
 204   4              case 0x1C:
 205   4                ra6963_clear_display(0x00);
 206   4                ra6963_set_pixel(4,   4, 1);
 207   4                ra6963_set_pixel(4,  12, 1);
 208   4                ra6963_set_pixel(4,  20, 1);
 209   4                ra6963_set_pixel(4,  28, 1);
 210   4                ra6963_set_pixel(4,  36, 1);
 211   4                ra6963_set_pixel(4,  44, 1);
 212   4                ra6963_set_pixel(4,  52, 1);
 213   4                ra6963_set_pixel(4,  60, 1);
 214   4                ra6963_update_display();
 215   4                break;
 216   4              case 0x1D:
 217   4                for(temp = 0; temp < 32; ++temp)
 218   4                {
 219   5                  ra6963_set_pixel(temp, temp, 0x01);
 220   5                }
 221   4                ra6963_update_display();
 222   4                break;
 223   4              case 0x1E:
 224   4                for(temp = 0; temp < 128; ++temp)
 225   4                {
 226   5                  ra6963_set_pixel(temp >> 2, temp, 0x01);
 227   5                }
 228   4                ra6963_update_display();
 229   4                break;
 230   4              case 0x1F:
 231   4                for(temp = 0; temp < 128; ++temp)
 232   4                {
 233   5                  ra6963_set_pixel(temp >> 1, temp, 0x01);
 234   5                }
 235   4                ra6963_update_display();
 236   4                break;
 237   4              default:
 238   4                cdc_write_string(str_bad_command);
 239   4                break;
 240   4            }
C51 COMPILER V9.60.0.0   MAIN                                                              08/08/2026 21:52:16 PAGE 5   

 241   3            gpio_write_pin(GPIO_PORT_1, GPIO_PIN_4, gpio_read_pin(GPIO_PORT_1, GPIO_PIN_5));
 242   3          }
 243   2          
 244   2          if(prev_control_line_state != cdc_control_line_state)
 245   2          {
 246   3            cdc_set_serial_state(cdc_control_line_state & 3);
 247   3            prev_control_line_state = cdc_control_line_state;
 248   3          }
 249   2        }
 250   1      }


MODULE INFORMATION:   STATIC OVERLAYABLE
   CODE SIZE        =    926    ----
   CONSTANT SIZE    =     56    ----
   XDATA SIZE       =   ----       4
   PDATA SIZE       =   ----    ----
   DATA SIZE        =   ----    ----
   IDATA SIZE       =   ----    ----
   BIT SIZE         =   ----    ----
END OF MODULE INFORMATION.


C51 COMPILATION COMPLETE.  0 WARNING(S),  0 ERROR(S)
