Archive member included to satisfy reference by file (symbol)

c:/mounriver/mrs_community/toolchain/risc-v embedded gcc/bin/../lib/gcc/riscv-none-embed/8.2.0/rv32imac/ilp32\libgcc.a(save-restore.o)
                              ./user_libs/ch32v203_usbd_cdc.o (__riscv_save_12)
c:/mounriver/mrs_community/toolchain/risc-v embedded gcc/bin/../lib/gcc/riscv-none-embed/8.2.0/../../../../riscv-none-embed/lib/rv32imac/ilp32\libg_nano.a(lib_a-printf.o)
                              ./User/main.o (printf)
c:/mounriver/mrs_community/toolchain/risc-v embedded gcc/bin/../lib/gcc/riscv-none-embed/8.2.0/../../../../riscv-none-embed/lib/rv32imac/ilp32\libg_nano.a(lib_a-puts.o)
                              ./User/main.o (puts)
c:/mounriver/mrs_community/toolchain/risc-v embedded gcc/bin/../lib/gcc/riscv-none-embed/8.2.0/../../../../riscv-none-embed/lib/rv32imac/ilp32\libg_nano.a(lib_a-wbuf.o)
                              c:/mounriver/mrs_community/toolchain/risc-v embedded gcc/bin/../lib/gcc/riscv-none-embed/8.2.0/../../../../riscv-none-embed/lib/rv32imac/ilp32\libg_nano.a(lib_a-puts.o) (__swbuf_r)
c:/mounriver/mrs_community/toolchain/risc-v embedded gcc/bin/../lib/gcc/riscv-none-embed/8.2.0/../../../../riscv-none-embed/lib/rv32imac/ilp32\libg_nano.a(lib_a-wsetup.o)
                              c:/mounriver/mrs_community/toolchain/risc-v embedded gcc/bin/../lib/gcc/riscv-none-embed/8.2.0/../../../../riscv-none-embed/lib/rv32imac/ilp32\libg_nano.a(lib_a-puts.o) (__swsetup_r)
c:/mounriver/mrs_community/toolchain/risc-v embedded gcc/bin/../lib/gcc/riscv-none-embed/8.2.0/../../../../riscv-none-embed/lib/rv32imac/ilp32\libg_nano.a(lib_a-fflush.o)
                              c:/mounriver/mrs_community/toolchain/risc-v embedded gcc/bin/../lib/gcc/riscv-none-embed/8.2.0/../../../../riscv-none-embed/lib/rv32imac/ilp32\libg_nano.a(lib_a-wbuf.o) (_fflush_r)
c:/mounriver/mrs_community/toolchain/risc-v embedded gcc/bin/../lib/gcc/riscv-none-embed/8.2.0/../../../../riscv-none-embed/lib/rv32imac/ilp32\libg_nano.a(lib_a-findfp.o)
                              c:/mounriver/mrs_community/toolchain/risc-v embedded gcc/bin/../lib/gcc/riscv-none-embed/8.2.0/../../../../riscv-none-embed/lib/rv32imac/ilp32\libg_nano.a(lib_a-printf.o) (__sinit)
c:/mounriver/mrs_community/toolchain/risc-v embedded gcc/bin/../lib/gcc/riscv-none-embed/8.2.0/../../../../riscv-none-embed/lib/rv32imac/ilp32\libg_nano.a(lib_a-fwalk.o)
                              c:/mounriver/mrs_community/toolchain/risc-v embedded gcc/bin/../lib/gcc/riscv-none-embed/8.2.0/../../../../riscv-none-embed/lib/rv32imac/ilp32\libg_nano.a(lib_a-findfp.o) (_fwalk)
c:/mounriver/mrs_community/toolchain/risc-v embedded gcc/bin/../lib/gcc/riscv-none-embed/8.2.0/../../../../riscv-none-embed/lib/rv32imac/ilp32\libg_nano.a(lib_a-impure.o)
                              c:/mounriver/mrs_community/toolchain/risc-v embedded gcc/bin/../lib/gcc/riscv-none-embed/8.2.0/../../../../riscv-none-embed/lib/rv32imac/ilp32\libg_nano.a(lib_a-fflush.o) (_global_impure_ptr)
c:/mounriver/mrs_community/toolchain/risc-v embedded gcc/bin/../lib/gcc/riscv-none-embed/8.2.0/../../../../riscv-none-embed/lib/rv32imac/ilp32\libg_nano.a(lib_a-makebuf.o)
                              c:/mounriver/mrs_community/toolchain/risc-v embedded gcc/bin/../lib/gcc/riscv-none-embed/8.2.0/../../../../riscv-none-embed/lib/rv32imac/ilp32\libg_nano.a(lib_a-wsetup.o) (__smakebuf_r)
c:/mounriver/mrs_community/toolchain/risc-v embedded gcc/bin/../lib/gcc/riscv-none-embed/8.2.0/../../../../riscv-none-embed/lib/rv32imac/ilp32\libg_nano.a(lib_a-memset.o)
                              c:/mounriver/mrs_community/toolchain/risc-v embedded gcc/bin/../lib/gcc/riscv-none-embed/8.2.0/../../../../riscv-none-embed/lib/rv32imac/ilp32\libg_nano.a(lib_a-findfp.o) (memset)
c:/mounriver/mrs_community/toolchain/risc-v embedded gcc/bin/../lib/gcc/riscv-none-embed/8.2.0/../../../../riscv-none-embed/lib/rv32imac/ilp32\libg_nano.a(lib_a-nano-freer.o)
                              c:/mounriver/mrs_community/toolchain/risc-v embedded gcc/bin/../lib/gcc/riscv-none-embed/8.2.0/../../../../riscv-none-embed/lib/rv32imac/ilp32\libg_nano.a(lib_a-wsetup.o) (_free_r)
c:/mounriver/mrs_community/toolchain/risc-v embedded gcc/bin/../lib/gcc/riscv-none-embed/8.2.0/../../../../riscv-none-embed/lib/rv32imac/ilp32\libg_nano.a(lib_a-nano-mallocr.o)
                              c:/mounriver/mrs_community/toolchain/risc-v embedded gcc/bin/../lib/gcc/riscv-none-embed/8.2.0/../../../../riscv-none-embed/lib/rv32imac/ilp32\libg_nano.a(lib_a-findfp.o) (_malloc_r)
c:/mounriver/mrs_community/toolchain/risc-v embedded gcc/bin/../lib/gcc/riscv-none-embed/8.2.0/../../../../riscv-none-embed/lib/rv32imac/ilp32\libg_nano.a(lib_a-nano-vfprintf.o)
                              c:/mounriver/mrs_community/toolchain/risc-v embedded gcc/bin/../lib/gcc/riscv-none-embed/8.2.0/../../../../riscv-none-embed/lib/rv32imac/ilp32\libg_nano.a(lib_a-printf.o) (_vfprintf_r)
[...]
Memory Configuration

Name             Origin             Length             Attributes
FLASH            0x0000000000000000 0x0000000000010000 xr
RAM              0x0000000020000000 0x0000000000005000 xrw
*default*        0x0000000000000000 0xffffffffffffffff

Linker script and memory map

LOAD ./user_libs/ch32v203_core.o
LOAD ./user_libs/ch32v203_gpio.o
LOAD ./user_libs/ch32v203_rcc.o
LOAD ./user_libs/ch32v203_spi.o
LOAD ./user_libs/ch32v203_timer.o
LOAD ./user_libs/ch32v203_uart.o
LOAD ./user_libs/ch32v203_usbd.o
LOAD ./user_libs/ch32v203_usbd_cdc.o
LOAD ./user_libs/fifo.o
LOAD ./user_libs/pseudo_random.o
LOAD ./User/main.o
LOAD ./User/support.o
LOAD ./Startup/startup_ch32v20x_D6.o
LOAD ./Debug/debug.o
LOAD c:/mounriver/mrs_community/toolchain/risc-v embedded gcc/bin/../lib/gcc/riscv-none-embed/8.2.0/rv32imac/ilp32\libgcc.a
LOAD c:/mounriver/mrs_community/toolchain/risc-v embedded gcc/bin/../lib/gcc/riscv-none-embed/8.2.0/../../../../riscv-none-embed/lib/rv32imac/ilp32\libg_nano.a
LOAD c:/mounriver/mrs_community/toolchain/risc-v embedded gcc/bin/../lib/gcc/riscv-none-embed/8.2.0/../../../../riscv-none-embed/lib/rv32imac/ilp32\libc_nano.a
LOAD c:/mounriver/mrs_community/toolchain/risc-v embedded gcc/bin/../lib/gcc/riscv-none-embed/8.2.0/rv32imac/ilp32\libgcc.a
START GROUP
LOAD c:/mounriver/mrs_community/toolchain/risc-v embedded gcc/bin/../lib/gcc/riscv-none-embed/8.2.0/rv32imac/ilp32\libgcc.a
LOAD c:/mounriver/mrs_community/toolchain/risc-v embedded gcc/bin/../lib/gcc/riscv-none-embed/8.2.0/../../../../riscv-none-embed/lib/rv32imac/ilp32\libc_nano.a
LOAD c:/mounriver/mrs_community/toolchain/risc-v embedded gcc/bin/../lib/gcc/riscv-none-embed/8.2.0/../../../../riscv-none-embed/lib/rv32imac/ilp32\libnosys.a
END GROUP
START GROUP
LOAD c:/mounriver/mrs_community/toolchain/risc-v embedded gcc/bin/../lib/gcc/riscv-none-embed/8.2.0/rv32imac/ilp32\libgcc.a
LOAD c:/mounriver/mrs_community/toolchain/risc-v embedded gcc/bin/../lib/gcc/riscv-none-embed/8.2.0/../../../../riscv-none-embed/lib/rv32imac/ilp32\libc_nano.a
LOAD c:/mounriver/mrs_community/toolchain/risc-v embedded gcc/bin/../lib/gcc/riscv-none-embed/8.2.0/../../../../riscv-none-embed/lib/rv32imac/ilp32\libnosys.a
END GROUP
                0x0000000000000800                __stack_size = 0x800
                [!provide]                        PROVIDE (_stack_size = __stack_size)

.init           0x0000000000000000        0x4
                0x0000000000000000                _sinit = .
                0x0000000000000000                . = ALIGN (0x4)
 *(SORT_NONE(.init))
 .init          0x0000000000000000        0x4 ./Startup/startup_ch32v20x_D6.o
                0x0000000000000000                _start
                0x0000000000000004                . = ALIGN (0x4)
                0x0000000000000004                _einit = .

.vector         0x0000000000000004       0xfc
 *(.vector)
 .vector        0x0000000000000004       0xfc ./Startup/startup_ch32v20x_D6.o
                0x0000000000000100                . = ALIGN (0x40)

.text           0x0000000000000100     0x3190
                0x0000000000000100                . = ALIGN (0x4)
 *(.text)
 .text          0x0000000000000100       0x60 c:/mounriver/mrs_community/toolchain/risc-v embedded gcc/bin/../lib/gcc/riscv-none-embed/8.2.0/rv32imac/ilp32\libgcc.a(save-restore.o)
                0x0000000000000100                __riscv_save_12
                0x0000000000000108                __riscv_save_9
                0x0000000000000108                __riscv_save_11
                0x0000000000000108                __riscv_save_10
                0x0000000000000108                __riscv_save_8
                0x0000000000000116                __riscv_save_4
                0x0000000000000116                __riscv_save_6
                0x0000000000000116                __riscv_save_5
                0x0000000000000116                __riscv_save_7
                0x0000000000000130                __riscv_save_3
                0x0000000000000130                __riscv_save_2
                0x0000000000000130                __riscv_save_1
                0x0000000000000130                __riscv_save_0
                0x000000000000013c                __riscv_restore_12
                0x0000000000000140                __riscv_restore_11
                0x0000000000000140                __riscv_restore_9
                0x0000000000000140                __riscv_restore_10
                0x0000000000000140                __riscv_restore_8
                0x000000000000014a                __riscv_restore_5
                0x000000000000014a                __riscv_restore_7
                0x000000000000014a                __riscv_restore_6
                0x000000000000014a                __riscv_restore_4
                0x0000000000000154                __riscv_restore_3
                0x0000000000000154                __riscv_restore_0
                0x0000000000000154                __riscv_restore_2
                0x0000000000000154                __riscv_restore_1
 .text          0x0000000000000160       0xa8 c:/mounriver/mrs_community/toolchain/risc-v embedded gcc/bin/../lib/gcc/riscv-none-embed/8.2.0/../../../../riscv-none-embed/lib/rv32imac/ilp32\libg_nano.a(lib_a-memset.o)
                0x0000000000000160                memset
 *(.text.*)
 .text.NMI_Handler
                0x0000000000000208        0x2 ./user_libs/ch32v203_core.o
                0x0000000000000208                NMI_Handler
 .text.HardFault_Handler
                0x000000000000020a        0x2 ./user_libs/ch32v203_core.o
                0x000000000000020a                HardFault_Handler
 .text.core_delay_init
                0x000000000000020c       0x28 ./user_libs/ch32v203_core.o
                0x000000000000020c                core_delay_init
 .text.core_delay_ms
                0x0000000000000234       0x36 ./user_libs/ch32v203_core.o
                0x0000000000000234                core_delay_ms
 .text.gpio_set_mode
                0x000000000000026a       0x66 ./user_libs/ch32v203_gpio.o
                0x000000000000026a                gpio_set_mode
 .text.rcc_hse_init
                0x00000000000002d0       0x4c ./user_libs/ch32v203_rcc.o
                0x00000000000002d0                rcc_hse_init
 .text.rcc_init_pll
                0x000000000000031c       0x3c ./user_libs/ch32v203_rcc.o
                0x000000000000031c                rcc_init_pll
 .text.rcc_system_init
                0x0000000000000358       0xa4 ./user_libs/ch32v203_rcc.o
                0x0000000000000358                rcc_system_init
 .text.rcc_compute_sysclk_freq
                0x00000000000003fc       0x72 ./user_libs/ch32v203_rcc.o
                0x00000000000003fc                rcc_compute_sysclk_freq
 .text.rcc_compute_hclk_freq
                0x000000000000046e       0x2c ./user_libs/ch32v203_rcc.o
                0x000000000000046e                rcc_compute_hclk_freq
 .text.rcc_compute_pclk1_freq
                0x000000000000049a       0x22 ./user_libs/ch32v203_rcc.o
                0x000000000000049a                rcc_compute_pclk1_freq
 .text.rcc_compute_pclk2_freq
                0x00000000000004bc       0x26 ./user_libs/ch32v203_rcc.o
                0x00000000000004bc                rcc_compute_pclk2_freq
 .text.rcc_compute_adcclk
                0x00000000000004e2       0x18 ./user_libs/ch32v203_rcc.o
                0x00000000000004e2                rcc_compute_adcclk
 .text.USART1_IRQHandler
                0x00000000000004fa       0x86 ./user_libs/ch32v203_uart.o
                0x00000000000004fa                USART1_IRQHandler
 .text.USART2_IRQHandler
                0x0000000000000580       0x60 ./user_libs/ch32v203_uart.o
                0x0000000000000580                USART2_IRQHandler
 .text.USART3_IRQHandler
                0x00000000000005e0       0x60 ./user_libs/ch32v203_uart.o
                0x00000000000005e0                USART3_IRQHandler
 .text.UART4_IRQHandler
                0x0000000000000640       0x60 ./user_libs/ch32v203_uart.o
                0x0000000000000640                UART4_IRQHandler
 .text.uart_init
                0x00000000000006a0       0x6e ./user_libs/ch32v203_uart.o
                0x00000000000006a0                uart_init
 .text.uart_bytes_available
                0x000000000000070e        0x6 ./user_libs/ch32v203_uart.o
                0x000000000000070e                uart_bytes_available
 .text.uart_peek
                0x0000000000000714        0xe ./user_libs/ch32v203_uart.o
                0x0000000000000714                uart_peek
 .text.uart_read_byte
                0x0000000000000722       0x38 ./user_libs/ch32v203_uart.o
                0x0000000000000722                uart_read_byte
 .text.uart_write_byte
                0x000000000000075a       0x4e ./user_libs/ch32v203_uart.o
                0x000000000000075a                uart_write_byte
 .text.uart_write_bytes
                0x00000000000007a8       0xb0 ./user_libs/ch32v203_uart.o
                0x00000000000007a8                uart_write_bytes
 .text.USB_HP_CAN1_TX_IRQHandler
                0x0000000000000858       0x72 ./user_libs/ch32v203_usbd.o
                0x0000000000000858                USB_HP_CAN1_TX_IRQHandler
 .text.USB_LP_CAN1_RX0_IRQHandler
                0x00000000000008ca      0x1c8 ./user_libs/ch32v203_usbd.o
                0x00000000000008ca                USB_LP_CAN1_RX0_IRQHandler
 .text.USBWakeUp_IRQHandler
                0x0000000000000a92       0x38 ./user_libs/ch32v203_usbd.o
                0x0000000000000a92                USBWakeUp_IRQHandler
 .text.usbd_init
                0x0000000000000aca      0x17c ./user_libs/ch32v203_usbd.o
                0x0000000000000aca                usbd_init
 .text.usbd_write_to_pma
                0x0000000000000c46       0x26 ./user_libs/ch32v203_usbd.o
                0x0000000000000c46                usbd_write_to_pma
 .text.usbd_read_from_pma
                0x0000000000000c6c       0x26 ./user_libs/ch32v203_usbd.o
                0x0000000000000c6c                usbd_read_from_pma
 .text.cdc_on_sof
                0x0000000000000c92      0x108 ./user_libs/ch32v203_usbd_cdc.o
                0x0000000000000c92                cdc_on_sof
 .text.cdc_on_rst
                0x0000000000000d9a       0x6e ./user_libs/ch32v203_usbd_cdc.o
                0x0000000000000d9a                cdc_on_rst
 .text.cdc_on_in
                0x0000000000000e08      0x114 ./user_libs/ch32v203_usbd_cdc.o
                0x0000000000000e08                cdc_on_in
 .text.cdc_on_out
                0x0000000000000f1c       0xc2 ./user_libs/ch32v203_usbd_cdc.o
                0x0000000000000f1c                cdc_on_out
 .text.cdc_on_setup
                0x0000000000000fde      0x306 ./user_libs/ch32v203_usbd_cdc.o
                0x0000000000000fde                cdc_on_setup
 .text.cdc_set_serial_state
                0x00000000000012e4       0x4a ./user_libs/ch32v203_usbd_cdc.o
                0x00000000000012e4                cdc_set_serial_state
 .text.cdc_init
                0x000000000000132e       0x62 ./user_libs/ch32v203_usbd_cdc.o
                0x000000000000132e                cdc_init
 .text.cdc_bytes_available
                0x0000000000001390       0x1c ./user_libs/ch32v203_usbd_cdc.o
                0x0000000000001390                cdc_bytes_available
 .text.cdc_read_byte
                0x00000000000013ac      0x14e ./user_libs/ch32v203_usbd_cdc.o
                0x00000000000013ac                cdc_read_byte
 .text.cdc_write_byte
                0x00000000000014fa      0x192 ./user_libs/ch32v203_usbd_cdc.o
                0x00000000000014fa                cdc_write_byte
 .text.fifo_init
                0x000000000000168c       0x10 ./user_libs/fifo.o
                0x000000000000168c                fifo_init
 .text.fifo_push
                0x000000000000169c       0x3c ./user_libs/fifo.o
                0x000000000000169c                fifo_push
 .text.fifo_pop
                0x00000000000016d8       0x2e ./user_libs/fifo.o
                0x00000000000016d8                fifo_pop
 .text.fifo_write
                0x0000000000001706       0xa4 ./user_libs/fifo.o
                0x0000000000001706                fifo_write
 .text.usbd_scrutinize
                0x00000000000017aa      0x198 ./User/main.o
                0x00000000000017aa                usbd_scrutinize
 .text.startup.main
                0x0000000000001942      0x1f4 ./User/main.o
                0x0000000000001942                main
 .text.vector_handler
                0x0000000000001b36        0x2 ./Startup/startup_ch32v20x_D6.o
                0x0000000000001b36                EXTI2_IRQHandler
                0x0000000000001b36                TIM1_CC_IRQHandler
                0x0000000000001b36                SysTick_Handler
                0x0000000000001b36                PVD_IRQHandler
                0x0000000000001b36                EXTI3_IRQHandler
                0x0000000000001b36                USBFS_IRQHandler
                0x0000000000001b36                EXTI0_IRQHandler
                0x0000000000001b36                I2C2_EV_IRQHandler
                0x0000000000001b36                ADC1_2_IRQHandler
                0x0000000000001b36                Break_Point_Handler
                0x0000000000001b36                SPI1_IRQHandler
                0x0000000000001b36                TAMPER_IRQHandler
                0x0000000000001b36                Ecall_M_Mode_Handler
                0x0000000000001b36                DMA1_Channel4_IRQHandler
                0x0000000000001b36                RTC_IRQHandler
                0x0000000000001b36                DMA1_Channel7_IRQHandler
                0x0000000000001b36                CAN1_RX1_IRQHandler
                0x0000000000001b36                TIM4_IRQHandler
                0x0000000000001b36                I2C1_EV_IRQHandler
                0x0000000000001b36                DMA1_Channel6_IRQHandler
                0x0000000000001b36                TIM3_IRQHandler
                0x0000000000001b36                RCC_IRQHandler
                0x0000000000001b36                TIM1_TRG_COM_IRQHandler
                0x0000000000001b36                DMA1_Channel1_IRQHandler
                0x0000000000001b36                EXTI15_10_IRQHandler
                0x0000000000001b36                DMA1_Channel8_IRQHandler
                0x0000000000001b36                EXTI9_5_IRQHandler
                0x0000000000001b36                SPI2_IRQHandler
                0x0000000000001b36                DMA1_Channel5_IRQHandler
                0x0000000000001b36                EXTI4_IRQHandler
                0x0000000000001b36                DMA1_Channel3_IRQHandler
                0x0000000000001b36                TIM1_UP_IRQHandler
                0x0000000000001b36                WWDG_IRQHandler
                0x0000000000001b36                Ecall_U_Mode_Handler
                0x0000000000001b36                TIM2_IRQHandler
                0x0000000000001b36                SW_Handler
                0x0000000000001b36                TIM1_BRK_IRQHandler
                0x0000000000001b36                EXTI1_IRQHandler
                0x0000000000001b36                RTCAlarm_IRQHandler
                0x0000000000001b36                I2C2_ER_IRQHandler
                0x0000000000001b36                DMA1_Channel2_IRQHandler
                0x0000000000001b36                CAN1_SCE_IRQHandler
                0x0000000000001b36                FLASH_IRQHandler
                0x0000000000001b36                USBFSWakeUp_IRQHandler
                0x0000000000001b36                I2C1_ER_IRQHandler
 .text.handle_reset
                0x0000000000001b38       0x86 ./Startup/startup_ch32v20x_D6.o
                0x0000000000001b38                handle_reset
 .text._write   0x0000000000001bbe       0x24 ./Debug/debug.o
                0x0000000000001bbe                _write
 .text._sbrk    0x0000000000001be2       0x26 ./Debug/debug.o
                0x0000000000001be2                _sbrk
 .text.printf   0x0000000000001c08       0x40 c:/mounriver/mrs_community/toolchain/risc-v embedded gcc/bin/../lib/gcc/riscv-none-embed/8.2.0/../../../../riscv-none-embed/lib/rv32imac/ilp32\libg_nano.a(lib_a-printf.o)
                0x0000000000001c08                iprintf
                0x0000000000001c08                printf
 .text._puts_r  0x0000000000001c48       0xda c:/mounriver/mrs_community/toolchain/risc-v embedded gcc/bin/../lib/gcc/riscv-none-embed/8.2.0/../../../../riscv-none-embed/lib/rv32imac/ilp32\libg_nano.a(lib_a-puts.o)
                0x0000000000001c48                _puts_r
 .text.puts     0x0000000000001d22        0xa c:/mounriver/mrs_community/toolchain/risc-v embedded gcc/bin/../lib/gcc/riscv-none-embed/8.2.0/../../../../riscv-none-embed/lib/rv32imac/ilp32\libg_nano.a(lib_a-puts.o)
                0x0000000000001d22                puts
 .text.__swbuf_r
                0x0000000000001d2c       0xc0 c:/mounriver/mrs_community/toolchain/risc-v embedded gcc/bin/../lib/gcc/riscv-none-embed/8.2.0/../../../../riscv-none-embed/lib/rv32imac/ilp32\libg_nano.a(lib_a-wbuf.o)
                0x0000000000001d2c                __swbuf_r
 .text.__swsetup_r
                0x0000000000001dec      0x10c c:/mounriver/mrs_community/toolchain/risc-v embedded gcc/bin/../lib/gcc/riscv-none-embed/8.2.0/../../../../riscv-none-embed/lib/rv32imac/ilp32\libg_nano.a(lib_a-wsetup.o)
                0x0000000000001dec                __swsetup_r
 .text.__sflush_r
                0x0000000000001ef8      0x13c c:/mounriver/mrs_community/toolchain/risc-v embedded gcc/bin/../lib/gcc/riscv-none-embed/8.2.0/../../../../riscv-none-embed/lib/rv32imac/ilp32\libg_nano.a(lib_a-fflush.o)
                0x0000000000001ef8                __sflush_r
 .text._fflush_r
                0x0000000000002034       0x64 c:/mounriver/mrs_community/toolchain/risc-v embedded gcc/bin/../lib/gcc/riscv-none-embed/8.2.0/../../../../riscv-none-embed/lib/rv32imac/ilp32\libg_nano.a(lib_a-fflush.o)
                0x0000000000002034                _fflush_r
 .text.std      0x0000000000002098       0x6a c:/mounriver/mrs_community/toolchain/risc-v embedded gcc/bin/../lib/gcc/riscv-none-embed/8.2.0/../../../../riscv-none-embed/lib/rv32imac/ilp32\libg_nano.a(lib_a-findfp.o)
 .text._cleanup_r
                0x0000000000002102        0xa c:/mounriver/mrs_community/toolchain/risc-v embedded gcc/bin/../lib/gcc/riscv-none-embed/8.2.0/../../../../riscv-none-embed/lib/rv32imac/ilp32\libg_nano.a(lib_a-findfp.o)
                0x0000000000002102                _cleanup_r
 .text.__sfmoreglue
                0x000000000000210c       0x46 c:/mounriver/mrs_community/toolchain/risc-v embedded gcc/bin/../lib/gcc/riscv-none-embed/8.2.0/../../../../riscv-none-embed/lib/rv32imac/ilp32\libg_nano.a(lib_a-findfp.o)
                0x000000000000210c                __sfmoreglue
 .text.__sinit  0x0000000000002152       0x66 c:/mounriver/mrs_community/toolchain/risc-v embedded gcc/bin/../lib/gcc/riscv-none-embed/8.2.0/../../../../riscv-none-embed/lib/rv32imac/ilp32\libg_nano.a(lib_a-findfp.o)
                0x0000000000002152                __sinit
 .text.__sfp    0x00000000000021b8       0x9c c:/mounriver/mrs_community/toolchain/risc-v embedded gcc/bin/../lib/gcc/riscv-none-embed/8.2.0/../../../../riscv-none-embed/lib/rv32imac/ilp32\libg_nano.a(lib_a-findfp.o)
                0x00000000000021b8                __sfp
 .text._fwalk_reent
                0x0000000000002254       0x6c c:/mounriver/mrs_community/toolchain/risc-v embedded gcc/bin/../lib/gcc/riscv-none-embed/8.2.0/../../../../riscv-none-embed/lib/rv32imac/ilp32\libg_nano.a(lib_a-fwalk.o)
                0x0000000000002254                _fwalk_reent
 .text.__swhatbuf_r
                0x00000000000022c0       0x5a c:/mounriver/mrs_community/toolchain/risc-v embedded gcc/bin/../lib/gcc/riscv-none-embed/8.2.0/../../../../riscv-none-embed/lib/rv32imac/ilp32\libg_nano.a(lib_a-makebuf.o)
                0x00000000000022c0                __swhatbuf_r
 .text.__smakebuf_r
                0x000000000000231a       0x9e c:/mounriver/mrs_community/toolchain/risc-v embedded gcc/bin/../lib/gcc/riscv-none-embed/8.2.0/../../../../riscv-none-embed/lib/rv32imac/ilp32\libg_nano.a(lib_a-makebuf.o)
                0x000000000000231a                __smakebuf_r
 .text._free_r  0x00000000000023b8       0xa8 c:/mounriver/mrs_community/toolchain/risc-v embedded gcc/bin/../lib/gcc/riscv-none-embed/8.2.0/../../../../riscv-none-embed/lib/rv32imac/ilp32\libg_nano.a(lib_a-nano-freer.o)
                0x00000000000023b8                _free_r
 .text._malloc_r
                0x0000000000002460       0xd4 c:/mounriver/mrs_community/toolchain/risc-v embedded gcc/bin/../lib/gcc/riscv-none-embed/8.2.0/../../../../riscv-none-embed/lib/rv32imac/ilp32\libg_nano.a(lib_a-nano-mallocr.o)
                0x0000000000002460                _malloc_r
 .text.__sfputc_r
                0x0000000000002534       0x2a c:/mounriver/mrs_community/toolchain/risc-v embedded gcc/bin/../lib/gcc/riscv-none-embed/8.2.0/../../../../riscv-none-embed/lib/rv32imac/ilp32\libg_nano.a(lib_a-nano-vfprintf.o)
 .text.__sfputs_r
                0x000000000000255e       0x42 c:/mounriver/mrs_community/toolchain/risc-v embedded gcc/bin/../lib/gcc/riscv-none-embed/8.2.0/../../../../riscv-none-embed/lib/rv32imac/ilp32\libg_nano.a(lib_a-nano-vfprintf.o)
                0x000000000000255e                __sfputs_r
 .text._vfprintf_r
                0x00000000000025a0      0x29a c:/mounriver/mrs_community/toolchain/risc-v embedded gcc/bin/../lib/gcc/riscv-none-embed/8.2.0/../../../../riscv-none-embed/lib/rv32imac/ilp32\libg_nano.a(lib_a-nano-vfprintf.o)
                0x00000000000025a0                _vfprintf_r
                0x00000000000025a0                _vfiprintf_r
 .text._printf_common
                0x000000000000283a      0x10c c:/mounriver/mrs_community/toolchain/risc-v embedded gcc/bin/../lib/gcc/riscv-none-embed/8.2.0/../../../../riscv-none-embed/lib/rv32imac/ilp32\libg_nano.a(lib_a-nano-vfprintf_i.o)
                0x000000000000283a                _printf_common
 .text._printf_i
                0x0000000000002946      0x2a8 c:/mounriver/mrs_community/toolchain/risc-v embedded gcc/bin/../lib/gcc/riscv-none-embed/8.2.0/../../../../riscv-none-embed/lib/rv32imac/ilp32\libg_nano.a(lib_a-nano-vfprintf_i.o)
                0x0000000000002946                _printf_i
 .text._sbrk_r  0x0000000000002bee       0x2a c:/mounriver/mrs_community/toolchain/risc-v embedded gcc/bin/../lib/gcc/riscv-none-embed/8.2.0/../../../../riscv-none-embed/lib/rv32imac/ilp32\libg_nano.a(lib_a-sbrkr.o)
                0x0000000000002bee                _sbrk_r
 .text.__sread  0x0000000000002c18       0x30 c:/mounriver/mrs_community/toolchain/risc-v embedded gcc/bin/../lib/gcc/riscv-none-embed/8.2.0/../../../../riscv-none-embed/lib/rv32imac/ilp32\libg_nano.a(lib_a-stdio.o)
                0x0000000000002c18                __sread
 .text.__swrite
                0x0000000000002c48       0x4e c:/mounriver/mrs_community/toolchain/risc-v embedded gcc/bin/../lib/gcc/riscv-none-embed/8.2.0/../../../../riscv-none-embed/lib/rv32imac/ilp32\libg_nano.a(lib_a-stdio.o)
                0x0000000000002c48                __swrite
 .text.__sseek  0x0000000000002c96       0x36 c:/mounriver/mrs_community/toolchain/risc-v embedded gcc/bin/../lib/gcc/riscv-none-embed/8.2.0/../../../../riscv-none-embed/lib/rv32imac/ilp32\libg_nano.a(lib_a-stdio.o)
                0x0000000000002c96                __sseek
 .text.__sclose
                0x0000000000002ccc        0x6 c:/mounriver/mrs_community/toolchain/risc-v embedded gcc/bin/../lib/gcc/riscv-none-embed/8.2.0/../../../../riscv-none-embed/lib/rv32imac/ilp32\libg_nano.a(lib_a-stdio.o)
                0x0000000000002ccc                __sclose
 .text._write_r
                0x0000000000002cd2       0x2e c:/mounriver/mrs_community/toolchain/risc-v embedded gcc/bin/../lib/gcc/riscv-none-embed/8.2.0/../../../../riscv-none-embed/lib/rv32imac/ilp32\libg_nano.a(lib_a-writer.o)
                0x0000000000002cd2                _write_r
 .text._close_r
                0x0000000000002d00       0x28 c:/mounriver/mrs_community/toolchain/risc-v embedded gcc/bin/../lib/gcc/riscv-none-embed/8.2.0/../../../../riscv-none-embed/lib/rv32imac/ilp32\libg_nano.a(lib_a-closer.o)
                0x0000000000002d00                _close_r
 .text._fstat_r
                0x0000000000002d28       0x2a c:/mounriver/mrs_community/toolchain/risc-v embedded gcc/bin/../lib/gcc/riscv-none-embed/8.2.0/../../../../riscv-none-embed/lib/rv32imac/ilp32\libg_nano.a(lib_a-fstatr.o)
                0x0000000000002d28                _fstat_r
 .text._isatty_r
                0x0000000000002d52       0x28 c:/mounriver/mrs_community/toolchain/risc-v embedded gcc/bin/../lib/gcc/riscv-none-embed/8.2.0/../../../../riscv-none-embed/lib/rv32imac/ilp32\libg_nano.a(lib_a-isattyr.o)
                0x0000000000002d52                _isatty_r
 .text._lseek_r
                0x0000000000002d7a       0x2c c:/mounriver/mrs_community/toolchain/risc-v embedded gcc/bin/../lib/gcc/riscv-none-embed/8.2.0/../../../../riscv-none-embed/lib/rv32imac/ilp32\libg_nano.a(lib_a-lseekr.o)
                0x0000000000002d7a                _lseek_r
 .text.memchr   0x0000000000002da6       0x1a c:/mounriver/mrs_community/toolchain/risc-v embedded gcc/bin/../lib/gcc/riscv-none-embed/8.2.0/../../../../riscv-none-embed/lib/rv32imac/ilp32\libg_nano.a(lib_a-memchr.o)
                0x0000000000002da6                memchr
 .text.__malloc_lock
                0x0000000000002dc0        0x2 c:/mounriver/mrs_community/toolchain/risc-v embedded gcc/bin/../lib/gcc/riscv-none-embed/8.2.0/../../../../riscv-none-embed/lib/rv32imac/ilp32\libg_nano.a(lib_a-mlock.o)
                0x0000000000002dc0                __malloc_lock
 .text.__malloc_unlock
                0x0000000000002dc2        0x2 c:/mounriver/mrs_community/toolchain/risc-v embedded gcc/bin/../lib/gcc/riscv-none-embed/8.2.0/../../../../riscv-none-embed/lib/rv32imac/ilp32\libg_nano.a(lib_a-mlock.o)
                0x0000000000002dc2                __malloc_unlock
 .text._read_r  0x0000000000002dc4       0x2c c:/mounriver/mrs_community/toolchain/risc-v embedded gcc/bin/../lib/gcc/riscv-none-embed/8.2.0/../../../../riscv-none-embed/lib/rv32imac/ilp32\libg_nano.a(lib_a-readr.o)
                0x0000000000002dc4                _read_r
 .text._close   0x0000000000002df0        0xc c:/mounriver/mrs_community/toolchain/risc-v embedded gcc/bin/../lib/gcc/riscv-none-embed/8.2.0/../../../../riscv-none-embed/lib/rv32imac/ilp32\libnosys.a(close.o)
                0x0000000000002df0                _close
 .text._fstat   0x0000000000002dfc        0xc c:/mounriver/mrs_community/toolchain/risc-v embedded gcc/bin/../lib/gcc/riscv-none-embed/8.2.0/../../../../riscv-none-embed/lib/rv32imac/ilp32\libnosys.a(fstat.o)
                0x0000000000002dfc                _fstat
 .text._isatty  0x0000000000002e08        0xc c:/mounriver/mrs_community/toolchain/risc-v embedded gcc/bin/../lib/gcc/riscv-none-embed/8.2.0/../../../../riscv-none-embed/lib/rv32imac/ilp32\libnosys.a(isatty.o)
                0x0000000000002e08                _isatty
 .text._lseek   0x0000000000002e14        0xc c:/mounriver/mrs_community/toolchain/risc-v embedded gcc/bin/../lib/gcc/riscv-none-embed/8.2.0/../../../../riscv-none-embed/lib/rv32imac/ilp32\libnosys.a(lseek.o)
                0x0000000000002e14                _lseek
 .text._read    0x0000000000002e20        0xc c:/mounriver/mrs_community/toolchain/risc-v embedded gcc/bin/../lib/gcc/riscv-none-embed/8.2.0/../../../../riscv-none-embed/lib/rv32imac/ilp32\libnosys.a(read.o)
                0x0000000000002e20                _read
 *(.rodata)
 *(.rodata*)
 .rodata.cdc_on_setup
                0x0000000000002e2c       0x44 ./user_libs/ch32v203_usbd_cdc.o
 .rodata.cdc_config_descriptor
                0x0000000000002e70       0x43 ./user_libs/ch32v203_usbd_cdc.o
 *fill*         0x0000000000002eb3        0x1 
 .rodata.cdc_device_descriptor
                0x0000000000002eb4       0x12 ./user_libs/ch32v203_usbd_cdc.o
 .rodata.cdc_serial_state
                0x0000000000002ec6        0xa ./user_libs/ch32v203_usbd_cdc.o
 .rodata.cdc_string_product
                0x0000000000002ed0       0x16 ./user_libs/ch32v203_usbd_cdc.o
 .rodata.cdc_string_serial
                0x0000000000002ee6       0x16 ./user_libs/ch32v203_usbd_cdc.o
 .rodata.cdc_string_vendor
                0x0000000000002efc        0xe ./user_libs/ch32v203_usbd_cdc.o
 *fill*         0x0000000000002f0a        0x2 
 .rodata.usbd_config
                0x0000000000002f0c       0x32 ./user_libs/ch32v203_usbd_cdc.o
 *fill*         0x0000000000002f3e        0x2 
 .rodata.main.str1.4
                0x0000000000002f40       0x44 ./User/main.o
 .rodata.usbd_scrutinize.str1.4
                0x0000000000002f84      0x26e ./User/main.o
 *fill*         0x00000000000031f2        0x2 
 .rodata.__sf_fake_stderr
                0x00000000000031f4       0x20 c:/mounriver/mrs_community/toolchain/risc-v embedded gcc/bin/../lib/gcc/riscv-none-embed/8.2.0/../../../../riscv-none-embed/lib/rv32imac/ilp32\libg_nano.a(lib_a-findfp.o)
                0x00000000000031f4                __sf_fake_stderr
 .rodata.__sf_fake_stdin
                0x0000000000003214       0x20 c:/mounriver/mrs_community/toolchain/risc-v embedded gcc/bin/../lib/gcc/riscv-none-embed/8.2.0/../../../../riscv-none-embed/lib/rv32imac/ilp32\libg_nano.a(lib_a-findfp.o)
                0x0000000000003214                __sf_fake_stdin
 .rodata.__sf_fake_stdout
                0x0000000000003234       0x20 c:/mounriver/mrs_community/toolchain/risc-v embedded gcc/bin/../lib/gcc/riscv-none-embed/8.2.0/../../../../riscv-none-embed/lib/rv32imac/ilp32\libg_nano.a(lib_a-findfp.o)
                0x0000000000003234                __sf_fake_stdout
 .rodata._vfprintf_r.str1.4
                0x0000000000003254       0x13 c:/mounriver/mrs_community/toolchain/risc-v embedded gcc/bin/../lib/gcc/riscv-none-embed/8.2.0/../../../../riscv-none-embed/lib/rv32imac/ilp32\libg_nano.a(lib_a-nano-vfprintf.o)
 *fill*         0x0000000000003267        0x1 
 .rodata._printf_i.str1.4
                0x0000000000003268       0x28 c:/mounriver/mrs_community/toolchain/risc-v embedded gcc/bin/../lib/gcc/riscv-none-embed/8.2.0/../../../../riscv-none-embed/lib/rv32imac/ilp32\libg_nano.a(lib_a-nano-vfprintf_i.o)
                                         0x25 (size before relaxing)
 *(.gnu.linkonce.t.*)
                0x0000000000003290                . = ALIGN (0x4)

.rela.dyn       0x0000000000003290        0x0
 .rela.init     0x0000000000003290        0x0 ./user_libs/ch32v203_core.o
 .rela.vector   0x0000000000003290        0x0 ./user_libs/ch32v203_core.o
 .rela.text.handle_reset
                0x0000000000003290        0x0 ./user_libs/ch32v203_core.o
 .rela.text._sbrk
                0x0000000000003290        0x0 ./user_libs/ch32v203_core.o
 .rela.sdata.curbrk.3332
                0x0000000000003290        0x0 ./user_libs/ch32v203_core.o
 .rela.text._vfprintf_r
                0x0000000000003290        0x0 ./user_libs/ch32v203_core.o
 .rela.text._sbrk_r
                0x0000000000003290        0x0 ./user_libs/ch32v203_core.o
 .rela.text._write_r
                0x0000000000003290        0x0 ./user_libs/ch32v203_core.o
 .rela.text._close_r
                0x0000000000003290        0x0 ./user_libs/ch32v203_core.o
 .rela.text._fstat_r
                0x0000000000003290        0x0 ./user_libs/ch32v203_core.o
 .rela.text._isatty_r
                0x0000000000003290        0x0 ./user_libs/ch32v203_core.o
 .rela.text._lseek_r
                0x0000000000003290        0x0 ./user_libs/ch32v203_core.o
 .rela.text._read_r
                0x0000000000003290        0x0 ./user_libs/ch32v203_core.o
 .rela.text._close
                0x0000000000003290        0x0 ./user_libs/ch32v203_core.o
 .rela.text._fstat
                0x0000000000003290        0x0 ./user_libs/ch32v203_core.o
 .rela.text._isatty
                0x0000000000003290        0x0 ./user_libs/ch32v203_core.o
 .rela.text._lseek
                0x0000000000003290        0x0 ./user_libs/ch32v203_core.o
 .rela.text._read
                0x0000000000003290        0x0 ./user_libs/ch32v203_core.o

.fini           0x0000000000003290        0x0
 *(SORT_NONE(.fini))
                0x0000000000003290                . = ALIGN (0x4)
                [!provide]                        PROVIDE (_etext = .)
                [!provide]                        PROVIDE (_eitcm = .)

.preinit_array  0x0000000000003290        0x0
                [!provide]                        PROVIDE (__preinit_array_start = .)
 *(.preinit_array)
                [!provide]                        PROVIDE (__preinit_array_end = .)

.init_array     0x0000000000003290        0x0
                [!provide]                        PROVIDE (__init_array_start = .)
 *(SORT_BY_INIT_PRIORITY(.init_array.*) SORT_BY_INIT_PRIORITY(.ctors.*))
 *(.init_array EXCLUDE_FILE(*crtend?.o *crtend.o *crtbegin?.o *crtbegin.o) .ctors)
                [!provide]                        PROVIDE (__init_array_end = .)

.fini_array     0x0000000000003290        0x0
                [!provide]                        PROVIDE (__fini_array_start = .)
 *(SORT_BY_INIT_PRIORITY(.fini_array.*) SORT_BY_INIT_PRIORITY(.dtors.*))
 *(.fini_array EXCLUDE_FILE(*crtend?.o *crtend.o *crtbegin?.o *crtbegin.o) .dtors)
                [!provide]                        PROVIDE (__fini_array_end = .)

.ctors
 *crtbegin.o(.ctors)
 *crtbegin?.o(.ctors)
 *(EXCLUDE_FILE(*crtend?.o *crtend.o) .ctors)
 *(SORT_BY_NAME(.ctors.*))
 *(.ctors)

.dtors
 *crtbegin.o(.dtors)
 *crtbegin?.o(.dtors)
 *(EXCLUDE_FILE(*crtend?.o *crtend.o) .dtors)
 *(SORT_BY_NAME(.dtors.*))
 *(.dtors)

.dalign         0x0000000020000000        0x0 load address 0x0000000000003290
                0x0000000020000000                . = ALIGN (0x4)
                0x0000000020000000                PROVIDE (_data_vma = .)

.dlalign        0x0000000000003290        0x0
                0x0000000000003290                . = ALIGN (0x4)
                0x0000000000003290                PROVIDE (_data_lma = .)

.data           0x0000000020000000       0x78 load address 0x0000000000003290
 *(.gnu.linkonce.r.*)
 *(.data .data.*)
 .data.impure_data
                0x0000000020000000       0x60 c:/mounriver/mrs_community/toolchain/risc-v embedded gcc/bin/../lib/gcc/riscv-none-embed/8.2.0/../../../../riscv-none-embed/lib/rv32imac/ilp32\libg_nano.a(lib_a-impure.o)
 *(.gnu.linkonce.d.*)
                0x0000000020000060                . = ALIGN (0x8)
                0x0000000020000860                PROVIDE (__global_pointer$ = (. + 0x800))
 *(.sdata .sdata.*)
 .sdata.cdc_line_coding
                0x0000000020000060        0x8 ./user_libs/ch32v203_usbd_cdc.o
                0x0000000020000060                cdc_line_coding
 .sdata.curbrk.3332
                0x0000000020000068        0x4 ./Debug/debug.o
 .sdata._impure_ptr
                0x000000002000006c        0x4 c:/mounriver/mrs_community/toolchain/risc-v embedded gcc/bin/../lib/gcc/riscv-none-embed/8.2.0/../../../../riscv-none-embed/lib/rv32imac/ilp32\libg_nano.a(lib_a-impure.o)
                0x000000002000006c                _impure_ptr
 *(.sdata2.*)
 .sdata2.cdc_string_lang_id
                0x0000000020000070        0x4 ./user_libs/ch32v203_usbd_cdc.o
 .sdata2._global_impure_ptr
                0x0000000020000074        0x4 c:/mounriver/mrs_community/toolchain/risc-v embedded gcc/bin/../lib/gcc/riscv-none-embed/8.2.0/../../../../riscv-none-embed/lib/rv32imac/ilp32\libg_nano.a(lib_a-impure.o)
                0x0000000020000074                _global_impure_ptr
 *(.gnu.linkonce.s.*)
                0x0000000020000078                . = ALIGN (0x8)
 *(.srodata.cst16)
 *(.srodata.cst8)
 *(.srodata.cst4)
 *(.srodata.cst2)
 *(.srodata .srodata.*)
                0x0000000020000078                . = ALIGN (0x4)
                0x0000000020000078                PROVIDE (_edata = .)

.bss            0x0000000020000078      0x884 load address 0x0000000000003308
                0x0000000020000078                . = ALIGN (0x4)
                0x0000000020000078                PROVIDE (_sbss = .)
 *(.sbss*)
 .sbss.p_ms     0x0000000020000078        0x2 ./user_libs/ch32v203_core.o
 .sbss.p_us     0x000000002000007a        0x1 ./user_libs/ch32v203_core.o
 *fill*         0x000000002000007b        0x1 
 .sbss.sof_count
                0x000000002000007c        0x2 ./user_libs/ch32v203_usbd.o
                0x000000002000007c                sof_count
 *fill*         0x000000002000007e        0x2 
 .sbss.usbd_esof_callback
                0x0000000020000080        0x4 ./user_libs/ch32v203_usbd.o
                0x0000000020000080                usbd_esof_callback
 .sbss.usbd_in_callback
                0x0000000020000084        0x4 ./user_libs/ch32v203_usbd.o
                0x0000000020000084                usbd_in_callback
 .sbss.usbd_out_callback
                0x0000000020000088        0x4 ./user_libs/ch32v203_usbd.o
                0x0000000020000088                usbd_out_callback
 .sbss.usbd_reset_callback
                0x000000002000008c        0x4 ./user_libs/ch32v203_usbd.o
                0x000000002000008c                usbd_reset_callback
 .sbss.usbd_setup_callback
                0x0000000020000090        0x4 ./user_libs/ch32v203_usbd.o
                0x0000000020000090                usbd_setup_callback
 .sbss.usbd_sof_callback
                0x0000000020000094        0x4 ./user_libs/ch32v203_usbd.o
                0x0000000020000094                usbd_sof_callback
 .sbss.usbd_suspend_callback
                0x0000000020000098        0x4 ./user_libs/ch32v203_usbd.o
                0x0000000020000098                usbd_suspend_callback
 .sbss.usbd_wakeup_callback
                0x000000002000009c        0x4 ./user_libs/ch32v203_usbd.o
                0x000000002000009c                usbd_wakeup_callback
 .sbss.cdc_address
                0x00000000200000a0        0x1 ./user_libs/ch32v203_usbd_cdc.o
                0x00000000200000a0                cdc_address
 .sbss.cdc_config
                0x00000000200000a1        0x1 ./user_libs/ch32v203_usbd_cdc.o
                0x00000000200000a1                cdc_config
 .sbss.cdc_control_line_state
                0x00000000200000a2        0x1 ./user_libs/ch32v203_usbd_cdc.o
                0x00000000200000a2                cdc_control_line_state
 *fill*         0x00000000200000a3        0x1 
 .sbss.cdc_last_data_time
                0x00000000200000a4        0x2 ./user_libs/ch32v203_usbd_cdc.o
                0x00000000200000a4                cdc_last_data_time
 .sbss.cdc_last_status_time
                0x00000000200000a6        0x2 ./user_libs/ch32v203_usbd_cdc.o
                0x00000000200000a6                cdc_last_status_time
 .sbss.cdc_setup_buf
                0x00000000200000a8        0x8 ./user_libs/ch32v203_usbd_cdc.o
                0x00000000200000a8                cdc_setup_buf
 .sbss.descriptor_ptr
                0x00000000200000b0        0x4 ./user_libs/ch32v203_usbd_cdc.o
                0x00000000200000b0                descriptor_ptr
 .sbss.ep2_read_select
                0x00000000200000b4        0x1 ./user_libs/ch32v203_usbd_cdc.o
                0x00000000200000b4                ep2_read_select
 .sbss.ep2_t0_num_bytes
                0x00000000200000b5        0x1 ./user_libs/ch32v203_usbd_cdc.o
                0x00000000200000b5                ep2_t0_num_bytes
 .sbss.ep2_t0_read_offset
                0x00000000200000b6        0x1 ./user_libs/ch32v203_usbd_cdc.o
                0x00000000200000b6                ep2_t0_read_offset
 .sbss.ep2_t1_num_bytes
                0x00000000200000b7        0x1 ./user_libs/ch32v203_usbd_cdc.o
                0x00000000200000b7                ep2_t1_num_bytes
 .sbss.ep2_t1_read_offset
                0x00000000200000b8        0x1 ./user_libs/ch32v203_usbd_cdc.o
                0x00000000200000b8                ep2_t1_read_offset
 .sbss.ep3_t0_num_bytes
                0x00000000200000b9        0x1 ./user_libs/ch32v203_usbd_cdc.o
                0x00000000200000b9                ep3_t0_num_bytes
 .sbss.ep3_t1_num_bytes
                0x00000000200000ba        0x1 ./user_libs/ch32v203_usbd_cdc.o
                0x00000000200000ba                ep3_t1_num_bytes
 .sbss.ep3_wip  0x00000000200000bb        0x1 ./user_libs/ch32v203_usbd_cdc.o
                0x00000000200000bb                ep3_wip
 .sbss.ep3_write_select
                0x00000000200000bc        0x1 ./user_libs/ch32v203_usbd_cdc.o
                0x00000000200000bc                ep3_write_select
 *fill*         0x00000000200000bd        0x3 
 .sbss.__malloc_free_list
                0x00000000200000c0        0x4 c:/mounriver/mrs_community/toolchain/risc-v embedded gcc/bin/../lib/gcc/riscv-none-embed/8.2.0/../../../../riscv-none-embed/lib/rv32imac/ilp32\libg_nano.a(lib_a-nano-mallocr.o)
                0x00000000200000c0                __malloc_free_list
 .sbss.__malloc_sbrk_start
                0x00000000200000c4        0x4 c:/mounriver/mrs_community/toolchain/risc-v embedded gcc/bin/../lib/gcc/riscv-none-embed/8.2.0/../../../../riscv-none-embed/lib/rv32imac/ilp32\libg_nano.a(lib_a-nano-mallocr.o)
                0x00000000200000c4                __malloc_sbrk_start
 *(.gnu.linkonce.sb.*)
 *(.bss*)
 .bss.uart1_rx_buf
                0x00000000200000c8      0x400 ./user_libs/ch32v203_uart.o
                0x00000000200000c8                uart1_rx_buf
 .bss.uart1_rx_fifo_i
                0x00000000200004c8       0x10 ./user_libs/ch32v203_uart.o
                0x00000000200004c8                uart1_rx_fifo_i
 .bss.uart1_tx_buf
                0x00000000200004d8      0x400 ./user_libs/ch32v203_uart.o
                0x00000000200004d8                uart1_tx_buf
 .bss.uart1_tx_fifo_i
                0x00000000200008d8       0x10 ./user_libs/ch32v203_uart.o
                0x00000000200008d8                uart1_tx_fifo_i
 .bss.ep_config
                0x00000000200008e8       0x10 ./user_libs/ch32v203_usbd.o
                0x00000000200008e8                ep_config
 *(.gnu.linkonce.b.*)
 *(COMMON*)
 COMMON         0x00000000200008f8        0x4 c:/mounriver/mrs_community/toolchain/risc-v embedded gcc/bin/../lib/gcc/riscv-none-embed/8.2.0/../../../../riscv-none-embed/lib/rv32imac/ilp32\libg_nano.a(lib_a-reent.o)
                0x00000000200008f8                errno
                0x00000000200008fc                . = ALIGN (0x4)
                0x00000000200008fc                PROVIDE (_ebss = .)
                0x00000000200008fc                PROVIDE (_end = _ebss)
                [!provide]                        PROVIDE (end = .)

.stack          0x0000000020004800      0x800
                0x0000000020004800                PROVIDE (_heap_end = .)
                0x0000000020004800                . = ALIGN (0x4)
                [!provide]                        PROVIDE (_susrstack = .)
                0x0000000020005000                . = (. + __stack_size)
 *fill*         0x0000000020004800      0x800 
                0x0000000020005000                PROVIDE (_eusrstack = .)
OUTPUT(ch32v203_usbd_cdc.elf elf32-littleriscv)

.debug_info     0x0000000000000000     0x4f0c
 .debug_info    0x0000000000000000      0x4e4 ./user_libs/ch32v203_core.o
 .debug_info    0x00000000000004e4      0x205 ./user_libs/ch32v203_gpio.o
 .debug_info    0x00000000000006e9      0x44f ./user_libs/ch32v203_rcc.o
 .debug_info    0x0000000000000b38      0x874 ./user_libs/ch32v203_uart.o
 .debug_info    0x00000000000013ac      0x960 ./user_libs/ch32v203_usbd.o
 .debug_info    0x0000000000001d0c      0xb59 ./user_libs/ch32v203_usbd_cdc.o
 .debug_info    0x0000000000002865      0x2aa ./user_libs/fifo.o
 .debug_info    0x0000000000002b0f     0x17ec ./User/main.o
 .debug_info    0x00000000000042fb       0x22 ./Startup/startup_ch32v20x_D6.o
 .debug_info    0x000000000000431d      0xbef ./Debug/debug.o

.debug_abbrev   0x0000000000000000     0x10fc
 .debug_abbrev  0x0000000000000000      0x127 ./user_libs/ch32v203_core.o
 .debug_abbrev  0x0000000000000127      0x117 ./user_libs/ch32v203_gpio.o
 .debug_abbrev  0x000000000000023e      0x163 ./user_libs/ch32v203_rcc.o
 .debug_abbrev  0x00000000000003a1      0x21f ./user_libs/ch32v203_uart.o
 .debug_abbrev  0x00000000000005c0      0x282 ./user_libs/ch32v203_usbd.o
 .debug_abbrev  0x0000000000000842      0x2b8 ./user_libs/ch32v203_usbd_cdc.o
 .debug_abbrev  0x0000000000000afa      0x102 ./user_libs/fifo.o
 .debug_abbrev  0x0000000000000bfc      0x2a1 ./User/main.o
 .debug_abbrev  0x0000000000000e9d       0x12 ./Startup/startup_ch32v20x_D6.o
 .debug_abbrev  0x0000000000000eaf      0x24d ./Debug/debug.o

.debug_loc      0x0000000000000000     0x1760
 .debug_loc     0x0000000000000000       0x57 ./user_libs/ch32v203_core.o
 .debug_loc     0x0000000000000057      0x10b ./user_libs/ch32v203_gpio.o
 .debug_loc     0x0000000000000162      0x267 ./user_libs/ch32v203_rcc.o
 .debug_loc     0x00000000000003c9      0x620 ./user_libs/ch32v203_uart.o
 .debug_loc     0x00000000000009e9      0x353 ./user_libs/ch32v203_usbd.o
 .debug_loc     0x0000000000000d3c      0x59d ./user_libs/ch32v203_usbd_cdc.o
 .debug_loc     0x00000000000012d9      0x3dd ./user_libs/fifo.o
 .debug_loc     0x00000000000016b6       0x1e ./User/main.o
 .debug_loc     0x00000000000016d4       0x8c ./Debug/debug.o

.debug_aranges  0x0000000000000000      0x3a8
 .debug_aranges
                0x0000000000000000       0xd8 ./user_libs/ch32v203_core.o
 .debug_aranges
                0x00000000000000d8       0x28 ./user_libs/ch32v203_gpio.o
 .debug_aranges
                0x0000000000000100       0x68 ./user_libs/ch32v203_rcc.o
 .debug_aranges
                0x0000000000000168       0x90 ./user_libs/ch32v203_uart.o
 .debug_aranges
                0x00000000000001f8       0x58 ./user_libs/ch32v203_usbd.o
 .debug_aranges
                0x0000000000000250       0x98 ./user_libs/ch32v203_usbd_cdc.o
 .debug_aranges
                0x00000000000002e8       0x40 ./user_libs/fifo.o
 .debug_aranges
                0x0000000000000328       0x28 ./User/main.o
 .debug_aranges
                0x0000000000000350       0x30 ./Startup/startup_ch32v20x_D6.o
 .debug_aranges
                0x0000000000000380       0x28 ./Debug/debug.o

.debug_ranges   0x0000000000000000      0x390
 .debug_ranges  0x0000000000000000       0xc8 ./user_libs/ch32v203_core.o
 .debug_ranges  0x00000000000000c8       0x30 ./user_libs/ch32v203_gpio.o
 .debug_ranges  0x00000000000000f8       0x58 ./user_libs/ch32v203_rcc.o
 .debug_ranges  0x0000000000000150       0x80 ./user_libs/ch32v203_uart.o
 .debug_ranges  0x00000000000001d0       0x98 ./user_libs/ch32v203_usbd.o
 .debug_ranges  0x0000000000000268       0xa0 ./user_libs/ch32v203_usbd_cdc.o
 .debug_ranges  0x0000000000000308       0x30 ./user_libs/fifo.o
 .debug_ranges  0x0000000000000338       0x18 ./User/main.o
 .debug_ranges  0x0000000000000350       0x28 ./Startup/startup_ch32v20x_D6.o
 .debug_ranges  0x0000000000000378       0x18 ./Debug/debug.o

.debug_line     0x0000000000000000     0x5975
 .debug_line    0x0000000000000000      0x6b2 ./user_libs/ch32v203_core.o
 .debug_line    0x00000000000006b2      0x32a ./user_libs/ch32v203_gpio.o
 .debug_line    0x00000000000009dc      0x7f6 ./user_libs/ch32v203_rcc.o
 .debug_line    0x00000000000011d2      0xc88 ./user_libs/ch32v203_uart.o
 .debug_line    0x0000000000001e5a      0xc2d ./user_libs/ch32v203_usbd.o
 .debug_line    0x0000000000002a87     0x1d09 ./user_libs/ch32v203_usbd_cdc.o
 .debug_line    0x0000000000004790      0x61f ./user_libs/fifo.o
 .debug_line    0x0000000000004daf      0x7e8 ./User/main.o
 .debug_line    0x0000000000005597      0x121 ./Startup/startup_ch32v20x_D6.o
 .debug_line    0x00000000000056b8      0x2bd ./Debug/debug.o

.debug_str      0x0000000000000000     0x1672
 .debug_str     0x0000000000000000      0x329 ./user_libs/ch32v203_core.o
                                        0x392 (size before relaxing)
 .debug_str     0x0000000000000329       0x80 ./user_libs/ch32v203_gpio.o
                                        0x232 (size before relaxing)
 .debug_str     0x00000000000003a9      0x1c8 ./user_libs/ch32v203_rcc.o
                                        0x390 (size before relaxing)
 .debug_str     0x0000000000000571      0x2fe ./user_libs/ch32v203_uart.o
                                        0x4fc (size before relaxing)
 .debug_str     0x000000000000086f      0x5d6 ./user_libs/ch32v203_usbd.o
                                        0x7fb (size before relaxing)
 .debug_str     0x0000000000000e45      0x386 ./user_libs/ch32v203_usbd_cdc.o
                                        0x76f (size before relaxing)
 .debug_str     0x00000000000011cb       0x4c ./user_libs/fifo.o
                                        0x252 (size before relaxing)
 .debug_str     0x0000000000001217      0x3f7 ./User/main.o
                                        0xdf9 (size before relaxing)
 .debug_str     0x000000000000160e       0x2d ./Startup/startup_ch32v20x_D6.o
                                         0x6a (size before relaxing)
 .debug_str     0x000000000000163b       0x37 ./Debug/debug.o
                                        0x707 (size before relaxing)

.comment        0x0000000000000000       0x33
 .comment       0x0000000000000000       0x33 ./user_libs/ch32v203_core.o
                                         0x34 (size before relaxing)
 .comment       0x0000000000000033       0x34 ./user_libs/ch32v203_gpio.o
 .comment       0x0000000000000033       0x34 ./user_libs/ch32v203_rcc.o
 .comment       0x0000000000000033       0x34 ./user_libs/ch32v203_uart.o
 .comment       0x0000000000000033       0x34 ./user_libs/ch32v203_usbd.o
 .comment       0x0000000000000033       0x34 ./user_libs/ch32v203_usbd_cdc.o
 .comment       0x0000000000000033       0x34 ./user_libs/fifo.o
 .comment       0x0000000000000033       0x34 ./User/main.o
 .comment       0x0000000000000033       0x34 ./Debug/debug.o

.debug_frame    0x0000000000000000     0x1190
 .debug_frame   0x0000000000000000      0x19c ./user_libs/ch32v203_core.o
 .debug_frame   0x000000000000019c       0x30 ./user_libs/ch32v203_gpio.o
 .debug_frame   0x00000000000001cc      0x108 ./user_libs/ch32v203_rcc.o
 .debug_frame   0x00000000000002d4      0x1d0 ./user_libs/ch32v203_uart.o
 .debug_frame   0x00000000000004a4       0xc0 ./user_libs/ch32v203_usbd.o
 .debug_frame   0x0000000000000564      0x220 ./user_libs/ch32v203_usbd_cdc.o
 .debug_frame   0x0000000000000784       0x60 ./user_libs/fifo.o
 .debug_frame   0x00000000000007e4       0x5c ./User/main.o
 .debug_frame   0x0000000000000840       0x3c ./Debug/debug.o
 .debug_frame   0x000000000000087c       0x54 c:/mounriver/mrs_community/toolchain/risc-v embedded gcc/bin/../lib/gcc/riscv-none-embed/8.2.0/../../../../riscv-none-embed/lib/rv32imac/ilp32\libg_nano.a(lib_a-printf.o)
 .debug_frame   0x00000000000008d0       0x54 c:/mounriver/mrs_community/toolchain/risc-v embedded gcc/bin/../lib/gcc/riscv-none-embed/8.2.0/../../../../riscv-none-embed/lib/rv32imac/ilp32\libg_nano.a(lib_a-puts.o)
 .debug_frame   0x0000000000000924       0x50 c:/mounriver/mrs_community/toolchain/risc-v embedded gcc/bin/../lib/gcc/riscv-none-embed/8.2.0/../../../../riscv-none-embed/lib/rv32imac/ilp32\libg_nano.a(lib_a-wbuf.o)
 .debug_frame   0x0000000000000974       0x3c c:/mounriver/mrs_community/toolchain/risc-v embedded gcc/bin/../lib/gcc/riscv-none-embed/8.2.0/../../../../riscv-none-embed/lib/rv32imac/ilp32\libg_nano.a(lib_a-wsetup.o)
 .debug_frame   0x00000000000009b0       0x7c c:/mounriver/mrs_community/toolchain/risc-v embedded gcc/bin/../lib/gcc/riscv-none-embed/8.2.0/../../../../riscv-none-embed/lib/rv32imac/ilp32\libg_nano.a(lib_a-fflush.o)
 .debug_frame   0x0000000000000a2c      0x148 c:/mounriver/mrs_community/toolchain/risc-v embedded gcc/bin/../lib/gcc/riscv-none-embed/8.2.0/../../../../riscv-none-embed/lib/rv32imac/ilp32\libg_nano.a(lib_a-findfp.o)
 .debug_frame   0x0000000000000b74       0x88 c:/mounriver/mrs_community/toolchain/risc-v embedded gcc/bin/../lib/gcc/riscv-none-embed/8.2.0/../../../../riscv-none-embed/lib/rv32imac/ilp32\libg_nano.a(lib_a-fwalk.o)
 .debug_frame   0x0000000000000bfc       0x64 c:/mounriver/mrs_community/toolchain/risc-v embedded gcc/bin/../lib/gcc/riscv-none-embed/8.2.0/../../../../riscv-none-embed/lib/rv32imac/ilp32\libg_nano.a(lib_a-makebuf.o)
 .debug_frame   0x0000000000000c60       0x40 c:/mounriver/mrs_community/toolchain/risc-v embedded gcc/bin/../lib/gcc/riscv-none-embed/8.2.0/../../../../riscv-none-embed/lib/rv32imac/ilp32\libg_nano.a(lib_a-nano-freer.o)
 .debug_frame   0x0000000000000ca0       0x40 c:/mounriver/mrs_community/toolchain/risc-v embedded gcc/bin/../lib/gcc/riscv-none-embed/8.2.0/../../../../riscv-none-embed/lib/rv32imac/ilp32\libg_nano.a(lib_a-nano-mallocr.o)
 .debug_frame   0x0000000000000ce0       0xd0 c:/mounriver/mrs_community/toolchain/risc-v embedded gcc/bin/../lib/gcc/riscv-none-embed/8.2.0/../../../../riscv-none-embed/lib/rv32imac/ilp32\libg_nano.a(lib_a-nano-vfprintf.o)
 .debug_frame   0x0000000000000db0       0x8c c:/mounriver/mrs_community/toolchain/risc-v embedded gcc/bin/../lib/gcc/riscv-none-embed/8.2.0/../../../../riscv-none-embed/lib/rv32imac/ilp32\libg_nano.a(lib_a-nano-vfprintf_i.o)
 .debug_frame   0x0000000000000e3c       0x30 c:/mounriver/mrs_community/toolchain/risc-v embedded gcc/bin/../lib/gcc/riscv-none-embed/8.2.0/../../../../riscv-none-embed/lib/rv32imac/ilp32\libg_nano.a(lib_a-sbrkr.o)
 .debug_frame   0x0000000000000e6c       0xa4 c:/mounriver/mrs_community/toolchain/risc-v embedded gcc/bin/../lib/gcc/riscv-none-embed/8.2.0/../../../../riscv-none-embed/lib/rv32imac/ilp32\libg_nano.a(lib_a-stdio.o)
 .debug_frame   0x0000000000000f10       0x30 c:/mounriver/mrs_community/toolchain/risc-v embedded gcc/bin/../lib/gcc/riscv-none-embed/8.2.0/../../../../riscv-none-embed/lib/rv32imac/ilp32\libg_nano.a(lib_a-writer.o)
 .debug_frame   0x0000000000000f40       0x30 c:/mounriver/mrs_community/toolchain/risc-v embedded gcc/bin/../lib/gcc/riscv-none-embed/8.2.0/../../../../riscv-none-embed/lib/rv32imac/ilp32\libg_nano.a(lib_a-closer.o)
 .debug_frame   0x0000000000000f70       0x30 c:/mounriver/mrs_community/toolchain/risc-v embedded gcc/bin/../lib/gcc/riscv-none-embed/8.2.0/../../../../riscv-none-embed/lib/rv32imac/ilp32\libg_nano.a(lib_a-fstatr.o)
 .debug_frame   0x0000000000000fa0       0x30 c:/mounriver/mrs_community/toolchain/risc-v embedded gcc/bin/../lib/gcc/riscv-none-embed/8.2.0/../../../../riscv-none-embed/lib/rv32imac/ilp32\libg_nano.a(lib_a-isattyr.o)
 .debug_frame   0x0000000000000fd0       0x30 c:/mounriver/mrs_community/toolchain/risc-v embedded gcc/bin/../lib/gcc/riscv-none-embed/8.2.0/../../../../riscv-none-embed/lib/rv32imac/ilp32\libg_nano.a(lib_a-lseekr.o)
 .debug_frame   0x0000000000001000       0x20 c:/mounriver/mrs_community/toolchain/risc-v embedded gcc/bin/../lib/gcc/riscv-none-embed/8.2.0/../../../../riscv-none-embed/lib/rv32imac/ilp32\libg_nano.a(lib_a-memchr.o)
 .debug_frame   0x0000000000001020       0x30 c:/mounriver/mrs_community/toolchain/risc-v embedded gcc/bin/../lib/gcc/riscv-none-embed/8.2.0/../../../../riscv-none-embed/lib/rv32imac/ilp32\libg_nano.a(lib_a-mlock.o)
 .debug_frame   0x0000000000001050       0x30 c:/mounriver/mrs_community/toolchain/risc-v embedded gcc/bin/../lib/gcc/riscv-none-embed/8.2.0/../../../../riscv-none-embed/lib/rv32imac/ilp32\libg_nano.a(lib_a-readr.o)
 .debug_frame   0x0000000000001080       0x70 c:/mounriver/mrs_community/toolchain/risc-v embedded gcc/bin/../lib/gcc/riscv-none-embed/8.2.0/../../../../riscv-none-embed/lib/rv32imac/ilp32\libg_nano.a(lib_a-reent.o)
 .debug_frame   0x00000000000010f0       0x20 c:/mounriver/mrs_community/toolchain/risc-v embedded gcc/bin/../lib/gcc/riscv-none-embed/8.2.0/../../../../riscv-none-embed/lib/rv32imac/ilp32\libnosys.a(close.o)
 .debug_frame   0x0000000000001110       0x20 c:/mounriver/mrs_community/toolchain/risc-v embedded gcc/bin/../lib/gcc/riscv-none-embed/8.2.0/../../../../riscv-none-embed/lib/rv32imac/ilp32\libnosys.a(fstat.o)
 .debug_frame   0x0000000000001130       0x20 c:/mounriver/mrs_community/toolchain/risc-v embedded gcc/bin/../lib/gcc/riscv-none-embed/8.2.0/../../../../riscv-none-embed/lib/rv32imac/ilp32\libnosys.a(isatty.o)
 .debug_frame   0x0000000000001150       0x20 c:/mounriver/mrs_community/toolchain/risc-v embedded gcc/bin/../lib/gcc/riscv-none-embed/8.2.0/../../../../riscv-none-embed/lib/rv32imac/ilp32\libnosys.a(lseek.o)
 .debug_frame   0x0000000000001170       0x20 c:/mounriver/mrs_community/toolchain/risc-v embedded gcc/bin/../lib/gcc/riscv-none-embed/8.2.0/../../../../riscv-none-embed/lib/rv32imac/ilp32\libnosys.a(read.o)

.stab           0x0000000000000000       0x84
 .stab          0x0000000000000000       0x24 c:/mounriver/mrs_community/toolchain/risc-v embedded gcc/bin/../lib/gcc/riscv-none-embed/8.2.0/../../../../riscv-none-embed/lib/rv32imac/ilp32\libnosys.a(close.o)
 .stab          0x0000000000000024       0x18 c:/mounriver/mrs_community/toolchain/risc-v embedded gcc/bin/../lib/gcc/riscv-none-embed/8.2.0/../../../../riscv-none-embed/lib/rv32imac/ilp32\libnosys.a(fstat.o)
                                         0x24 (size before relaxing)
 .stab          0x000000000000003c       0x18 c:/mounriver/mrs_community/toolchain/risc-v embedded gcc/bin/../lib/gcc/riscv-none-embed/8.2.0/../../../../riscv-none-embed/lib/rv32imac/ilp32\libnosys.a(isatty.o)
                                         0x24 (size before relaxing)
 .stab          0x0000000000000054       0x18 c:/mounriver/mrs_community/toolchain/risc-v embedded gcc/bin/../lib/gcc/riscv-none-embed/8.2.0/../../../../riscv-none-embed/lib/rv32imac/ilp32\libnosys.a(lseek.o)
                                         0x24 (size before relaxing)
 .stab          0x000000000000006c       0x18 c:/mounriver/mrs_community/toolchain/risc-v embedded gcc/bin/../lib/gcc/riscv-none-embed/8.2.0/../../../../riscv-none-embed/lib/rv32imac/ilp32\libnosys.a(read.o)
                                         0x24 (size before relaxing)

.stabstr        0x0000000000000000      0x117
 .stabstr       0x0000000000000000      0x117 c:/mounriver/mrs_community/toolchain/risc-v embedded gcc/bin/../lib/gcc/riscv-none-embed/8.2.0/../../../../riscv-none-embed/lib/rv32imac/ilp32\libnosys.a(close.o)
