Archive member included to satisfy reference by file (symbol)

/home/dragomir/MounRiver_Studio_Community_Linux_x64_V170/MRS_Community/toolchain/RISC-V Embedded GCC/bin/../lib/gcc/riscv-none-embed/8.2.0/rv32imac/ilp32/libgcc.a(save-restore.o)
                              ./user_libs/ch32v203_usbd_cdc.o (__riscv_save_12)
/home/dragomir/MounRiver_Studio_Community_Linux_x64_V170/MRS_Community/toolchain/RISC-V Embedded GCC/bin/../lib/gcc/riscv-none-embed/8.2.0/../../../../riscv-none-embed/lib/rv32imac/ilp32/libg_nano.a(lib_a-printf.o)
                              ./User/main.o (printf)
/home/dragomir/MounRiver_Studio_Community_Linux_x64_V170/MRS_Community/toolchain/RISC-V Embedded GCC/bin/../lib/gcc/riscv-none-embed/8.2.0/../../../../riscv-none-embed/lib/rv32imac/ilp32/libg_nano.a(lib_a-puts.o)
                              ./User/main.o (puts)
/home/dragomir/MounRiver_Studio_Community_Linux_x64_V170/MRS_Community/toolchain/RISC-V Embedded GCC/bin/../lib/gcc/riscv-none-embed/8.2.0/../../../../riscv-none-embed/lib/rv32imac/ilp32/libg_nano.a(lib_a-wbuf.o)
                              /home/dragomir/MounRiver_Studio_Community_Linux_x64_V170/MRS_Community/toolchain/RISC-V Embedded GCC/bin/../lib/gcc/riscv-none-embed/8.2.0/../../../../riscv-none-embed/lib/rv32imac/ilp32/libg_nano.a(lib_a-puts.o) (__swbuf_r)
/home/dragomir/MounRiver_Studio_Community_Linux_x64_V170/MRS_Community/toolchain/RISC-V Embedded GCC/bin/../lib/gcc/riscv-none-embed/8.2.0/../../../../riscv-none-embed/lib/rv32imac/ilp32/libg_nano.a(lib_a-wsetup.o)
                              /home/dragomir/MounRiver_Studio_Community_Linux_x64_V170/MRS_Community/toolchain/RISC-V Embedded GCC/bin/../lib/gcc/riscv-none-embed/8.2.0/../../../../riscv-none-embed/lib/rv32imac/ilp32/libg_nano.a(lib_a-puts.o) (__swsetup_r)
/home/dragomir/MounRiver_Studio_Community_Linux_x64_V170/MRS_Community/toolchain/RISC-V Embedded GCC/bin/../lib/gcc/riscv-none-embed/8.2.0/../../../../riscv-none-embed/lib/rv32imac/ilp32/libg_nano.a(lib_a-fflush.o)
                              /home/dragomir/MounRiver_Studio_Community_Linux_x64_V170/MRS_Community/toolchain/RISC-V Embedded GCC/bin/../lib/gcc/riscv-none-embed/8.2.0/../../../../riscv-none-embed/lib/rv32imac/ilp32/libg_nano.a(lib_a-wbuf.o) (_fflush_r)
/home/dragomir/MounRiver_Studio_Community_Linux_x64_V170/MRS_Community/toolchain/RISC-V Embedded GCC/bin/../lib/gcc/riscv-none-embed/8.2.0/../../../../riscv-none-embed/lib/rv32imac/ilp32/libg_nano.a(lib_a-findfp.o)
                              /home/dragomir/MounRiver_Studio_Community_Linux_x64_V170/MRS_Community/toolchain/RISC-V Embedded GCC/bin/../lib/gcc/riscv-none-embed/8.2.0/../../../../riscv-none-embed/lib/rv32imac/ilp32/libg_nano.a(lib_a-printf.o) (__sinit)
/home/dragomir/MounRiver_Studio_Community_Linux_x64_V170/MRS_Community/toolchain/RISC-V Embedded GCC/bin/../lib/gcc/riscv-none-embed/8.2.0/../../../../riscv-none-embed/lib/rv32imac/ilp32/libg_nano.a(lib_a-fwalk.o)
                              /home/dragomir/MounRiver_Studio_Community_Linux_x64_V170/MRS_Community/toolchain/RISC-V Embedded GCC/bin/../lib/gcc/riscv-none-embed/8.2.0/../../../../riscv-none-embed/lib/rv32imac/ilp32/libg_nano.a(lib_a-findfp.o) (_fwalk)
/home/dragomir/MounRiver_Studio_Community_Linux_x64_V170/MRS_Community/toolchain/RISC-V Embedded GCC/bin/../lib/gcc/riscv-none-embed/8.2.0/../../../../riscv-none-embed/lib/rv32imac/ilp32/libg_nano.a(lib_a-impure.o)
                              /home/dragomir/MounRiver_Studio_Community_Linux_x64_V170/MRS_Community/toolchain/RISC-V Embedded GCC/bin/../lib/gcc/riscv-none-embed/8.2.0/../../../../riscv-none-embed/lib/rv32imac/ilp32/libg_nano.a(lib_a-fflush.o) (_global_impure_ptr)
/home/dragomir/MounRiver_Studio_Community_Linux_x64_V170/MRS_Community/toolchain/RISC-V Embedded GCC/bin/../lib/gcc/riscv-none-embed/8.2.0/../../../../riscv-none-embed/lib/rv32imac/ilp32/libg_nano.a(lib_a-makebuf.o)
                              /home/dragomir/MounRiver_Studio_Community_Linux_x64_V170/MRS_Community/toolchain/RISC-V Embedded GCC/bin/../lib/gcc/riscv-none-embed/8.2.0/../../../../riscv-none-embed/lib/rv32imac/ilp32/libg_nano.a(lib_a-wsetup.o) (__smakebuf_r)
/home/dragomir/MounRiver_Studio_Community_Linux_x64_V170/MRS_Community/toolchain/RISC-V Embedded GCC/bin/../lib/gcc/riscv-none-embed/8.2.0/../../../../riscv-none-embed/lib/rv32imac/ilp32/libg_nano.a(lib_a-memset.o)
                              /home/dragomir/MounRiver_Studio_Community_Linux_x64_V170/MRS_Community/toolchain/RISC-V Embedded GCC/bin/../lib/gcc/riscv-none-embed/8.2.0/../../../../riscv-none-embed/lib/rv32imac/ilp32/libg_nano.a(lib_a-findfp.o) (memset)
/home/dragomir/MounRiver_Studio_Community_Linux_x64_V170/MRS_Community/toolchain/RISC-V Embedded GCC/bin/../lib/gcc/riscv-none-embed/8.2.0/../../../../riscv-none-embed/lib/rv32imac/ilp32/libg_nano.a(lib_a-nano-freer.o)
[...]
Memory Configuration

Name             Origin             Length             Attributes
FLASH            0x0000000000000000 0x0000000000010000 xr
RAM              0x0000000020000000 0x0000000000005000 xrw
*default*        0x0000000000000000 0xffffffffffffffff

Linker script and memory map

LOAD ./user_libs/ch32v203_core.o
LOAD ./user_libs/ch32v203_dma.o
LOAD ./user_libs/ch32v203_gpio.o
LOAD ./user_libs/ch32v203_rcc.o
LOAD ./user_libs/ch32v203_uart_dma.o
LOAD ./user_libs/ch32v203_usbd.o
LOAD ./user_libs/ch32v203_usbd_cdc.o
LOAD ./user_libs/pseudo_random.o
LOAD ./User/main.o
LOAD ./Startup/startup_ch32v20x_D6.o
LOAD ./Debug/debug.o
LOAD /home/dragomir/MounRiver_Studio_Community_Linux_x64_V170/MRS_Community/toolchain/RISC-V Embedded GCC/bin/../lib/gcc/riscv-none-embed/8.2.0/rv32imac/ilp32/libgcc.a
LOAD /home/dragomir/MounRiver_Studio_Community_Linux_x64_V170/MRS_Community/toolchain/RISC-V Embedded GCC/bin/../lib/gcc/riscv-none-embed/8.2.0/../../../../riscv-none-embed/lib/rv32imac/ilp32/libg_nano.a
LOAD /home/dragomir/MounRiver_Studio_Community_Linux_x64_V170/MRS_Community/toolchain/RISC-V Embedded GCC/bin/../lib/gcc/riscv-none-embed/8.2.0/../../../../riscv-none-embed/lib/rv32imac/ilp32/libc_nano.a
LOAD /home/dragomir/MounRiver_Studio_Community_Linux_x64_V170/MRS_Community/toolchain/RISC-V Embedded GCC/bin/../lib/gcc/riscv-none-embed/8.2.0/rv32imac/ilp32/libgcc.a
START GROUP
LOAD /home/dragomir/MounRiver_Studio_Community_Linux_x64_V170/MRS_Community/toolchain/RISC-V Embedded GCC/bin/../lib/gcc/riscv-none-embed/8.2.0/rv32imac/ilp32/libgcc.a
LOAD /home/dragomir/MounRiver_Studio_Community_Linux_x64_V170/MRS_Community/toolchain/RISC-V Embedded GCC/bin/../lib/gcc/riscv-none-embed/8.2.0/../../../../riscv-none-embed/lib/rv32imac/ilp32/libc_nano.a
LOAD /home/dragomir/MounRiver_Studio_Community_Linux_x64_V170/MRS_Community/toolchain/RISC-V Embedded GCC/bin/../lib/gcc/riscv-none-embed/8.2.0/../../../../riscv-none-embed/lib/rv32imac/ilp32/libnosys.a
END GROUP
START GROUP
LOAD /home/dragomir/MounRiver_Studio_Community_Linux_x64_V170/MRS_Community/toolchain/RISC-V Embedded GCC/bin/../lib/gcc/riscv-none-embed/8.2.0/rv32imac/ilp32/libgcc.a
LOAD /home/dragomir/MounRiver_Studio_Community_Linux_x64_V170/MRS_Community/toolchain/RISC-V Embedded GCC/bin/../lib/gcc/riscv-none-embed/8.2.0/../../../../riscv-none-embed/lib/rv32imac/ilp32/libc_nano.a
LOAD /home/dragomir/MounRiver_Studio_Community_Linux_x64_V170/MRS_Community/toolchain/RISC-V Embedded GCC/bin/../lib/gcc/riscv-none-embed/8.2.0/../../../../riscv-none-embed/lib/rv32imac/ilp32/libnosys.a
END GROUP
                0x0000000000000800                __stack_size = 0x800
                [!provide]                        PROVIDE (_stack_size = __stack_size)

.init           0x0000000000000000        0x4
                0x0000000000000000                _sinit = .
                0x0000000000000000                . = ALIGN (0x4)
 *(SORT_NONE(.init))
 .init          0x0000000000000000        0x4 ./Startup/startup_ch32v20x_D6.o
                0x0000000000000000                _start
                0x0000000000000004                . = ALIGN (0x4)
                0x0000000000000004                _einit = .

.vector         0x0000000000000004       0xfc
 *(.vector)
 .vector        0x0000000000000004       0xfc ./Startup/startup_ch32v20x_D6.o
                0x0000000000000100                . = ALIGN (0x40)

.text           0x0000000000000100     0x3790
                0x0000000000000100                . = ALIGN (0x4)
 *(.text)
 .text          0x0000000000000100       0x60 /home/dragomir/MounRiver_Studio_Community_Linux_x64_V170/MRS_Community/toolchain/RISC-V Embedded GCC/bin/../lib/gcc/riscv-none-embed/8.2.0/rv32imac/ilp32/libgcc.a(save-restore.o)
                0x0000000000000100                __riscv_save_12
                0x0000000000000108                __riscv_save_8
                0x0000000000000108                __riscv_save_11
                0x0000000000000108                __riscv_save_9
                0x0000000000000108                __riscv_save_10
                0x0000000000000116                __riscv_save_7
                0x0000000000000116                __riscv_save_4
                0x0000000000000116                __riscv_save_6
                0x0000000000000116                __riscv_save_5
                0x0000000000000130                __riscv_save_1
                0x0000000000000130                __riscv_save_3
                0x0000000000000130                __riscv_save_2
                0x0000000000000130                __riscv_save_0
                0x000000000000013c                __riscv_restore_12
                0x0000000000000140                __riscv_restore_10
                0x0000000000000140                __riscv_restore_11
                0x0000000000000140                __riscv_restore_8
                0x0000000000000140                __riscv_restore_9
                0x000000000000014a                __riscv_restore_5
                0x000000000000014a                __riscv_restore_6
                0x000000000000014a                __riscv_restore_4
                0x000000000000014a                __riscv_restore_7
                0x0000000000000154                __riscv_restore_3
                0x0000000000000154                __riscv_restore_2
                0x0000000000000154                __riscv_restore_0
                0x0000000000000154                __riscv_restore_1
 .text          0x0000000000000160       0xa8 /home/dragomir/MounRiver_Studio_Community_Linux_x64_V170/MRS_Community/toolchain/RISC-V Embedded GCC/bin/../lib/gcc/riscv-none-embed/8.2.0/../../../../riscv-none-embed/lib/rv32imac/ilp32/libg_nano.a(lib_a-memset.o)
                0x0000000000000160                memset
 *(.text.*)
 .text.NMI_Handler
                0x0000000000000208        0x2 ./user_libs/ch32v203_core.o
                0x0000000000000208                NMI_Handler
 .text.HardFault_Handler
                0x000000000000020a        0x2 ./user_libs/ch32v203_core.o
                0x000000000000020a                HardFault_Handler
 .text.core_delay_init
                0x000000000000020c       0x28 ./user_libs/ch32v203_core.o
                0x000000000000020c                core_delay_init
 .text.core_delay_us
                0x0000000000000234       0x36 ./user_libs/ch32v203_core.o
                0x0000000000000234                core_delay_us
 .text.core_delay_ms
                0x000000000000026a       0x36 ./user_libs/ch32v203_core.o
                0x000000000000026a                core_delay_ms
 .text.DMA1_Channel1_IRQHandler
                0x00000000000002a0       0x14 ./user_libs/ch32v203_dma.o
                0x00000000000002a0                DMA1_Channel1_IRQHandler
 .text.DMA1_Channel2_IRQHandler
                0x00000000000002b4       0x16 ./user_libs/ch32v203_dma.o
                0x00000000000002b4                DMA1_Channel2_IRQHandler
 .text.DMA1_Channel3_IRQHandler
                0x00000000000002ca       0x18 ./user_libs/ch32v203_dma.o
                0x00000000000002ca                DMA1_Channel3_IRQHandler
 .text.DMA1_Channel4_IRQHandler
                0x00000000000002e2       0x14 ./user_libs/ch32v203_dma.o
                0x00000000000002e2                DMA1_Channel4_IRQHandler
 .text.DMA1_Channel5_IRQHandler
                0x00000000000002f6       0x16 ./user_libs/ch32v203_dma.o
                0x00000000000002f6                DMA1_Channel5_IRQHandler
 .text.DMA1_Channel6_IRQHandler
                0x000000000000030c       0x16 ./user_libs/ch32v203_dma.o
                0x000000000000030c                DMA1_Channel6_IRQHandler
 .text.DMA1_Channel7_IRQHandler
                0x0000000000000322       0x16 ./user_libs/ch32v203_dma.o
                0x0000000000000322                DMA1_Channel7_IRQHandler
 .text.DMA1_Channel8_IRQHandler
                0x0000000000000338       0x16 ./user_libs/ch32v203_dma.o
                0x0000000000000338                DMA1_Channel8_IRQHandler
 .text.dma_init
                0x000000000000034e       0x46 ./user_libs/ch32v203_dma.o
                0x000000000000034e                dma_init
 .text.dma_transfer
                0x0000000000000394       0x16 ./user_libs/ch32v203_dma.o
                0x0000000000000394                dma_transfer
 .text.gpio_set_mode
                0x00000000000003aa       0x66 ./user_libs/ch32v203_gpio.o
                0x00000000000003aa                gpio_set_mode
 .text.rcc_hse_init
                0x0000000000000410       0x4c ./user_libs/ch32v203_rcc.o
                0x0000000000000410                rcc_hse_init
 .text.rcc_init_pll
                0x000000000000045c       0x3c ./user_libs/ch32v203_rcc.o
                0x000000000000045c                rcc_init_pll
 .text.rcc_system_init
                0x0000000000000498       0xa4 ./user_libs/ch32v203_rcc.o
                0x0000000000000498                rcc_system_init
 .text.rcc_compute_sysclk_freq
                0x000000000000053c       0x72 ./user_libs/ch32v203_rcc.o
                0x000000000000053c                rcc_compute_sysclk_freq
 .text.rcc_compute_hclk_freq
                0x00000000000005ae       0x2c ./user_libs/ch32v203_rcc.o
                0x00000000000005ae                rcc_compute_hclk_freq
 .text.rcc_compute_pclk1_freq
                0x00000000000005da       0x22 ./user_libs/ch32v203_rcc.o
                0x00000000000005da                rcc_compute_pclk1_freq
 .text.rcc_compute_pclk1_tim_freq
                0x00000000000005fc       0x22 ./user_libs/ch32v203_rcc.o
                0x00000000000005fc                rcc_compute_pclk1_tim_freq
 .text.rcc_compute_pclk2_freq
                0x000000000000061e       0x26 ./user_libs/ch32v203_rcc.o
                0x000000000000061e                rcc_compute_pclk2_freq
 .text.rcc_compute_pclk2_tim_freq
                0x0000000000000644       0x26 ./user_libs/ch32v203_rcc.o
                0x0000000000000644                rcc_compute_pclk2_tim_freq
 .text.rcc_compute_adcclk
                0x000000000000066a       0x18 ./user_libs/ch32v203_rcc.o
                0x000000000000066a                rcc_compute_adcclk
 .text.on_uart_dma_1_tx
                0x0000000000000682       0x6c ./user_libs/ch32v203_uart_dma.o
                0x0000000000000682                on_uart_dma_1_tx
 .text.on_uart_dma_2_tx
                0x00000000000006ee       0x5c ./user_libs/ch32v203_uart_dma.o
                0x00000000000006ee                on_uart_dma_2_tx
 .text.uart_dma_init
                0x000000000000074a      0x14c ./user_libs/ch32v203_uart_dma.o
                0x000000000000074a                uart_dma_init
 .text.uart_dma_read_bytes
                0x0000000000000896       0xac ./user_libs/ch32v203_uart_dma.o
                0x0000000000000896                uart_dma_read_bytes
 .text.uart_dma_write_bytes
                0x0000000000000942       0xfc ./user_libs/ch32v203_uart_dma.o
                0x0000000000000942                uart_dma_write_bytes
 .text.USB_HP_CAN1_TX_IRQHandler
                0x0000000000000a3e       0x72 ./user_libs/ch32v203_usbd.o
                0x0000000000000a3e                USB_HP_CAN1_TX_IRQHandler
 .text.USB_LP_CAN1_RX0_IRQHandler
                0x0000000000000ab0      0x1c8 ./user_libs/ch32v203_usbd.o
                0x0000000000000ab0                USB_LP_CAN1_RX0_IRQHandler
 .text.USBWakeUp_IRQHandler
                0x0000000000000c78       0x38 ./user_libs/ch32v203_usbd.o
                0x0000000000000c78                USBWakeUp_IRQHandler
 .text.usbd_init
                0x0000000000000cb0      0x17c ./user_libs/ch32v203_usbd.o
                0x0000000000000cb0                usbd_init
 .text.usbd_write_to_pma
                0x0000000000000e2c       0x32 ./user_libs/ch32v203_usbd.o
                0x0000000000000e2c                usbd_write_to_pma
 .text.usbd_read_from_pma
                0x0000000000000e5e       0x32 ./user_libs/ch32v203_usbd.o
                0x0000000000000e5e                usbd_read_from_pma
 .text.usbd_write_bytes_to_pma
                0x0000000000000e90       0xa2 ./user_libs/ch32v203_usbd.o
                0x0000000000000e90                usbd_write_bytes_to_pma
 .text.usbd_read_bytes_from_pma
                0x0000000000000f32       0x86 ./user_libs/ch32v203_usbd.o
                0x0000000000000f32                usbd_read_bytes_from_pma
 .text.cdc_on_sof
                0x0000000000000fb8      0x130 ./user_libs/ch32v203_usbd_cdc.o
                0x0000000000000fb8                cdc_on_sof
 .text.cdc_on_rst
                0x00000000000010e8       0x7c ./user_libs/ch32v203_usbd_cdc.o
                0x00000000000010e8                cdc_on_rst
 .text.cdc_on_out
                0x0000000000001164      0x116 ./user_libs/ch32v203_usbd_cdc.o
                0x0000000000001164                cdc_on_out
 .text.cdc_gen_string_serial
                0x000000000000127a       0xbe ./user_libs/ch32v203_usbd_cdc.o
                0x000000000000127a                cdc_gen_string_serial
 .text.cdc_on_in
                0x0000000000001338      0x126 ./user_libs/ch32v203_usbd_cdc.o
                0x0000000000001338                cdc_on_in
 .text.cdc_on_setup
                0x000000000000145e      0x2c0 ./user_libs/ch32v203_usbd_cdc.o
                0x000000000000145e                cdc_on_setup
 .text.cdc_set_serial_state
                0x000000000000171e       0x4a ./user_libs/ch32v203_usbd_cdc.o
                0x000000000000171e                cdc_set_serial_state
 .text.cdc_init
                0x0000000000001768       0x62 ./user_libs/ch32v203_usbd_cdc.o
                0x0000000000001768                cdc_init
 .text.cdc_bytes_available
                0x00000000000017ca       0x1c ./user_libs/ch32v203_usbd_cdc.o
                0x00000000000017ca                cdc_bytes_available
 .text.cdc_read_bytes
                0x00000000000017e6      0x1da ./user_libs/ch32v203_usbd_cdc.o
                0x00000000000017e6                cdc_read_bytes
 .text.cdc_write_bytes
                0x00000000000019c0      0x1c4 ./user_libs/ch32v203_usbd_cdc.o
                0x00000000000019c0                cdc_write_bytes
 .text.pseudo_random_generate
                0x0000000000001b84       0x36 ./user_libs/pseudo_random.o
                0x0000000000001b84                pseudo_random_generate
 .text.usbd_cdc_scrutinize
                0x0000000000001bba      0x25c ./User/main.o
                0x0000000000001bba                usbd_cdc_scrutinize
 .text.startup.main
                0x0000000000001e16      0x1d6 ./User/main.o
                0x0000000000001e16                main
 .text.vector_handler
                0x0000000000001fec        0x2 ./Startup/startup_ch32v20x_D6.o
                0x0000000000001fec                EXTI2_IRQHandler
                0x0000000000001fec                TIM1_CC_IRQHandler
                0x0000000000001fec                SysTick_Handler
                0x0000000000001fec                PVD_IRQHandler
                0x0000000000001fec                EXTI3_IRQHandler
                0x0000000000001fec                USBFS_IRQHandler
                0x0000000000001fec                EXTI0_IRQHandler
                0x0000000000001fec                I2C2_EV_IRQHandler
                0x0000000000001fec                ADC1_2_IRQHandler
                0x0000000000001fec                Break_Point_Handler
                0x0000000000001fec                SPI1_IRQHandler
                0x0000000000001fec                TAMPER_IRQHandler
                0x0000000000001fec                Ecall_M_Mode_Handler
                0x0000000000001fec                USART3_IRQHandler
                0x0000000000001fec                RTC_IRQHandler
                0x0000000000001fec                CAN1_RX1_IRQHandler
                0x0000000000001fec                TIM4_IRQHandler
                0x0000000000001fec                I2C1_EV_IRQHandler
                0x0000000000001fec                UART4_IRQHandler
                0x0000000000001fec                TIM3_IRQHandler
                0x0000000000001fec                RCC_IRQHandler
                0x0000000000001fec                TIM1_TRG_COM_IRQHandler
                0x0000000000001fec                EXTI15_10_IRQHandler
                0x0000000000001fec                EXTI9_5_IRQHandler
                0x0000000000001fec                SPI2_IRQHandler
                0x0000000000001fec                EXTI4_IRQHandler
                0x0000000000001fec                TIM1_UP_IRQHandler
                0x0000000000001fec                WWDG_IRQHandler
                0x0000000000001fec                Ecall_U_Mode_Handler
                0x0000000000001fec                TIM2_IRQHandler
                0x0000000000001fec                SW_Handler
                0x0000000000001fec                TIM1_BRK_IRQHandler
                0x0000000000001fec                EXTI1_IRQHandler
                0x0000000000001fec                RTCAlarm_IRQHandler
                0x0000000000001fec                USART2_IRQHandler
                0x0000000000001fec                I2C2_ER_IRQHandler
                0x0000000000001fec                CAN1_SCE_IRQHandler
                0x0000000000001fec                FLASH_IRQHandler
                0x0000000000001fec                USBFSWakeUp_IRQHandler
                0x0000000000001fec                USART1_IRQHandler
                0x0000000000001fec                I2C1_ER_IRQHandler
 .text.handle_reset
                0x0000000000001fee       0x86 ./Startup/startup_ch32v20x_D6.o
                0x0000000000001fee                handle_reset
 .text._write   0x0000000000002074       0x18 ./Debug/debug.o
                0x0000000000002074                _write
 .text._sbrk    0x000000000000208c       0x26 ./Debug/debug.o
                0x000000000000208c                _sbrk
 .text.printf   0x00000000000020b2       0x40 /home/dragomir/MounRiver_Studio_Community_Linux_x64_V170/MRS_Community/toolchain/RISC-V Embedded GCC/bin/../lib/gcc/riscv-none-embed/8.2.0/../../../../riscv-none-embed/lib/rv32imac/ilp32/libg_nano.a(lib_a-printf.o)
                0x00000000000020b2                printf
                0x00000000000020b2                iprintf
 .text._puts_r  0x00000000000020f2       0xda /home/dragomir/MounRiver_Studio_Community_Linux_x64_V170/MRS_Community/toolchain/RISC-V Embedded GCC/bin/../lib/gcc/riscv-none-embed/8.2.0/../../../../riscv-none-embed/lib/rv32imac/ilp32/libg_nano.a(lib_a-puts.o)
                0x00000000000020f2                _puts_r
 .text.puts     0x00000000000021cc        0xa /home/dragomir/MounRiver_Studio_Community_Linux_x64_V170/MRS_Community/toolchain/RISC-V Embedded GCC/bin/../lib/gcc/riscv-none-embed/8.2.0/../../../../riscv-none-embed/lib/rv32imac/ilp32/libg_nano.a(lib_a-puts.o)
                0x00000000000021cc                puts
 .text.__swbuf_r
                0x00000000000021d6       0xc0 /home/dragomir/MounRiver_Studio_Community_Linux_x64_V170/MRS_Community/toolchain/RISC-V Embedded GCC/bin/../lib/gcc/riscv-none-embed/8.2.0/../../../../riscv-none-embed/lib/rv32imac/ilp32/libg_nano.a(lib_a-wbuf.o)
                0x00000000000021d6                __swbuf_r
 .text.__swsetup_r
                0x0000000000002296      0x10c /home/dragomir/MounRiver_Studio_Community_Linux_x64_V170/MRS_Community/toolchain/RISC-V Embedded GCC/bin/../lib/gcc/riscv-none-embed/8.2.0/../../../../riscv-none-embed/lib/rv32imac/ilp32/libg_nano.a(lib_a-wsetup.o)
                0x0000000000002296                __swsetup_r
 .text.__sflush_r
                0x00000000000023a2      0x13c /home/dragomir/MounRiver_Studio_Community_Linux_x64_V170/MRS_Community/toolchain/RISC-V Embedded GCC/bin/../lib/gcc/riscv-none-embed/8.2.0/../../../../riscv-none-embed/lib/rv32imac/ilp32/libg_nano.a(lib_a-fflush.o)
                0x00000000000023a2                __sflush_r
 .text._fflush_r
                0x00000000000024de       0x64 /home/dragomir/MounRiver_Studio_Community_Linux_x64_V170/MRS_Community/toolchain/RISC-V Embedded GCC/bin/../lib/gcc/riscv-none-embed/8.2.0/../../../../riscv-none-embed/lib/rv32imac/ilp32/libg_nano.a(lib_a-fflush.o)
                0x00000000000024de                _fflush_r
 .text.std      0x0000000000002542       0x6a /home/dragomir/MounRiver_Studio_Community_Linux_x64_V170/MRS_Community/toolchain/RISC-V Embedded GCC/bin/../lib/gcc/riscv-none-embed/8.2.0/../../../../riscv-none-embed/lib/rv32imac/ilp32/libg_nano.a(lib_a-findfp.o)
 .text._cleanup_r
                0x00000000000025ac        0xa /home/dragomir/MounRiver_Studio_Community_Linux_x64_V170/MRS_Community/toolchain/RISC-V Embedded GCC/bin/../lib/gcc/riscv-none-embed/8.2.0/../../../../riscv-none-embed/lib/rv32imac/ilp32/libg_nano.a(lib_a-findfp.o)
                0x00000000000025ac                _cleanup_r
 .text.__sfmoreglue
                0x00000000000025b6       0x46 /home/dragomir/MounRiver_Studio_Community_Linux_x64_V170/MRS_Community/toolchain/RISC-V Embedded GCC/bin/../lib/gcc/riscv-none-embed/8.2.0/../../../../riscv-none-embed/lib/rv32imac/ilp32/libg_nano.a(lib_a-findfp.o)
                0x00000000000025b6                __sfmoreglue
 .text.__sinit  0x00000000000025fc       0x66 /home/dragomir/MounRiver_Studio_Community_Linux_x64_V170/MRS_Community/toolchain/RISC-V Embedded GCC/bin/../lib/gcc/riscv-none-embed/8.2.0/../../../../riscv-none-embed/lib/rv32imac/ilp32/libg_nano.a(lib_a-findfp.o)
                0x00000000000025fc                __sinit
 .text.__sfp    0x0000000000002662       0x9c /home/dragomir/MounRiver_Studio_Community_Linux_x64_V170/MRS_Community/toolchain/RISC-V Embedded GCC/bin/../lib/gcc/riscv-none-embed/8.2.0/../../../../riscv-none-embed/lib/rv32imac/ilp32/libg_nano.a(lib_a-findfp.o)
                0x0000000000002662                __sfp
 .text._fwalk_reent
                0x00000000000026fe       0x6c /home/dragomir/MounRiver_Studio_Community_Linux_x64_V170/MRS_Community/toolchain/RISC-V Embedded GCC/bin/../lib/gcc/riscv-none-embed/8.2.0/../../../../riscv-none-embed/lib/rv32imac/ilp32/libg_nano.a(lib_a-fwalk.o)
                0x00000000000026fe                _fwalk_reent
 .text.__swhatbuf_r
                0x000000000000276a       0x5a /home/dragomir/MounRiver_Studio_Community_Linux_x64_V170/MRS_Community/toolchain/RISC-V Embedded GCC/bin/../lib/gcc/riscv-none-embed/8.2.0/../../../../riscv-none-embed/lib/rv32imac/ilp32/libg_nano.a(lib_a-makebuf.o)
                0x000000000000276a                __swhatbuf_r
 .text.__smakebuf_r
                0x00000000000027c4       0x9e /home/dragomir/MounRiver_Studio_Community_Linux_x64_V170/MRS_Community/toolchain/RISC-V Embedded GCC/bin/../lib/gcc/riscv-none-embed/8.2.0/../../../../riscv-none-embed/lib/rv32imac/ilp32/libg_nano.a(lib_a-makebuf.o)
                0x00000000000027c4                __smakebuf_r
 .text._free_r  0x0000000000002862       0xa8 /home/dragomir/MounRiver_Studio_Community_Linux_x64_V170/MRS_Community/toolchain/RISC-V Embedded GCC/bin/../lib/gcc/riscv-none-embed/8.2.0/../../../../riscv-none-embed/lib/rv32imac/ilp32/libg_nano.a(lib_a-nano-freer.o)
                0x0000000000002862                _free_r
 .text._malloc_r
                0x000000000000290a       0xd4 /home/dragomir/MounRiver_Studio_Community_Linux_x64_V170/MRS_Community/toolchain/RISC-V Embedded GCC/bin/../lib/gcc/riscv-none-embed/8.2.0/../../../../riscv-none-embed/lib/rv32imac/ilp32/libg_nano.a(lib_a-nano-mallocr.o)
                0x000000000000290a                _malloc_r
 .text.__sfputc_r
                0x00000000000029de       0x2a /home/dragomir/MounRiver_Studio_Community_Linux_x64_V170/MRS_Community/toolchain/RISC-V Embedded GCC/bin/../lib/gcc/riscv-none-embed/8.2.0/../../../../riscv-none-embed/lib/rv32imac/ilp32/libg_nano.a(lib_a-nano-vfprintf.o)
 .text.__sfputs_r
                0x0000000000002a08       0x42 /home/dragomir/MounRiver_Studio_Community_Linux_x64_V170/MRS_Community/toolchain/RISC-V Embedded GCC/bin/../lib/gcc/riscv-none-embed/8.2.0/../../../../riscv-none-embed/lib/rv32imac/ilp32/libg_nano.a(lib_a-nano-vfprintf.o)
                0x0000000000002a08                __sfputs_r
 .text._vfprintf_r
                0x0000000000002a4a      0x29a /home/dragomir/MounRiver_Studio_Community_Linux_x64_V170/MRS_Community/toolchain/RISC-V Embedded GCC/bin/../lib/gcc/riscv-none-embed/8.2.0/../../../../riscv-none-embed/lib/rv32imac/ilp32/libg_nano.a(lib_a-nano-vfprintf.o)
                0x0000000000002a4a                _vfiprintf_r
                0x0000000000002a4a                _vfprintf_r
 .text._printf_common
                0x0000000000002ce4      0x10c /home/dragomir/MounRiver_Studio_Community_Linux_x64_V170/MRS_Community/toolchain/RISC-V Embedded GCC/bin/../lib/gcc/riscv-none-embed/8.2.0/../../../../riscv-none-embed/lib/rv32imac/ilp32/libg_nano.a(lib_a-nano-vfprintf_i.o)
                0x0000000000002ce4                _printf_common
 .text._printf_i
                0x0000000000002df0      0x2aa /home/dragomir/MounRiver_Studio_Community_Linux_x64_V170/MRS_Community/toolchain/RISC-V Embedded GCC/bin/../lib/gcc/riscv-none-embed/8.2.0/../../../../riscv-none-embed/lib/rv32imac/ilp32/libg_nano.a(lib_a-nano-vfprintf_i.o)
                0x0000000000002df0                _printf_i
 .text._sbrk_r  0x000000000000309a       0x2a /home/dragomir/MounRiver_Studio_Community_Linux_x64_V170/MRS_Community/toolchain/RISC-V Embedded GCC/bin/../lib/gcc/riscv-none-embed/8.2.0/../../../../riscv-none-embed/lib/rv32imac/ilp32/libg_nano.a(lib_a-sbrkr.o)
                0x000000000000309a                _sbrk_r
 .text.__sread  0x00000000000030c4       0x30 /home/dragomir/MounRiver_Studio_Community_Linux_x64_V170/MRS_Community/toolchain/RISC-V Embedded GCC/bin/../lib/gcc/riscv-none-embed/8.2.0/../../../../riscv-none-embed/lib/rv32imac/ilp32/libg_nano.a(lib_a-stdio.o)
                0x00000000000030c4                __sread
 .text.__swrite
                0x00000000000030f4       0x4e /home/dragomir/MounRiver_Studio_Community_Linux_x64_V170/MRS_Community/toolchain/RISC-V Embedded GCC/bin/../lib/gcc/riscv-none-embed/8.2.0/../../../../riscv-none-embed/lib/rv32imac/ilp32/libg_nano.a(lib_a-stdio.o)
                0x00000000000030f4                __swrite
 .text.__sseek  0x0000000000003142       0x36 /home/dragomir/MounRiver_Studio_Community_Linux_x64_V170/MRS_Community/toolchain/RISC-V Embedded GCC/bin/../lib/gcc/riscv-none-embed/8.2.0/../../../../riscv-none-embed/lib/rv32imac/ilp32/libg_nano.a(lib_a-stdio.o)
                0x0000000000003142                __sseek
 .text.__sclose
                0x0000000000003178        0x6 /home/dragomir/MounRiver_Studio_Community_Linux_x64_V170/MRS_Community/toolchain/RISC-V Embedded GCC/bin/../lib/gcc/riscv-none-embed/8.2.0/../../../../riscv-none-embed/lib/rv32imac/ilp32/libg_nano.a(lib_a-stdio.o)
                0x0000000000003178                __sclose
 .text._write_r
                0x000000000000317e       0x2e /home/dragomir/MounRiver_Studio_Community_Linux_x64_V170/MRS_Community/toolchain/RISC-V Embedded GCC/bin/../lib/gcc/riscv-none-embed/8.2.0/../../../../riscv-none-embed/lib/rv32imac/ilp32/libg_nano.a(lib_a-writer.o)
                0x000000000000317e                _write_r
 .text._close_r
                0x00000000000031ac       0x28 /home/dragomir/MounRiver_Studio_Community_Linux_x64_V170/MRS_Community/toolchain/RISC-V Embedded GCC/bin/../lib/gcc/riscv-none-embed/8.2.0/../../../../riscv-none-embed/lib/rv32imac/ilp32/libg_nano.a(lib_a-closer.o)
                0x00000000000031ac                _close_r
 .text._fstat_r
                0x00000000000031d4       0x2a /home/dragomir/MounRiver_Studio_Community_Linux_x64_V170/MRS_Community/toolchain/RISC-V Embedded GCC/bin/../lib/gcc/riscv-none-embed/8.2.0/../../../../riscv-none-embed/lib/rv32imac/ilp32/libg_nano.a(lib_a-fstatr.o)
                0x00000000000031d4                _fstat_r
 .text._isatty_r
                0x00000000000031fe       0x28 /home/dragomir/MounRiver_Studio_Community_Linux_x64_V170/MRS_Community/toolchain/RISC-V Embedded GCC/bin/../lib/gcc/riscv-none-embed/8.2.0/../../../../riscv-none-embed/lib/rv32imac/ilp32/libg_nano.a(lib_a-isattyr.o)
                0x00000000000031fe                _isatty_r
 .text._lseek_r
                0x0000000000003226       0x2c /home/dragomir/MounRiver_Studio_Community_Linux_x64_V170/MRS_Community/toolchain/RISC-V Embedded GCC/bin/../lib/gcc/riscv-none-embed/8.2.0/../../../../riscv-none-embed/lib/rv32imac/ilp32/libg_nano.a(lib_a-lseekr.o)
                0x0000000000003226                _lseek_r
 .text.memchr   0x0000000000003252       0x1a /home/dragomir/MounRiver_Studio_Community_Linux_x64_V170/MRS_Community/toolchain/RISC-V Embedded GCC/bin/../lib/gcc/riscv-none-embed/8.2.0/../../../../riscv-none-embed/lib/rv32imac/ilp32/libg_nano.a(lib_a-memchr.o)
                0x0000000000003252                memchr
 .text.__malloc_lock
                0x000000000000326c        0x2 /home/dragomir/MounRiver_Studio_Community_Linux_x64_V170/MRS_Community/toolchain/RISC-V Embedded GCC/bin/../lib/gcc/riscv-none-embed/8.2.0/../../../../riscv-none-embed/lib/rv32imac/ilp32/libg_nano.a(lib_a-mlock.o)
                0x000000000000326c                __malloc_lock
 .text.__malloc_unlock
                0x000000000000326e        0x2 /home/dragomir/MounRiver_Studio_Community_Linux_x64_V170/MRS_Community/toolchain/RISC-V Embedded GCC/bin/../lib/gcc/riscv-none-embed/8.2.0/../../../../riscv-none-embed/lib/rv32imac/ilp32/libg_nano.a(lib_a-mlock.o)
                0x000000000000326e                __malloc_unlock
 .text._read_r  0x0000000000003270       0x2c /home/dragomir/MounRiver_Studio_Community_Linux_x64_V170/MRS_Community/toolchain/RISC-V Embedded GCC/bin/../lib/gcc/riscv-none-embed/8.2.0/../../../../riscv-none-embed/lib/rv32imac/ilp32/libg_nano.a(lib_a-readr.o)
                0x0000000000003270                _read_r
 .text._close   0x000000000000329c        0xc /home/dragomir/MounRiver_Studio_Community_Linux_x64_V170/MRS_Community/toolchain/RISC-V Embedded GCC/bin/../lib/gcc/riscv-none-embed/8.2.0/../../../../riscv-none-embed/lib/rv32imac/ilp32/libnosys.a(close.o)
                0x000000000000329c                _close
 .text._fstat   0x00000000000032a8        0xc /home/dragomir/MounRiver_Studio_Community_Linux_x64_V170/MRS_Community/toolchain/RISC-V Embedded GCC/bin/../lib/gcc/riscv-none-embed/8.2.0/../../../../riscv-none-embed/lib/rv32imac/ilp32/libnosys.a(fstat.o)
                0x00000000000032a8                _fstat
 .text._isatty  0x00000000000032b4        0xc /home/dragomir/MounRiver_Studio_Community_Linux_x64_V170/MRS_Community/toolchain/RISC-V Embedded GCC/bin/../lib/gcc/riscv-none-embed/8.2.0/../../../../riscv-none-embed/lib/rv32imac/ilp32/libnosys.a(isatty.o)
                0x00000000000032b4                _isatty
 .text._lseek   0x00000000000032c0        0xc /home/dragomir/MounRiver_Studio_Community_Linux_x64_V170/MRS_Community/toolchain/RISC-V Embedded GCC/bin/../lib/gcc/riscv-none-embed/8.2.0/../../../../riscv-none-embed/lib/rv32imac/ilp32/libnosys.a(lseek.o)
                0x00000000000032c0                _lseek
 .text._read    0x00000000000032cc        0xc /home/dragomir/MounRiver_Studio_Community_Linux_x64_V170/MRS_Community/toolchain/RISC-V Embedded GCC/bin/../lib/gcc/riscv-none-embed/8.2.0/../../../../riscv-none-embed/lib/rv32imac/ilp32/libnosys.a(read.o)
                0x00000000000032cc                _read
 *(.rodata)
 *(.rodata*)
 *fill*         0x00000000000032d8        0x0 
 .rodata.cdc_on_setup
                0x00000000000032d8       0x40 ./user_libs/ch32v203_usbd_cdc.o
 .rodata.cdc_config_descriptor
                0x0000000000003318       0x43 ./user_libs/ch32v203_usbd_cdc.o
 *fill*         0x000000000000335b        0x1 
 .rodata.cdc_device_descriptor
                0x000000000000335c       0x12 ./user_libs/ch32v203_usbd_cdc.o
 .rodata.cdc_serial_state
                0x000000000000336e        0xa ./user_libs/ch32v203_usbd_cdc.o
 .rodata.cdc_string_product
                0x0000000000003378       0x16 ./user_libs/ch32v203_usbd_cdc.o
 .rodata.cdc_string_vendor
                0x000000000000338e        0xe ./user_libs/ch32v203_usbd_cdc.o
 .rodata.usbd_config
                0x000000000000339c       0x32 ./user_libs/ch32v203_usbd_cdc.o
 *fill*         0x00000000000033ce        0x2 
 .rodata.main.str1.4
                0x00000000000033d0       0x69 ./User/main.o
 *fill*         0x0000000000003439        0x3 
 .rodata.usbd_cdc_scrutinize.str1.4
                0x000000000000343c      0x3b6 ./User/main.o
 *fill*         0x00000000000037f2        0x2 
 .rodata.__sf_fake_stderr
                0x00000000000037f4       0x20 /home/dragomir/MounRiver_Studio_Community_Linux_x64_V170/MRS_Community/toolchain/RISC-V Embedded GCC/bin/../lib/gcc/riscv-none-embed/8.2.0/../../../../riscv-none-embed/lib/rv32imac/ilp32/libg_nano.a(lib_a-findfp.o)
                0x00000000000037f4                __sf_fake_stderr
 .rodata.__sf_fake_stdin
                0x0000000000003814       0x20 /home/dragomir/MounRiver_Studio_Community_Linux_x64_V170/MRS_Community/toolchain/RISC-V Embedded GCC/bin/../lib/gcc/riscv-none-embed/8.2.0/../../../../riscv-none-embed/lib/rv32imac/ilp32/libg_nano.a(lib_a-findfp.o)
                0x0000000000003814                __sf_fake_stdin
 .rodata.__sf_fake_stdout
                0x0000000000003834       0x20 /home/dragomir/MounRiver_Studio_Community_Linux_x64_V170/MRS_Community/toolchain/RISC-V Embedded GCC/bin/../lib/gcc/riscv-none-embed/8.2.0/../../../../riscv-none-embed/lib/rv32imac/ilp32/libg_nano.a(lib_a-findfp.o)
                0x0000000000003834                __sf_fake_stdout
 .rodata._vfprintf_r.str1.4
                0x0000000000003854       0x13 /home/dragomir/MounRiver_Studio_Community_Linux_x64_V170/MRS_Community/toolchain/RISC-V Embedded GCC/bin/../lib/gcc/riscv-none-embed/8.2.0/../../../../riscv-none-embed/lib/rv32imac/ilp32/libg_nano.a(lib_a-nano-vfprintf.o)
 *fill*         0x0000000000003867        0x1 
 .rodata._printf_i.str1.4
                0x0000000000003868       0x28 /home/dragomir/MounRiver_Studio_Community_Linux_x64_V170/MRS_Community/toolchain/RISC-V Embedded GCC/bin/../lib/gcc/riscv-none-embed/8.2.0/../../../../riscv-none-embed/lib/rv32imac/ilp32/libg_nano.a(lib_a-nano-vfprintf_i.o)
                                         0x25 (size before relaxing)
 *(.gnu.linkonce.t.*)
                0x0000000000003890                . = ALIGN (0x4)

.rela.dyn       0x0000000000003890        0x0
 .rela.init     0x0000000000003890        0x0 ./user_libs/ch32v203_core.o
 .rela.vector   0x0000000000003890        0x0 ./user_libs/ch32v203_core.o
 .rela.text.handle_reset
                0x0000000000003890        0x0 ./user_libs/ch32v203_core.o
 .rela.text._sbrk
                0x0000000000003890        0x0 ./user_libs/ch32v203_core.o
 .rela.sdata.curbrk.3306
                0x0000000000003890        0x0 ./user_libs/ch32v203_core.o
 .rela.text._vfprintf_r
                0x0000000000003890        0x0 ./user_libs/ch32v203_core.o
 .rela.text._sbrk_r
                0x0000000000003890        0x0 ./user_libs/ch32v203_core.o
 .rela.text._write_r
                0x0000000000003890        0x0 ./user_libs/ch32v203_core.o
 .rela.text._close_r
                0x0000000000003890        0x0 ./user_libs/ch32v203_core.o
 .rela.text._fstat_r
                0x0000000000003890        0x0 ./user_libs/ch32v203_core.o
 .rela.text._isatty_r
                0x0000000000003890        0x0 ./user_libs/ch32v203_core.o
 .rela.text._lseek_r
                0x0000000000003890        0x0 ./user_libs/ch32v203_core.o
 .rela.text._read_r
                0x0000000000003890        0x0 ./user_libs/ch32v203_core.o
 .rela.text._close
                0x0000000000003890        0x0 ./user_libs/ch32v203_core.o
 .rela.text._fstat
                0x0000000000003890        0x0 ./user_libs/ch32v203_core.o
 .rela.text._isatty
                0x0000000000003890        0x0 ./user_libs/ch32v203_core.o
 .rela.text._lseek
                0x0000000000003890        0x0 ./user_libs/ch32v203_core.o
 .rela.text._read
                0x0000000000003890        0x0 ./user_libs/ch32v203_core.o

.fini           0x0000000000003890        0x0
 *(SORT_NONE(.fini))
                0x0000000000003890                . = ALIGN (0x4)
                [!provide]                        PROVIDE (_etext = .)
                [!provide]                        PROVIDE (_eitcm = .)

.preinit_array  0x0000000000003890        0x0
                [!provide]                        PROVIDE (__preinit_array_start = .)
 *(.preinit_array)
                [!provide]                        PROVIDE (__preinit_array_end = .)

.init_array     0x0000000000003890        0x0
                [!provide]                        PROVIDE (__init_array_start = .)
 *(SORT_BY_INIT_PRIORITY(.init_array.*) SORT_BY_INIT_PRIORITY(.ctors.*))
 *(.init_array EXCLUDE_FILE(*crtend?.o *crtend.o *crtbegin?.o *crtbegin.o) .ctors)
                [!provide]                        PROVIDE (__init_array_end = .)

.fini_array     0x0000000000003890        0x0
                [!provide]                        PROVIDE (__fini_array_start = .)
 *(SORT_BY_INIT_PRIORITY(.fini_array.*) SORT_BY_INIT_PRIORITY(.dtors.*))
 *(.fini_array EXCLUDE_FILE(*crtend?.o *crtend.o *crtbegin?.o *crtbegin.o) .dtors)
                [!provide]                        PROVIDE (__fini_array_end = .)

.ctors
 *crtbegin.o(.ctors)
 *crtbegin?.o(.ctors)
 *(EXCLUDE_FILE(*crtend?.o *crtend.o) .ctors)
 *(SORT_BY_NAME(.ctors.*))
 *(.ctors)

.dtors
 *crtbegin.o(.dtors)
 *crtbegin?.o(.dtors)
 *(EXCLUDE_FILE(*crtend?.o *crtend.o) .dtors)
 *(SORT_BY_NAME(.dtors.*))
 *(.dtors)

.dalign         0x0000000020000000        0x0 load address 0x0000000000003890
                0x0000000020000000                . = ALIGN (0x4)
                0x0000000020000000                PROVIDE (_data_vma = .)

.dlalign        0x0000000000003890        0x0
                0x0000000000003890                . = ALIGN (0x4)
                0x0000000000003890                PROVIDE (_data_lma = .)

.data           0x0000000020000000       0x80 load address 0x0000000000003890
 *(.gnu.linkonce.r.*)
 *(.data .data.*)
 .data.impure_data
                0x0000000020000000       0x60 /home/dragomir/MounRiver_Studio_Community_Linux_x64_V170/MRS_Community/toolchain/RISC-V Embedded GCC/bin/../lib/gcc/riscv-none-embed/8.2.0/../../../../riscv-none-embed/lib/rv32imac/ilp32/libg_nano.a(lib_a-impure.o)
 *(.gnu.linkonce.d.*)
                0x0000000020000060                . = ALIGN (0x8)
                0x0000000020000860                PROVIDE (__global_pointer$ = (. + 0x800))
 *(.sdata .sdata.*)
 .sdata.cdc_line_coding
                0x0000000020000060        0x8 ./user_libs/ch32v203_usbd_cdc.o
                0x0000000020000060                cdc_line_coding
 .sdata.curbrk.3306
                0x0000000020000068        0x4 ./Debug/debug.o
 .sdata._impure_ptr
                0x000000002000006c        0x4 /home/dragomir/MounRiver_Studio_Community_Linux_x64_V170/MRS_Community/toolchain/RISC-V Embedded GCC/bin/../lib/gcc/riscv-none-embed/8.2.0/../../../../riscv-none-embed/lib/rv32imac/ilp32/libg_nano.a(lib_a-impure.o)
                0x000000002000006c                _impure_ptr
 *(.sdata2.*)
 .sdata2.cdc_string_lang_id
                0x0000000020000070        0x4 ./user_libs/ch32v203_usbd_cdc.o
 .sdata2.cdc_string_serial
                0x0000000020000074        0x2 ./user_libs/ch32v203_usbd_cdc.o
 *fill*         0x0000000020000076        0x2 
 .sdata2._global_impure_ptr
                0x0000000020000078        0x4 /home/dragomir/MounRiver_Studio_Community_Linux_x64_V170/MRS_Community/toolchain/RISC-V Embedded GCC/bin/../lib/gcc/riscv-none-embed/8.2.0/../../../../riscv-none-embed/lib/rv32imac/ilp32/libg_nano.a(lib_a-impure.o)
                0x0000000020000078                _global_impure_ptr
 *(.gnu.linkonce.s.*)
                0x0000000020000080                . = ALIGN (0x8)
 *fill*         0x000000002000007c        0x4 
 *(.srodata.cst16)
 *(.srodata.cst8)
 *(.srodata.cst4)
 *(.srodata.cst2)
 *(.srodata .srodata.*)
                0x0000000020000080                . = ALIGN (0x4)
                0x0000000020000080                PROVIDE (_edata = .)

.bss            0x0000000020000080      0x550 load address 0x0000000000003910
                0x0000000020000080                . = ALIGN (0x4)
                0x0000000020000080                PROVIDE (_sbss = .)
 *(.sbss*)
 .sbss.p_ms     0x0000000020000080        0x2 ./user_libs/ch32v203_core.o
 .sbss.p_us     0x0000000020000082        0x1 ./user_libs/ch32v203_core.o
 *fill*         0x0000000020000083        0x1 
 .sbss.dma1_channel1_callback
                0x0000000020000084        0x4 ./user_libs/ch32v203_dma.o
                0x0000000020000084                dma1_channel1_callback
 .sbss.dma1_channel2_callback
                0x0000000020000088        0x4 ./user_libs/ch32v203_dma.o
                0x0000000020000088                dma1_channel2_callback
 .sbss.dma1_channel3_callback
                0x000000002000008c        0x4 ./user_libs/ch32v203_dma.o
                0x000000002000008c                dma1_channel3_callback
 .sbss.dma1_channel4_callback
                0x0000000020000090        0x4 ./user_libs/ch32v203_dma.o
                0x0000000020000090                dma1_channel4_callback
 .sbss.dma1_channel5_callback
                0x0000000020000094        0x4 ./user_libs/ch32v203_dma.o
                0x0000000020000094                dma1_channel5_callback
 .sbss.dma1_channel6_callback
                0x0000000020000098        0x4 ./user_libs/ch32v203_dma.o
                0x0000000020000098                dma1_channel6_callback
 .sbss.dma1_channel7_callback
                0x000000002000009c        0x4 ./user_libs/ch32v203_dma.o
                0x000000002000009c                dma1_channel7_callback
 .sbss.dma1_channel8_callback
                0x00000000200000a0        0x4 ./user_libs/ch32v203_dma.o
                0x00000000200000a0                dma1_channel8_callback
 .sbss.sof_count
                0x00000000200000a4        0x2 ./user_libs/ch32v203_usbd.o
                0x00000000200000a4                sof_count
 *fill*         0x00000000200000a6        0x2 
 .sbss.usbd_esof_callback
                0x00000000200000a8        0x4 ./user_libs/ch32v203_usbd.o
                0x00000000200000a8                usbd_esof_callback
 .sbss.usbd_in_callback
                0x00000000200000ac        0x4 ./user_libs/ch32v203_usbd.o
                0x00000000200000ac                usbd_in_callback
 .sbss.usbd_out_callback
                0x00000000200000b0        0x4 ./user_libs/ch32v203_usbd.o
                0x00000000200000b0                usbd_out_callback
 .sbss.usbd_reset_callback
                0x00000000200000b4        0x4 ./user_libs/ch32v203_usbd.o
                0x00000000200000b4                usbd_reset_callback
 .sbss.usbd_setup_callback
                0x00000000200000b8        0x4 ./user_libs/ch32v203_usbd.o
                0x00000000200000b8                usbd_setup_callback
 .sbss.usbd_sof_callback
                0x00000000200000bc        0x4 ./user_libs/ch32v203_usbd.o
                0x00000000200000bc                usbd_sof_callback
 .sbss.usbd_suspend_callback
                0x00000000200000c0        0x4 ./user_libs/ch32v203_usbd.o
                0x00000000200000c0                usbd_suspend_callback
 .sbss.usbd_wakeup_callback
                0x00000000200000c4        0x4 ./user_libs/ch32v203_usbd.o
                0x00000000200000c4                usbd_wakeup_callback
 .sbss.cdc_address
                0x00000000200000c8        0x1 ./user_libs/ch32v203_usbd_cdc.o
                0x00000000200000c8                cdc_address
 .sbss.cdc_config
                0x00000000200000c9        0x1 ./user_libs/ch32v203_usbd_cdc.o
                0x00000000200000c9                cdc_config
 .sbss.cdc_control_line_state
                0x00000000200000ca        0x1 ./user_libs/ch32v203_usbd_cdc.o
                0x00000000200000ca                cdc_control_line_state
 *fill*         0x00000000200000cb        0x1 
 .sbss.cdc_last_data_time
                0x00000000200000cc        0x2 ./user_libs/ch32v203_usbd_cdc.o
                0x00000000200000cc                cdc_last_data_time
 .sbss.cdc_last_status_time
                0x00000000200000ce        0x2 ./user_libs/ch32v203_usbd_cdc.o
                0x00000000200000ce                cdc_last_status_time
 .sbss.cdc_setup_buf
                0x00000000200000d0        0x8 ./user_libs/ch32v203_usbd_cdc.o
                0x00000000200000d0                cdc_setup_buf
 .sbss.cdc_string_serial_offset
                0x00000000200000d8        0x1 ./user_libs/ch32v203_usbd_cdc.o
                0x00000000200000d8                cdc_string_serial_offset
 *fill*         0x00000000200000d9        0x3 
 .sbss.descriptor_ptr
                0x00000000200000dc        0x4 ./user_libs/ch32v203_usbd_cdc.o
                0x00000000200000dc                descriptor_ptr
 .sbss.ep2_out_res
                0x00000000200000e0        0x2 ./user_libs/ch32v203_usbd_cdc.o
                0x00000000200000e0                ep2_out_res
 .sbss.ep2_read_select
                0x00000000200000e2        0x1 ./user_libs/ch32v203_usbd_cdc.o
                0x00000000200000e2                ep2_read_select
 .sbss.ep2_t0_num_bytes
                0x00000000200000e3        0x1 ./user_libs/ch32v203_usbd_cdc.o
                0x00000000200000e3                ep2_t0_num_bytes
 .sbss.ep2_t0_read_offset
                0x00000000200000e4        0x1 ./user_libs/ch32v203_usbd_cdc.o
                0x00000000200000e4                ep2_t0_read_offset
 .sbss.ep2_t0_zlp
                0x00000000200000e5        0x1 ./user_libs/ch32v203_usbd_cdc.o
                0x00000000200000e5                ep2_t0_zlp
 .sbss.ep2_t1_num_bytes
                0x00000000200000e6        0x1 ./user_libs/ch32v203_usbd_cdc.o
                0x00000000200000e6                ep2_t1_num_bytes
 .sbss.ep2_t1_read_offset
                0x00000000200000e7        0x1 ./user_libs/ch32v203_usbd_cdc.o
                0x00000000200000e7                ep2_t1_read_offset
 .sbss.ep2_t1_zlp
                0x00000000200000e8        0x1 ./user_libs/ch32v203_usbd_cdc.o
                0x00000000200000e8                ep2_t1_zlp
 .sbss.ep3_t0_num_bytes
                0x00000000200000e9        0x1 ./user_libs/ch32v203_usbd_cdc.o
                0x00000000200000e9                ep3_t0_num_bytes
 .sbss.ep3_t1_num_bytes
                0x00000000200000ea        0x1 ./user_libs/ch32v203_usbd_cdc.o
                0x00000000200000ea                ep3_t1_num_bytes
 .sbss.ep3_wip  0x00000000200000eb        0x1 ./user_libs/ch32v203_usbd_cdc.o
                0x00000000200000eb                ep3_wip
 .sbss.ep3_write_select
                0x00000000200000ec        0x1 ./user_libs/ch32v203_usbd_cdc.o
                0x00000000200000ec                ep3_write_select
 *fill*         0x00000000200000ed        0x3 
 .sbss.pseudo_random_state
                0x00000000200000f0        0x4 ./user_libs/pseudo_random.o
                0x00000000200000f0                pseudo_random_state
 .sbss.__malloc_free_list
                0x00000000200000f4        0x4 /home/dragomir/MounRiver_Studio_Community_Linux_x64_V170/MRS_Community/toolchain/RISC-V Embedded GCC/bin/../lib/gcc/riscv-none-embed/8.2.0/../../../../riscv-none-embed/lib/rv32imac/ilp32/libg_nano.a(lib_a-nano-mallocr.o)
                0x00000000200000f4                __malloc_free_list
 .sbss.__malloc_sbrk_start
                0x00000000200000f8        0x4 /home/dragomir/MounRiver_Studio_Community_Linux_x64_V170/MRS_Community/toolchain/RISC-V Embedded GCC/bin/../lib/gcc/riscv-none-embed/8.2.0/../../../../riscv-none-embed/lib/rv32imac/ilp32/libg_nano.a(lib_a-nano-mallocr.o)
                0x00000000200000f8                __malloc_sbrk_start
 *(.gnu.linkonce.sb.*)
 *(.bss*)
 .bss.uart_dma_1_i
                0x00000000200000fc       0x20 ./user_libs/ch32v203_uart_dma.o
                0x00000000200000fc                uart_dma_1_i
 .bss.uart_dma_1_rx_buf
                0x000000002000011c      0x200 ./user_libs/ch32v203_uart_dma.o
                0x000000002000011c                uart_dma_1_rx_buf
 .bss.uart_dma_1_tx_buf
                0x000000002000031c      0x200 ./user_libs/ch32v203_uart_dma.o
                0x000000002000031c                uart_dma_1_tx_buf
 .bss.uart_dma_2_i
                0x000000002000051c       0x20 ./user_libs/ch32v203_uart_dma.o
                0x000000002000051c                uart_dma_2_i
 .bss.uart_dma_2_rx_buf
                0x000000002000053c       0x40 ./user_libs/ch32v203_uart_dma.o
                0x000000002000053c                uart_dma_2_rx_buf
 .bss.uart_dma_2_tx_buf
                0x000000002000057c       0x40 ./user_libs/ch32v203_uart_dma.o
                0x000000002000057c                uart_dma_2_tx_buf
 .bss.ep_config
                0x00000000200005bc       0x10 ./user_libs/ch32v203_usbd.o
                0x00000000200005bc                ep_config
 *(.gnu.linkonce.b.*)
 *(COMMON*)
 COMMON         0x00000000200005cc        0x4 /home/dragomir/MounRiver_Studio_Community_Linux_x64_V170/MRS_Community/toolchain/RISC-V Embedded GCC/bin/../lib/gcc/riscv-none-embed/8.2.0/../../../../riscv-none-embed/lib/rv32imac/ilp32/libg_nano.a(lib_a-reent.o)
                0x00000000200005cc                errno
                0x00000000200005d0                . = ALIGN (0x4)
                0x00000000200005d0                PROVIDE (_ebss = .)
                0x00000000200005d0                PROVIDE (_end = _ebss)
                [!provide]                        PROVIDE (end = .)

.stack          0x0000000020004800      0x800
                0x0000000020004800                PROVIDE (_heap_end = .)
                0x0000000020004800                . = ALIGN (0x4)
                [!provide]                        PROVIDE (_susrstack = .)
                0x0000000020005000                . = (. + __stack_size)
 *fill*         0x0000000020004800      0x800 
                0x0000000020005000                PROVIDE (_eusrstack = .)
OUTPUT(ch32v203_usbd_cdc_stress_test.elf elf32-littleriscv)

.debug_info     0x0000000000000000     0x570f
 .debug_info    0x0000000000000000      0x4e4 ./user_libs/ch32v203_core.o
 .debug_info    0x00000000000004e4      0x67f ./user_libs/ch32v203_dma.o
 .debug_info    0x0000000000000b63      0x205 ./user_libs/ch32v203_gpio.o
 .debug_info    0x0000000000000d68      0x44f ./user_libs/ch32v203_rcc.o
 .debug_info    0x00000000000011b7      0x96b ./user_libs/ch32v203_uart_dma.o
 .debug_info    0x0000000000001b22      0xaf2 ./user_libs/ch32v203_usbd.o
 .debug_info    0x0000000000002614      0xc50 ./user_libs/ch32v203_usbd_cdc.o
 .debug_info    0x0000000000003264       0xe8 ./user_libs/pseudo_random.o
 .debug_info    0x000000000000334c     0x185a ./User/main.o
 .debug_info    0x0000000000004ba6       0x22 ./Startup/startup_ch32v20x_D6.o
 .debug_info    0x0000000000004bc8      0xb47 ./Debug/debug.o

.debug_abbrev   0x0000000000000000     0x12cb
 .debug_abbrev  0x0000000000000000      0x127 ./user_libs/ch32v203_core.o
 .debug_abbrev  0x0000000000000127      0x184 ./user_libs/ch32v203_dma.o
 .debug_abbrev  0x00000000000002ab      0x117 ./user_libs/ch32v203_gpio.o
 .debug_abbrev  0x00000000000003c2      0x163 ./user_libs/ch32v203_rcc.o
 .debug_abbrev  0x0000000000000525      0x24e ./user_libs/ch32v203_uart_dma.o
 .debug_abbrev  0x0000000000000773      0x2e2 ./user_libs/ch32v203_usbd.o
 .debug_abbrev  0x0000000000000a55      0x2eb ./user_libs/ch32v203_usbd_cdc.o
 .debug_abbrev  0x0000000000000d40       0x95 ./user_libs/pseudo_random.o
 .debug_abbrev  0x0000000000000dd5      0x2a8 ./User/main.o
 .debug_abbrev  0x000000000000107d       0x12 ./Startup/startup_ch32v20x_D6.o
 .debug_abbrev  0x000000000000108f      0x23c ./Debug/debug.o

.debug_loc      0x0000000000000000     0x1865
 .debug_loc     0x0000000000000000       0x57 ./user_libs/ch32v203_core.o
 .debug_loc     0x0000000000000057      0x10b ./user_libs/ch32v203_gpio.o
 .debug_loc     0x0000000000000162      0x267 ./user_libs/ch32v203_rcc.o
 .debug_loc     0x00000000000003c9      0x9cb ./user_libs/ch32v203_uart_dma.o
 .debug_loc     0x0000000000000d94      0x45c ./user_libs/ch32v203_usbd.o
 .debug_loc     0x00000000000011f0      0x575 ./user_libs/ch32v203_usbd_cdc.o
 .debug_loc     0x0000000000001765       0x4e ./user_libs/pseudo_random.o
 .debug_loc     0x00000000000017b3       0x31 ./User/main.o
 .debug_loc     0x00000000000017e4       0x81 ./Debug/debug.o

.debug_aranges  0x0000000000000000      0x3e8
 .debug_aranges
                0x0000000000000000       0xd8 ./user_libs/ch32v203_core.o
 .debug_aranges
                0x00000000000000d8       0x68 ./user_libs/ch32v203_dma.o
 .debug_aranges
                0x0000000000000140       0x28 ./user_libs/ch32v203_gpio.o
 .debug_aranges
                0x0000000000000168       0x68 ./user_libs/ch32v203_rcc.o
 .debug_aranges
                0x00000000000001d0       0x78 ./user_libs/ch32v203_uart_dma.o
 .debug_aranges
                0x0000000000000248       0x68 ./user_libs/ch32v203_usbd.o
 .debug_aranges
                0x00000000000002b0       0x98 ./user_libs/ch32v203_usbd_cdc.o
 .debug_aranges
                0x0000000000000348       0x20 ./user_libs/pseudo_random.o
 .debug_aranges
                0x0000000000000368       0x28 ./User/main.o
 .debug_aranges
                0x0000000000000390       0x30 ./Startup/startup_ch32v20x_D6.o
 .debug_aranges
                0x00000000000003c0       0x28 ./Debug/debug.o

.debug_ranges   0x0000000000000000      0x468
 .debug_ranges  0x0000000000000000       0xc8 ./user_libs/ch32v203_core.o
 .debug_ranges  0x00000000000000c8       0x58 ./user_libs/ch32v203_dma.o
 .debug_ranges  0x0000000000000120       0x30 ./user_libs/ch32v203_gpio.o
 .debug_ranges  0x0000000000000150       0x58 ./user_libs/ch32v203_rcc.o
 .debug_ranges  0x00000000000001a8       0xf0 ./user_libs/ch32v203_uart_dma.o
 .debug_ranges  0x0000000000000298       0xa8 ./user_libs/ch32v203_usbd.o
 .debug_ranges  0x0000000000000340       0xc0 ./user_libs/ch32v203_usbd_cdc.o
 .debug_ranges  0x0000000000000400       0x10 ./user_libs/pseudo_random.o
 .debug_ranges  0x0000000000000410       0x18 ./User/main.o
 .debug_ranges  0x0000000000000428       0x28 ./Startup/startup_ch32v20x_D6.o
 .debug_ranges  0x0000000000000450       0x18 ./Debug/debug.o

.debug_line     0x0000000000000000     0x6bad
 .debug_line    0x0000000000000000      0x70a ./user_libs/ch32v203_core.o
 .debug_line    0x000000000000070a      0x4d6 ./user_libs/ch32v203_dma.o
 .debug_line    0x0000000000000be0      0x382 ./user_libs/ch32v203_gpio.o
 .debug_line    0x0000000000000f62      0x84e ./user_libs/ch32v203_rcc.o
 .debug_line    0x00000000000017b0     0x1341 ./user_libs/ch32v203_uart_dma.o
 .debug_line    0x0000000000002af1     0x105d ./user_libs/ch32v203_usbd.o
 .debug_line    0x0000000000003b4e     0x204c ./user_libs/ch32v203_usbd_cdc.o
 .debug_line    0x0000000000005b9a      0x221 ./user_libs/pseudo_random.o
 .debug_line    0x0000000000005dbb      0x978 ./User/main.o
 .debug_line    0x0000000000006733      0x121 ./Startup/startup_ch32v20x_D6.o
 .debug_line    0x0000000000006854      0x359 ./Debug/debug.o

.debug_str      0x0000000000000000     0x1982
 .debug_str     0x0000000000000000      0x347 ./user_libs/ch32v203_core.o
                                        0x3b0 (size before relaxing)
 .debug_str     0x0000000000000347      0x5a4 ./user_libs/ch32v203_dma.o
                                        0x77d (size before relaxing)
 .debug_str     0x00000000000008eb       0x80 ./user_libs/ch32v203_gpio.o
                                        0x250 (size before relaxing)
 .debug_str     0x000000000000096b      0x1c8 ./user_libs/ch32v203_rcc.o
                                        0x3ae (size before relaxing)
 .debug_str     0x0000000000000b33      0x2a6 ./user_libs/ch32v203_uart_dma.o
                                        0x603 (size before relaxing)
 .debug_str     0x0000000000000dd9      0x29e ./user_libs/ch32v203_usbd.o
                                        0x941 (size before relaxing)
 .debug_str     0x0000000000001077      0x3e5 ./user_libs/ch32v203_usbd_cdc.o
                                        0x81a (size before relaxing)
 .debug_str     0x000000000000145c       0x5a ./user_libs/pseudo_random.o
                                        0x211 (size before relaxing)
 .debug_str     0x00000000000014b6      0x468 ./User/main.o
                                        0xd18 (size before relaxing)
 .debug_str     0x000000000000191e       0x2d ./Startup/startup_ch32v20x_D6.o
                                         0x88 (size before relaxing)
 .debug_str     0x000000000000194b       0x37 ./Debug/debug.o
                                        0x6c2 (size before relaxing)

.comment        0x0000000000000000       0x33
 .comment       0x0000000000000000       0x33 ./user_libs/ch32v203_core.o
                                         0x34 (size before relaxing)
 .comment       0x0000000000000033       0x34 ./user_libs/ch32v203_dma.o
 .comment       0x0000000000000033       0x34 ./user_libs/ch32v203_gpio.o
 .comment       0x0000000000000033       0x34 ./user_libs/ch32v203_rcc.o
 .comment       0x0000000000000033       0x34 ./user_libs/ch32v203_uart_dma.o
 .comment       0x0000000000000033       0x34 ./user_libs/ch32v203_usbd.o
 .comment       0x0000000000000033       0x34 ./user_libs/ch32v203_usbd_cdc.o
 .comment       0x0000000000000033       0x34 ./user_libs/pseudo_random.o
 .comment       0x0000000000000033       0x34 ./User/main.o
 .comment       0x0000000000000033       0x34 ./Debug/debug.o

.debug_frame    0x0000000000000000     0x1188
 .debug_frame   0x0000000000000000      0x19c ./user_libs/ch32v203_core.o
 .debug_frame   0x000000000000019c       0xb0 ./user_libs/ch32v203_dma.o
 .debug_frame   0x000000000000024c       0x30 ./user_libs/ch32v203_gpio.o
 .debug_frame   0x000000000000027c      0x108 ./user_libs/ch32v203_rcc.o
 .debug_frame   0x0000000000000384      0x110 ./user_libs/ch32v203_uart_dma.o
 .debug_frame   0x0000000000000494       0xec ./user_libs/ch32v203_usbd.o
 .debug_frame   0x0000000000000580      0x238 ./user_libs/ch32v203_usbd_cdc.o
 .debug_frame   0x00000000000007b8       0x20 ./user_libs/pseudo_random.o
 .debug_frame   0x00000000000007d8       0x60 ./User/main.o
 .debug_frame   0x0000000000000838       0x3c ./Debug/debug.o
 .debug_frame   0x0000000000000874       0x54 /home/dragomir/MounRiver_Studio_Community_Linux_x64_V170/MRS_Community/toolchain/RISC-V Embedded GCC/bin/../lib/gcc/riscv-none-embed/8.2.0/../../../../riscv-none-embed/lib/rv32imac/ilp32/libg_nano.a(lib_a-printf.o)
 .debug_frame   0x00000000000008c8       0x54 /home/dragomir/MounRiver_Studio_Community_Linux_x64_V170/MRS_Community/toolchain/RISC-V Embedded GCC/bin/../lib/gcc/riscv-none-embed/8.2.0/../../../../riscv-none-embed/lib/rv32imac/ilp32/libg_nano.a(lib_a-puts.o)
 .debug_frame   0x000000000000091c       0x50 /home/dragomir/MounRiver_Studio_Community_Linux_x64_V170/MRS_Community/toolchain/RISC-V Embedded GCC/bin/../lib/gcc/riscv-none-embed/8.2.0/../../../../riscv-none-embed/lib/rv32imac/ilp32/libg_nano.a(lib_a-wbuf.o)
 .debug_frame   0x000000000000096c       0x3c /home/dragomir/MounRiver_Studio_Community_Linux_x64_V170/MRS_Community/toolchain/RISC-V Embedded GCC/bin/../lib/gcc/riscv-none-embed/8.2.0/../../../../riscv-none-embed/lib/rv32imac/ilp32/libg_nano.a(lib_a-wsetup.o)
 .debug_frame   0x00000000000009a8       0x7c /home/dragomir/MounRiver_Studio_Community_Linux_x64_V170/MRS_Community/toolchain/RISC-V Embedded GCC/bin/../lib/gcc/riscv-none-embed/8.2.0/../../../../riscv-none-embed/lib/rv32imac/ilp32/libg_nano.a(lib_a-fflush.o)
 .debug_frame   0x0000000000000a24      0x148 /home/dragomir/MounRiver_Studio_Community_Linux_x64_V170/MRS_Community/toolchain/RISC-V Embedded GCC/bin/../lib/gcc/riscv-none-embed/8.2.0/../../../../riscv-none-embed/lib/rv32imac/ilp32/libg_nano.a(lib_a-findfp.o)
 .debug_frame   0x0000000000000b6c       0x88 /home/dragomir/MounRiver_Studio_Community_Linux_x64_V170/MRS_Community/toolchain/RISC-V Embedded GCC/bin/../lib/gcc/riscv-none-embed/8.2.0/../../../../riscv-none-embed/lib/rv32imac/ilp32/libg_nano.a(lib_a-fwalk.o)
 .debug_frame   0x0000000000000bf4       0x64 /home/dragomir/MounRiver_Studio_Community_Linux_x64_V170/MRS_Community/toolchain/RISC-V Embedded GCC/bin/../lib/gcc/riscv-none-embed/8.2.0/../../../../riscv-none-embed/lib/rv32imac/ilp32/libg_nano.a(lib_a-makebuf.o)
 .debug_frame   0x0000000000000c58       0x40 /home/dragomir/MounRiver_Studio_Community_Linux_x64_V170/MRS_Community/toolchain/RISC-V Embedded GCC/bin/../lib/gcc/riscv-none-embed/8.2.0/../../../../riscv-none-embed/lib/rv32imac/ilp32/libg_nano.a(lib_a-nano-freer.o)
 .debug_frame   0x0000000000000c98       0x40 /home/dragomir/MounRiver_Studio_Community_Linux_x64_V170/MRS_Community/toolchain/RISC-V Embedded GCC/bin/../lib/gcc/riscv-none-embed/8.2.0/../../../../riscv-none-embed/lib/rv32imac/ilp32/libg_nano.a(lib_a-nano-mallocr.o)
 .debug_frame   0x0000000000000cd8       0xd0 /home/dragomir/MounRiver_Studio_Community_Linux_x64_V170/MRS_Community/toolchain/RISC-V Embedded GCC/bin/../lib/gcc/riscv-none-embed/8.2.0/../../../../riscv-none-embed/lib/rv32imac/ilp32/libg_nano.a(lib_a-nano-vfprintf.o)
 .debug_frame   0x0000000000000da8       0x8c /home/dragomir/MounRiver_Studio_Community_Linux_x64_V170/MRS_Community/toolchain/RISC-V Embedded GCC/bin/../lib/gcc/riscv-none-embed/8.2.0/../../../../riscv-none-embed/lib/rv32imac/ilp32/libg_nano.a(lib_a-nano-vfprintf_i.o)
 .debug_frame   0x0000000000000e34       0x30 /home/dragomir/MounRiver_Studio_Community_Linux_x64_V170/MRS_Community/toolchain/RISC-V Embedded GCC/bin/../lib/gcc/riscv-none-embed/8.2.0/../../../../riscv-none-embed/lib/rv32imac/ilp32/libg_nano.a(lib_a-sbrkr.o)
 .debug_frame   0x0000000000000e64       0xa4 /home/dragomir/MounRiver_Studio_Community_Linux_x64_V170/MRS_Community/toolchain/RISC-V Embedded GCC/bin/../lib/gcc/riscv-none-embed/8.2.0/../../../../riscv-none-embed/lib/rv32imac/ilp32/libg_nano.a(lib_a-stdio.o)
 .debug_frame   0x0000000000000f08       0x30 /home/dragomir/MounRiver_Studio_Community_Linux_x64_V170/MRS_Community/toolchain/RISC-V Embedded GCC/bin/../lib/gcc/riscv-none-embed/8.2.0/../../../../riscv-none-embed/lib/rv32imac/ilp32/libg_nano.a(lib_a-writer.o)
 .debug_frame   0x0000000000000f38       0x30 /home/dragomir/MounRiver_Studio_Community_Linux_x64_V170/MRS_Community/toolchain/RISC-V Embedded GCC/bin/../lib/gcc/riscv-none-embed/8.2.0/../../../../riscv-none-embed/lib/rv32imac/ilp32/libg_nano.a(lib_a-closer.o)
 .debug_frame   0x0000000000000f68       0x30 /home/dragomir/MounRiver_Studio_Community_Linux_x64_V170/MRS_Community/toolchain/RISC-V Embedded GCC/bin/../lib/gcc/riscv-none-embed/8.2.0/../../../../riscv-none-embed/lib/rv32imac/ilp32/libg_nano.a(lib_a-fstatr.o)
 .debug_frame   0x0000000000000f98       0x30 /home/dragomir/MounRiver_Studio_Community_Linux_x64_V170/MRS_Community/toolchain/RISC-V Embedded GCC/bin/../lib/gcc/riscv-none-embed/8.2.0/../../../../riscv-none-embed/lib/rv32imac/ilp32/libg_nano.a(lib_a-isattyr.o)
 .debug_frame   0x0000000000000fc8       0x30 /home/dragomir/MounRiver_Studio_Community_Linux_x64_V170/MRS_Community/toolchain/RISC-V Embedded GCC/bin/../lib/gcc/riscv-none-embed/8.2.0/../../../../riscv-none-embed/lib/rv32imac/ilp32/libg_nano.a(lib_a-lseekr.o)
 .debug_frame   0x0000000000000ff8       0x20 /home/dragomir/MounRiver_Studio_Community_Linux_x64_V170/MRS_Community/toolchain/RISC-V Embedded GCC/bin/../lib/gcc/riscv-none-embed/8.2.0/../../../../riscv-none-embed/lib/rv32imac/ilp32/libg_nano.a(lib_a-memchr.o)
 .debug_frame   0x0000000000001018       0x30 /home/dragomir/MounRiver_Studio_Community_Linux_x64_V170/MRS_Community/toolchain/RISC-V Embedded GCC/bin/../lib/gcc/riscv-none-embed/8.2.0/../../../../riscv-none-embed/lib/rv32imac/ilp32/libg_nano.a(lib_a-mlock.o)
 .debug_frame   0x0000000000001048       0x30 /home/dragomir/MounRiver_Studio_Community_Linux_x64_V170/MRS_Community/toolchain/RISC-V Embedded GCC/bin/../lib/gcc/riscv-none-embed/8.2.0/../../../../riscv-none-embed/lib/rv32imac/ilp32/libg_nano.a(lib_a-readr.o)
 .debug_frame   0x0000000000001078       0x70 /home/dragomir/MounRiver_Studio_Community_Linux_x64_V170/MRS_Community/toolchain/RISC-V Embedded GCC/bin/../lib/gcc/riscv-none-embed/8.2.0/../../../../riscv-none-embed/lib/rv32imac/ilp32/libg_nano.a(lib_a-reent.o)
 .debug_frame   0x00000000000010e8       0x20 /home/dragomir/MounRiver_Studio_Community_Linux_x64_V170/MRS_Community/toolchain/RISC-V Embedded GCC/bin/../lib/gcc/riscv-none-embed/8.2.0/../../../../riscv-none-embed/lib/rv32imac/ilp32/libnosys.a(close.o)
 .debug_frame   0x0000000000001108       0x20 /home/dragomir/MounRiver_Studio_Community_Linux_x64_V170/MRS_Community/toolchain/RISC-V Embedded GCC/bin/../lib/gcc/riscv-none-embed/8.2.0/../../../../riscv-none-embed/lib/rv32imac/ilp32/libnosys.a(fstat.o)
 .debug_frame   0x0000000000001128       0x20 /home/dragomir/MounRiver_Studio_Community_Linux_x64_V170/MRS_Community/toolchain/RISC-V Embedded GCC/bin/../lib/gcc/riscv-none-embed/8.2.0/../../../../riscv-none-embed/lib/rv32imac/ilp32/libnosys.a(isatty.o)
 .debug_frame   0x0000000000001148       0x20 /home/dragomir/MounRiver_Studio_Community_Linux_x64_V170/MRS_Community/toolchain/RISC-V Embedded GCC/bin/../lib/gcc/riscv-none-embed/8.2.0/../../../../riscv-none-embed/lib/rv32imac/ilp32/libnosys.a(lseek.o)
 .debug_frame   0x0000000000001168       0x20 /home/dragomir/MounRiver_Studio_Community_Linux_x64_V170/MRS_Community/toolchain/RISC-V Embedded GCC/bin/../lib/gcc/riscv-none-embed/8.2.0/../../../../riscv-none-embed/lib/rv32imac/ilp32/libnosys.a(read.o)

.stab           0x0000000000000000       0x84
 .stab          0x0000000000000000       0x24 /home/dragomir/MounRiver_Studio_Community_Linux_x64_V170/MRS_Community/toolchain/RISC-V Embedded GCC/bin/../lib/gcc/riscv-none-embed/8.2.0/../../../../riscv-none-embed/lib/rv32imac/ilp32/libnosys.a(close.o)
 .stab          0x0000000000000024       0x18 /home/dragomir/MounRiver_Studio_Community_Linux_x64_V170/MRS_Community/toolchain/RISC-V Embedded GCC/bin/../lib/gcc/riscv-none-embed/8.2.0/../../../../riscv-none-embed/lib/rv32imac/ilp32/libnosys.a(fstat.o)
                                         0x24 (size before relaxing)
 .stab          0x000000000000003c       0x18 /home/dragomir/MounRiver_Studio_Community_Linux_x64_V170/MRS_Community/toolchain/RISC-V Embedded GCC/bin/../lib/gcc/riscv-none-embed/8.2.0/../../../../riscv-none-embed/lib/rv32imac/ilp32/libnosys.a(isatty.o)
                                         0x24 (size before relaxing)
 .stab          0x0000000000000054       0x18 /home/dragomir/MounRiver_Studio_Community_Linux_x64_V170/MRS_Community/toolchain/RISC-V Embedded GCC/bin/../lib/gcc/riscv-none-embed/8.2.0/../../../../riscv-none-embed/lib/rv32imac/ilp32/libnosys.a(lseek.o)
                                         0x24 (size before relaxing)
 .stab          0x000000000000006c       0x18 /home/dragomir/MounRiver_Studio_Community_Linux_x64_V170/MRS_Community/toolchain/RISC-V Embedded GCC/bin/../lib/gcc/riscv-none-embed/8.2.0/../../../../riscv-none-embed/lib/rv32imac/ilp32/libnosys.a(read.o)
                                         0x24 (size before relaxing)

.stabstr        0x0000000000000000      0x117
 .stabstr       0x0000000000000000      0x117 /home/dragomir/MounRiver_Studio_Community_Linux_x64_V170/MRS_Community/toolchain/RISC-V Embedded GCC/bin/../lib/gcc/riscv-none-embed/8.2.0/../../../../riscv-none-embed/lib/rv32imac/ilp32/libnosys.a(close.o)
